<html>
<body>
<pre>
<h1>µVision Build Log</h1>
<h2>Tool Versions:</h2>
IDE-Version: ¦ÌVision V5.24.2.0
Copyright (C) 2017 ARM Ltd and ARM Germany GmbH. All rights reserved.
License Information: wang vacuo, HP Inc., LIC=03C63-APQ5P-2Z2W4-F05KM-A4NUM-L2S9L
 
Tool Versions:
Toolchain:       MDK-ARM Plus  Version: 5.24.1
Toolchain Path:  C:\Keil_v5\ARM\ARMCC\Bin
C Compiler:      Armcc.exe V5.06 update 5 (build 528)
Assembler:       Armasm.exe V5.06 update 5 (build 528)
Linker/Locator:  ArmLink.exe V5.06 update 5 (build 528)
Library Manager: ArmAr.exe V5.06 update 5 (build 528)
Hex Converter:   FromElf.exe V5.06 update 5 (build 528)
CPU DLL:         SARMCM3.DLL V5.24.1
Dialog DLL:      DCM.DLL V1.16.0.0
Target DLL:      Segger\JL2CM3.dll V2.99.26.0
Dialog DLL:      TCM.DLL V1.32.0.0
 
<h2>Project:</h2>
D:\GitHub\hero-rammer\MDK-ARM\hero.uvprojx
Project File Date:  01/09/2019

<h2>Output:</h2>
*** Using Compiler 'V5.06 update 5 (build 528)', folder: 'C:\Keil_v5\ARM\ARMCC\Bin'
Build target 'hero'
compiling pid.c...
..\Control\Src\pid.c(41): warning:  #1035-D: single-precision operand implicitly converted to double-precision
  		if(pid->inte > (pid->componentKiMax)/(pid->ki+0.0001))//ï¿½Ô»ï¿½ï¿½ï¿½ï¿½ï¿½ï¿½ï¿½ï¿½ï¿½ï¿½ï¿½ï¿?
..\Control\Src\pid.c(42): warning:  #1035-D: single-precision operand implicitly converted to double-precision
  		pid->inte = (pid->componentKiMax)/(pid->ki+0.0001);
..\Control\Src\pid.c(43): warning:  #1035-D: single-precision operand implicitly converted to double-precision
  		else if (pid->inte < -(pid->componentKiMax)/(pid->ki+0.0001))
..\Control\Src\pid.c(44): warning:  #1035-D: single-precision operand implicitly converted to double-precision
  		pid->inte = -(pid->componentKiMax)/(pid->ki+0.0001);
..\Control\Src\pid.c: 4 warnings, 0 errors
linking...
Program Size: Code=19604 RO-data=644 RW-data=160 ZI-data=2936  
FromELF: creating hex file...
"hero\hero.axf" - 0 Error(s), 4 Warning(s).

<h2>Software Packages used:</h2>

Package Vendor: ARM
                http://www.keil.com/pack/ARM.CMSIS.5.0.1.pack
                ARM.CMSIS.5.0.1
                CMSIS (Cortex Microcontroller Software Interface Standard)
   * Component: CORE Version: 5.0.1

Package Vendor: Keil
                http://www.keil.com/pack/Keil.STM32F4xx_DFP.2.13.0.pack
                Keil.STM32F4xx_DFP.2.13.0
                STMicroelectronics STM32F4 Series Device Support, Drivers and Examples

<h2>Collection of Component include folders:</h2>
  .\RTE\_hero
  C:\Keil_v5\ARM\PACK\ARM\CMSIS\5.0.1\CMSIS\Include
  C:\Keil_v5\ARM\PACK\Keil\STM32F4xx_DFP\2.13.0\Drivers\CMSIS\Device\ST\STM32F4xx\Include

<h2>Collection of Component Files used:</h2>

   * Component: ARM::CMSIS:CORE:5.0.1
Build Time Elapsed:  00:00:02
</pre>
</body>
</html>
