Component: ARM Compiler 5.06 update 6 (build 750) Tool: armlink [4d35ed]

==============================================================================

Section Cross References

    startup_stm32f427xx.o(RESET) refers to startup_stm32f427xx.o(STACK) for __initial_sp
    startup_stm32f427xx.o(RESET) refers to startup_stm32f427xx.o(.text) for Reset_Handler
    startup_stm32f427xx.o(RESET) refers to stm32f4xx_it.o(i.NMI_Handler) for NMI_Handler
    startup_stm32f427xx.o(RESET) refers to stm32f4xx_it.o(i.HardFault_Handler) for HardFault_Handler
    startup_stm32f427xx.o(RESET) refers to stm32f4xx_it.o(i.MemManage_Handler) for MemManage_Handler
    startup_stm32f427xx.o(RESET) refers to stm32f4xx_it.o(i.BusFault_Handler) for BusFault_Handler
    startup_stm32f427xx.o(RESET) refers to stm32f4xx_it.o(i.UsageFault_Handler) for UsageFault_Handler
    startup_stm32f427xx.o(RESET) refers to stm32f4xx_it.o(i.SVC_Handler) for SVC_Handler
    startup_stm32f427xx.o(RESET) refers to stm32f4xx_it.o(i.DebugMon_Handler) for DebugMon_Handler
    startup_stm32f427xx.o(RESET) refers to stm32f4xx_it.o(i.PendSV_Handler) for PendSV_Handler
    startup_stm32f427xx.o(RESET) refers to stm32f4xx_it.o(i.SysTick_Handler) for SysTick_Handler
    startup_stm32f427xx.o(RESET) refers to stm32f4xx_it.o(i.ADC_IRQHandler) for ADC_IRQHandler
    startup_stm32f427xx.o(RESET) refers to stm32f4xx_it.o(i.CAN1_TX_IRQHandler) for CAN1_TX_IRQHandler
    startup_stm32f427xx.o(RESET) refers to stm32f4xx_it.o(i.CAN1_RX0_IRQHandler) for CAN1_RX0_IRQHandler
    startup_stm32f427xx.o(RESET) refers to stm32f4xx_it.o(i.USART2_IRQHandler) for USART2_IRQHandler
    startup_stm32f427xx.o(RESET) refers to stm32f4xx_it.o(i.UART4_IRQHandler) for UART4_IRQHandler
    startup_stm32f427xx.o(RESET) refers to stm32f4xx_it.o(i.TIM6_DAC_IRQHandler) for TIM6_DAC_IRQHandler
    startup_stm32f427xx.o(RESET) refers to stm32f4xx_it.o(i.DMA2_Stream2_IRQHandler) for DMA2_Stream2_IRQHandler
    startup_stm32f427xx.o(RESET) refers to stm32f4xx_it.o(i.USART6_IRQHandler) for USART6_IRQHandler
    startup_stm32f427xx.o(.text) refers to system_stm32f4xx.o(i.SystemInit) for SystemInit
    startup_stm32f427xx.o(.text) refers to entry.o(.ARM.Collect$$$$00000000) for __main
    main.o(i.SystemClock_Config) refers to stm32f4xx_hal_rcc.o(i.HAL_RCC_OscConfig) for HAL_RCC_OscConfig
    main.o(i.SystemClock_Config) refers to stm32f4xx_hal_pwr_ex.o(i.HAL_PWREx_EnableOverDrive) for HAL_PWREx_EnableOverDrive
    main.o(i.SystemClock_Config) refers to stm32f4xx_hal_rcc.o(i.HAL_RCC_ClockConfig) for HAL_RCC_ClockConfig
    main.o(i.SystemClock_Config) refers to stm32f4xx_hal_rcc.o(i.HAL_RCC_GetHCLKFreq) for HAL_RCC_GetHCLKFreq
    main.o(i.SystemClock_Config) refers to stm32f4xx_hal_cortex.o(i.HAL_SYSTICK_Config) for HAL_SYSTICK_Config
    main.o(i.SystemClock_Config) refers to stm32f4xx_hal_cortex.o(i.HAL_SYSTICK_CLKSourceConfig) for HAL_SYSTICK_CLKSourceConfig
    main.o(i.SystemClock_Config) refers to stm32f4xx_hal_cortex.o(i.HAL_NVIC_SetPriority) for HAL_NVIC_SetPriority
    main.o(i.main) refers to stm32f4xx_hal.o(i.HAL_Init) for HAL_Init
    main.o(i.main) refers to main.o(i.SystemClock_Config) for SystemClock_Config
    main.o(i.main) refers to control.o(i.para_init) for para_init
    main.o(i.main) refers to gpio.o(i.MX_GPIO_Init) for MX_GPIO_Init
    main.o(i.main) refers to dma.o(i.MX_DMA_Init) for MX_DMA_Init
    main.o(i.main) refers to can.o(i.MX_CAN1_Init) for MX_CAN1_Init
    main.o(i.main) refers to tim.o(i.MX_TIM4_Init) for MX_TIM4_Init
    main.o(i.main) refers to tim.o(i.MX_TIM6_Init) for MX_TIM6_Init
    main.o(i.main) refers to usart.o(i.MX_UART4_Init) for MX_UART4_Init
    main.o(i.main) refers to usart.o(i.MX_USART1_UART_Init) for MX_USART1_UART_Init
    main.o(i.main) refers to usart.o(i.MX_USART6_UART_Init) for MX_USART6_UART_Init
    main.o(i.main) refers to usart.o(i.MX_USART2_UART_Init) for MX_USART2_UART_Init
    main.o(i.main) refers to tim.o(i.MX_TIM1_Init) for MX_TIM1_Init
    main.o(i.main) refers to tim.o(i.MX_TIM5_Init) for MX_TIM5_Init
    main.o(i.main) refers to tim.o(i.MX_TIM12_Init) for MX_TIM12_Init
    main.o(i.main) refers to adc.o(i.MX_ADC3_Init) for MX_ADC3_Init
    main.o(i.main) refers to stm32f4xx_hal_cortex.o(i.HAL_NVIC_SetPriority) for HAL_NVIC_SetPriority
    main.o(i.main) refers to stm32f4xx_hal_cortex.o(i.HAL_NVIC_EnableIRQ) for HAL_NVIC_EnableIRQ
    main.o(i.main) refers to stm32f4xx_hal_uart.o(i.HAL_UART_Receive_DMA) for HAL_UART_Receive_DMA
    main.o(i.main) refers to stm32f4xx_hal_tim.o(i.HAL_TIM_Base_Start_IT) for HAL_TIM_Base_Start_IT
    main.o(i.main) refers to can_my.o(i.CAN1_Init) for CAN1_Init
    main.o(i.main) refers to stm32f4xx_hal_gpio.o(i.HAL_GPIO_WritePin) for HAL_GPIO_WritePin
    main.o(i.main) refers to stm32f4xx_hal.o(i.HAL_Delay) for HAL_Delay
    main.o(i.main) refers to mpu6050.o(i.MPU6050_Init) for MPU6050_Init
    main.o(i.main) refers to stm32f4xx_hal_tim.o(i.HAL_TIM_Base_Start) for HAL_TIM_Base_Start
[...]
    i.HAL_TIM_Base_Start                     0x08002924   Section        0  stm32f4xx_hal_tim.o(i.HAL_TIM_Base_Start)
    i.HAL_TIM_Base_Start_IT                  0x0800293e   Section        0  stm32f4xx_hal_tim.o(i.HAL_TIM_Base_Start_IT)
    i.HAL_TIM_ConfigClockSource              0x08002956   Section        0  stm32f4xx_hal_tim.o(i.HAL_TIM_ConfigClockSource)
    i.HAL_TIM_IC_CaptureCallback             0x08002a48   Section        0  stm32f4xx_hal_tim.o(i.HAL_TIM_IC_CaptureCallback)
    i.HAL_TIM_IRQHandler                     0x08002a4a   Section        0  stm32f4xx_hal_tim.o(i.HAL_TIM_IRQHandler)
    i.HAL_TIM_MspPostInit                    0x08002bb0   Section        0  tim.o(i.HAL_TIM_MspPostInit)
    i.HAL_TIM_OC_DelayElapsedCallback        0x08002c40   Section        0  stm32f4xx_hal_tim.o(i.HAL_TIM_OC_DelayElapsedCallback)
    i.HAL_TIM_PWM_ConfigChannel              0x08002c42   Section        0  stm32f4xx_hal_tim.o(i.HAL_TIM_PWM_ConfigChannel)
    i.HAL_TIM_PWM_Init                       0x08002d12   Section        0  stm32f4xx_hal_tim.o(i.HAL_TIM_PWM_Init)
    i.HAL_TIM_PWM_MspInit                    0x08002d48   Section        0  stm32f4xx_hal_tim.o(i.HAL_TIM_PWM_MspInit)
    i.HAL_TIM_PWM_PulseFinishedCallback      0x08002d4a   Section        0  stm32f4xx_hal_tim.o(i.HAL_TIM_PWM_PulseFinishedCallback)
    i.HAL_TIM_PWM_Start                      0x08002d4c   Section        0  stm32f4xx_hal_tim.o(i.HAL_TIM_PWM_Start)
    i.HAL_TIM_PeriodElapsedCallback          0x08002d84   Section        0  stm32f4xx_hal_tim.o(i.HAL_TIM_PeriodElapsedCallback)
    i.HAL_TIM_TriggerCallback                0x08002d86   Section        0  stm32f4xx_hal_tim.o(i.HAL_TIM_TriggerCallback)
    i.HAL_UART_ErrorCallback                 0x08002d88   Section        0  usart_my.o(i.HAL_UART_ErrorCallback)
    i.HAL_UART_GetState                      0x08002da8   Section        0  stm32f4xx_hal_uart.o(i.HAL_UART_GetState)
    i.HAL_UART_IRQHandler                    0x08002db4   Section        0  stm32f4xx_hal_uart.o(i.HAL_UART_IRQHandler)
    i.HAL_UART_Init                          0x08002ec4   Section        0  stm32f4xx_hal_uart.o(i.HAL_UART_Init)
    i.HAL_UART_MspInit                       0x08002f28   Section        0  usart.o(i.HAL_UART_MspInit)
    i.HAL_UART_Receive_DMA                   0x080030a8   Section        0  stm32f4xx_hal_uart.o(i.HAL_UART_Receive_DMA)
    i.HAL_UART_Receive_IT                    0x08003140   Section        0  stm32f4xx_hal_uart.o(i.HAL_UART_Receive_IT)
    i.HAL_UART_RxCpltCallback                0x08003188   Section        0  usart_my.o(i.HAL_UART_RxCpltCallback)
    i.HAL_UART_RxHalfCpltCallback            0x080034cc   Section        0  stm32f4xx_hal_uart.o(i.HAL_UART_RxHalfCpltCallback)
    i.HAL_UART_Transmit                      0x080034ce   Section        0  stm32f4xx_hal_uart.o(i.HAL_UART_Transmit)
    i.HAL_UART_TxCpltCallback                0x08003588   Section        0  stm32f4xx_hal_uart.o(i.HAL_UART_TxCpltCallback)
    i.HardFault_Handler                      0x0800358a   Section        0  stm32f4xx_it.o(i.HardFault_Handler)
    i.IIC_Ack                                0x0800358c   Section        0  myiic.o(i.IIC_Ack)
    i.IIC_Init                               0x080035cc   Section        0  myiic.o(i.IIC_Init)
    i.IIC_NAck                               0x080035e0   Section        0  myiic.o(i.IIC_NAck)
    i.IIC_Read_Byte                          0x08003620   Section        0  myiic.o(i.IIC_Read_Byte)
    i.IIC_Send_Byte                          0x08003688   Section        0  myiic.o(i.IIC_Send_Byte)
    i.IIC_Start                              0x080036e8   Section        0  myiic.o(i.IIC_Start)
    i.IIC_Stop                               0x08003728   Section        0  myiic.o(i.IIC_Stop)
    i.IIC_Wait_Ack                           0x0800376c   Section        0  myiic.o(i.IIC_Wait_Ack)
    i.Judge_Getdata                          0x080037c0   Section        0  control.o(i.Judge_Getdata)
    i.MPU6050_GetData                        0x08003814   Section        0  mpu6050.o(i.MPU6050_GetData)
    i.MPU6050_Init                           0x08003890   Section        0  mpu6050.o(i.MPU6050_Init)
    i.MPU_Get_Accelerometer                  0x0800390a   Section        0  mpu6050.o(i.MPU_Get_Accelerometer)
    i.MPU_Get_Gyroscope                      0x0800393c   Section        0  mpu6050.o(i.MPU_Get_Gyroscope)
    i.MPU_Read_Byte                          0x0800396e   Section        0  mpu6050.o(i.MPU_Read_Byte)
    i.MPU_Read_Len                           0x080039a8   Section        0  mpu6050.o(i.MPU_Read_Len)
    i.MPU_Set_Accel_Fsr                      0x08003a14   Section        0  mpu6050.o(i.MPU_Set_Accel_Fsr)
    i.MPU_Set_Gyro_Fsr                       0x08003a1e   Section        0  mpu6050.o(i.MPU_Set_Gyro_Fsr)
    i.MPU_Set_LPF                            0x08003a28   Section        0  mpu6050.o(i.MPU_Set_LPF)
    i.MPU_Set_Rate                           0x08003a5e   Section        0  mpu6050.o(i.MPU_Set_Rate)
    i.MPU_Write_Byte                         0x08003a8c   Section        0  mpu6050.o(i.MPU_Write_Byte)
    i.MX_ADC3_Init                           0x08003ac8   Section        0  adc.o(i.MX_ADC3_Init)
    i.MX_CAN1_Init                           0x08003b3c   Section        0  can.o(i.MX_CAN1_Init)
    i.MX_DMA_Init                            0x08003b94   Section        0  dma.o(i.MX_DMA_Init)
    i.MX_GPIO_Init                           0x08003bc0   Section        0  gpio.o(i.MX_GPIO_Init)
    i.MX_TIM12_Init                          0x08003cb0   Section        0  tim.o(i.MX_TIM12_Init)
    i.MX_TIM1_Init                           0x08003d10   Section        0  tim.o(i.MX_TIM1_Init)
    i.MX_TIM4_Init                           0x08003e28   Section        0  tim.o(i.MX_TIM4_Init)
    i.MX_TIM5_Init                           0x08003ed4   Section        0  tim.o(i.MX_TIM5_Init)
    i.MX_TIM6_Init                           0x08003f94   Section        0  tim.o(i.MX_TIM6_Init)
    i.MX_UART4_Init                          0x08003fec   Section        0  usart.o(i.MX_UART4_Init)
    i.MX_USART1_UART_Init                    0x08004038   Section        0  usart.o(i.MX_USART1_UART_Init)
    i.MX_USART2_UART_Init                    0x08004088   Section        0  usart.o(i.MX_USART2_UART_Init)
    i.MX_USART6_UART_Init                    0x080040d8   Section        0  usart.o(i.MX_USART6_UART_Init)
    i.MemManage_Handler                      0x08004128   Section        0  stm32f4xx_it.o(i.MemManage_Handler)
    i.NMI_Handler                            0x0800412a   Section        0  stm32f4xx_it.o(i.NMI_Handler)
    i.PID_Calc                               0x0800412c   Section        0  pid.o(i.PID_Calc)
    i.PID_Init                               0x0800420c   Section        0  pid.o(i.PID_Init)
    i.PendSV_Handler                         0x08004230   Section        0  stm32f4xx_it.o(i.PendSV_Handler)
    i.PowerControl                           0x08004234   Section        0  control.o(i.PowerControl)
    i.Rammer_motor_output                    0x0800430c   Section        0  can_my.o(i.Rammer_motor_output)
    i.Rammer_pid                             0x08004350   Section        0  pid.o(i.Rammer_pid)
    i.SVC_Handler                            0x08004418   Section        0  stm32f4xx_it.o(i.SVC_Handler)
    i.SysTick_Handler                        0x0800441a   Section        0  stm32f4xx_it.o(i.SysTick_Handler)
    i.SystemClock_Config                     0x08004428   Section        0  main.o(i.SystemClock_Config)
    i.SystemInit                             0x080044d0   Section        0  system_stm32f4xx.o(i.SystemInit)
    i.TIM6_DAC_IRQHandler                    0x08004524   Section        0  stm32f4xx_it.o(i.TIM6_DAC_IRQHandler)
    i.TIM_Base_SetConfig                     0x08004538   Section        0  stm32f4xx_hal_tim.o(i.TIM_Base_SetConfig)
    i.TIM_CCxChannelCmd                      0x080045f8   Section        0  stm32f4xx_hal_tim.o(i.TIM_CCxChannelCmd)
    i.TIM_ETR_SetConfig                      0x0800460e   Section        0  stm32f4xx_hal_tim.o(i.TIM_ETR_SetConfig)
    TIM_ETR_SetConfig                        0x0800460f   Thumb Code    20  stm32f4xx_hal_tim.o(i.TIM_ETR_SetConfig)
    i.TIM_ITRx_SetConfig                     0x08004622   Section        0  stm32f4xx_hal_tim.o(i.TIM_ITRx_SetConfig)
    TIM_ITRx_SetConfig                       0x08004623   Thumb Code    16  stm32f4xx_hal_tim.o(i.TIM_ITRx_SetConfig)
    i.TIM_OC1_SetConfig                      0x08004634   Section        0  stm32f4xx_hal_tim.o(i.TIM_OC1_SetConfig)
    TIM_OC1_SetConfig                        0x08004635   Thumb Code    80  stm32f4xx_hal_tim.o(i.TIM_OC1_SetConfig)
    i.TIM_OC2_SetConfig                      0x0800468c   Section        0  stm32f4xx_hal_tim.o(i.TIM_OC2_SetConfig)
    i.TIM_OC3_SetConfig                      0x080046f0   Section        0  stm32f4xx_hal_tim.o(i.TIM_OC3_SetConfig)
    TIM_OC3_SetConfig                        0x080046f1   Thumb Code    88  stm32f4xx_hal_tim.o(i.TIM_OC3_SetConfig)
    i.TIM_OC4_SetConfig                      0x08004750   Section        0  stm32f4xx_hal_tim.o(i.TIM_OC4_SetConfig)
    TIM_OC4_SetConfig                        0x08004751   Thumb Code    70  stm32f4xx_hal_tim.o(i.TIM_OC4_SetConfig)
    i.TIM_TI1_ConfigInputStage               0x080047a0   Section        0  stm32f4xx_hal_tim.o(i.TIM_TI1_ConfigInputStage)
    TIM_TI1_ConfigInputStage                 0x080047a1   Thumb Code    34  stm32f4xx_hal_tim.o(i.TIM_TI1_ConfigInputStage)
    i.TIM_TI2_ConfigInputStage               0x080047c2   Section        0  stm32f4xx_hal_tim.o(i.TIM_TI2_ConfigInputStage)
    TIM_TI2_ConfigInputStage                 0x080047c3   Thumb Code    36  stm32f4xx_hal_tim.o(i.TIM_TI2_ConfigInputStage)
    i.Timer_interrupt                        0x080047e8   Section        0  timer.o(i.Timer_interrupt)
    i.UART4_IRQHandler                       0x0800493c   Section        0  stm32f4xx_it.o(i.UART4_IRQHandler)
    i.UART_DMAAbortOnError                   0x08004984   Section        0  stm32f4xx_hal_uart.o(i.UART_DMAAbortOnError)
    UART_DMAAbortOnError                     0x08004985   Thumb Code    16  stm32f4xx_hal_uart.o(i.UART_DMAAbortOnError)
    i.UART_DMAError                          0x08004994   Section        0  stm32f4xx_hal_uart.o(i.UART_DMAError)
    UART_DMAError                            0x08004995   Thumb Code    74  stm32f4xx_hal_uart.o(i.UART_DMAError)
    i.UART_DMAReceiveCplt                    0x080049de   Section        0  stm32f4xx_hal_uart.o(i.UART_DMAReceiveCplt)
    UART_DMAReceiveCplt                      0x080049df   Thumb Code    60  stm32f4xx_hal_uart.o(i.UART_DMAReceiveCplt)
    i.UART_DMARxHalfCplt                     0x08004a1a   Section        0  stm32f4xx_hal_uart.o(i.UART_DMARxHalfCplt)
    UART_DMARxHalfCplt                       0x08004a1b   Thumb Code    10  stm32f4xx_hal_uart.o(i.UART_DMARxHalfCplt)
    i.UART_EndRxTransfer                     0x08004a24   Section        0  stm32f4xx_hal_uart.o(i.UART_EndRxTransfer)
    UART_EndRxTransfer                       0x08004a25   Thumb Code    28  stm32f4xx_hal_uart.o(i.UART_EndRxTransfer)
    i.UART_EndTxTransfer                     0x08004a40   Section        0  stm32f4xx_hal_uart.o(i.UART_EndTxTransfer)
    UART_EndTxTransfer                       0x08004a41   Thumb Code    18  stm32f4xx_hal_uart.o(i.UART_EndTxTransfer)
    i.UART_Receive_IT                        0x08004a52   Section        0  stm32f4xx_hal_uart.o(i.UART_Receive_IT)
    UART_Receive_IT                          0x08004a53   Thumb Code   140  stm32f4xx_hal_uart.o(i.UART_Receive_IT)
    i.UART_SetConfig                         0x08004ae0   Section        0  stm32f4xx_hal_uart.o(i.UART_SetConfig)
    UART_SetConfig                           0x08004ae1   Thumb Code   676  stm32f4xx_hal_uart.o(i.UART_SetConfig)
    i.UART_Transmit_IT                       0x08004d8c   Section        0  stm32f4xx_hal_uart.o(i.UART_Transmit_IT)
    UART_Transmit_IT                         0x08004d8d   Thumb Code    98  stm32f4xx_hal_uart.o(i.UART_Transmit_IT)
    i.UART_WaitOnFlagUntilTimeout            0x08004dee   Section        0  stm32f4xx_hal_uart.o(i.UART_WaitOnFlagUntilTimeout)
    UART_WaitOnFlagUntilTimeout              0x08004def   Thumb Code   100  stm32f4xx_hal_uart.o(i.UART_WaitOnFlagUntilTimeout)
    i.USART2_IRQHandler                      0x08004e54   Section        0  stm32f4xx_it.o(i.USART2_IRQHandler)
    i.USART6_IRQHandler                      0x08004e9c   Section        0  stm32f4xx_it.o(i.USART6_IRQHandler)
    i.Underpan_motor_output                  0x08004ee8   Section        0  can_my.o(i.Underpan_motor_output)
    i.Underpan_pid                           0x08004f30   Section        0  pid.o(i.Underpan_pid)
    i.UsageFault_Handler                     0x0800509c   Section        0  stm32f4xx_it.o(i.UsageFault_Handler)
    i._Error_Handler                         0x0800509e   Section        0  main.o(i._Error_Handler)
    i.__ARM_fpclassify                       0x080050a0   Section        0  fpclassify.o(i.__ARM_fpclassify)
    i.__NVIC_SetPriority                     0x080050d0   Section        0  stm32f4xx_hal_cortex.o(i.__NVIC_SetPriority)
    __NVIC_SetPriority                       0x080050d1   Thumb Code    32  stm32f4xx_hal_cortex.o(i.__NVIC_SetPriority)
    i.__hardfp_atan                          0x080050f0   Section        0  atan.o(i.__hardfp_atan)
    i.__kernel_poly                          0x080053c8   Section        0  poly.o(i.__kernel_poly)
    i.__mathlib_dbl_infnan                   0x080054c0   Section        0  dunder.o(i.__mathlib_dbl_infnan)
    i.__mathlib_dbl_underflow                0x080054d8   Section        0  dunder.o(i.__mathlib_dbl_underflow)
    i.__scatterload_copy                     0x080054f8   Section       14  handlers.o(i.__scatterload_copy)
    i.__scatterload_null                     0x08005506   Section        2  handlers.o(i.__scatterload_null)
    i.__scatterload_zeroinit                 0x08005508   Section       14  handlers.o(i.__scatterload_zeroinit)
    i.delay_us                               0x08005518   Section        0  delay.o(i.delay_us)
    i.fabs                                   0x0800554c   Section        0  fabs.o(i.fabs)
    i.main                                   0x08005564   Section        0  main.o(i.main)
    i.para_init                              0x08005728   Section        0  control.o(i.para_init)
    i.sendware                               0x08005744   Section        0  usart_my.o(i.sendware)
    i.telecontroller_data                    0x0800578c   Section        0  control.o(i.telecontroller_data)
    .constdata                               0x0800588c   Section       16  system_stm32f4xx.o(.constdata)
    .constdata                               0x0800589c   Section        8  system_stm32f4xx.o(.constdata)
    .constdata                               0x080058a4   Section        8  stm32f4xx_hal_dma.o(.constdata)
    flagBitshiftOffset                       0x080058a4   Data           8  stm32f4xx_hal_dma.o(.constdata)
    .constdata                               0x080058b0   Section      152  atan.o(.constdata)
    atanhi                                   0x080058b0   Data          32  atan.o(.constdata)
    atanlo                                   0x080058d0   Data          32  atan.o(.constdata)
    aTodd                                    0x080058f0   Data          40  atan.o(.constdata)
    aTeven                                   0x08005918   Data          48  atan.o(.constdata)
    .data                                    0x20000000   Section        4  adc.o(.data)
    cnt                                      0x20000000   Data           1  adc.o(.data)
    temp                                     0x20000002   Data           2  adc.o(.data)
    .data                                    0x20000004   Section       12  stm32f4xx_it.o(.data)
    aData                                    0x20000008   Data           8  stm32f4xx_it.o(.data)
    .data                                    0x20000010   Section        4  system_stm32f4xx.o(.data)
    .data                                    0x20000014   Section       12  can_my.o(.data)
    .data                                    0x20000020   Section       24  control.o(.data)
    status                                   0x20000021   Data           1  control.o(.data)
    cnt                                      0x20000022   Data           1  control.o(.data)
    .data                                    0x20000038   Section        4  timer.o(.data)
    .data                                    0x20000040   Section       16  usart_my.o(.data)
    .data                                    0x20000050   Section        1  delay.o(.data)
    fac_us                                   0x20000050   Data           1  delay.o(.data)
    .data                                    0x20000058   Section       80  filter.o(.data)
    .data                                    0x200000a8   Section       12  stm32f4xx_hal.o(.data)
    .bss                                     0x200000b4   Section       72  adc.o(.bss)
    .bss                                     0x200000fc   Section       40  can.o(.bss)
    .bss                                     0x20000124   Section      300  tim.o(.bss)
    .bss                                     0x20000250   Section      352  usart.o(.bss)
    .bss                                     0x200003b0   Section       24  can_my.o(.bss)
    .bss                                     0x200003c8   Section       28  can_my.o(.bss)
    .bss                                     0x200003e4   Section       84  control.o(.bss)
    .bss                                     0x20000438   Section       12  control.o(.bss)
    .bss                                     0x20000444   Section       12  control.o(.bss)
    .bss                                     0x20000450   Section       14  control.o(.bss)
    .bss                                     0x2000045e   Section       14  control.o(.bss)
    .bss                                     0x2000046c   Section       14  control.o(.bss)
    .bss                                     0x2000047a   Section       10  control.o(.bss)
    .bss                                     0x20000484   Section       28  control.o(.bss)
    .bss                                     0x200004a0   Section      800  pid.o(.bss)
    .bss                                     0x200007c0   Section       10  usart_my.o(.bss)
    .bss                                     0x200007cc   Section      124  mpu6050.o(.bss)
    .bss                                     0x20000848   Section       96  filter.o(.bss)
    .bss                                     0x200008a8   Section       96  filter.o(.bss)
    STACK                                    0x20000908   Section     1024  startup_stm32f427xx.o(STACK)

    Global Symbols

    Symbol Name                              Value     Ov Type        Size  Object(Section)

    BuildAttributes$$THM_ISAv4$E$P$D$K$B$S$7EM$VFPi3$EXTD16$VFPS$VFMA$PE$A:L22UL41UL21$X:L11$S22US41US21$IEEE1$IW$USESV6$~STKCKD$USESV7$~SHL$OTIME$ROPI$IEEEX$EBA8$MICROLIB$REQ8$PRES8$EABIv2 0x00000000   Number         0  anon$$obj.o ABSOLUTE
    __ARM_use_no_argv                        0x00000000   Number         0  main.o ABSOLUTE
    __cpp_initialize__aeabi_                  - Undefined Weak Reference
    __cxa_finalize                            - Undefined Weak Reference
    __decompress                              - Undefined Weak Reference
    _clock_init                               - Undefined Weak Reference
    _microlib_exit                            - Undefined Weak Reference
    __Vectors_Size                           0x000001ac   Number         0  startup_stm32f427xx.o ABSOLUTE
    __Vectors                                0x08000000   Data           4  startup_stm32f427xx.o(RESET)
    __Vectors_End                            0x080001ac   Data           0  startup_stm32f427xx.o(RESET)
    __main                                   0x080001ad   Thumb Code     0  entry.o(.ARM.Collect$$$$00000000)
    _main_stk                                0x080001ad   Thumb Code     0  entry2.o(.ARM.Collect$$$$00000001)
    _main_scatterload                        0x080001b1   Thumb Code     0  entry5.o(.ARM.Collect$$$$00000004)
    __main_after_scatterload                 0x080001b5   Thumb Code     0  entry5.o(.ARM.Collect$$$$00000004)
    _main_clock                              0x080001b5   Thumb Code     0  entry7b.o(.ARM.Collect$$$$00000008)
    _main_cpp_init                           0x080001b5   Thumb Code     0  entry8b.o(.ARM.Collect$$$$0000000A)
    _main_init                               0x080001b5   Thumb Code     0  entry9a.o(.ARM.Collect$$$$0000000B)
    __rt_final_cpp                           0x080001bd   Thumb Code     0  entry10a.o(.ARM.Collect$$$$0000000D)
    __rt_final_exit                          0x080001bd   Thumb Code     0  entry11a.o(.ARM.Collect$$$$0000000F)
    Reset_Handler                            0x080001c1   Thumb Code     8  startup_stm32f427xx.o(.text)
    CAN1_RX1_IRQHandler                      0x080001db   Thumb Code     0  startup_stm32f427xx.o(.text)
    CAN1_SCE_IRQHandler                      0x080001db   Thumb Code     0  startup_stm32f427xx.o(.text)
    CAN2_RX0_IRQHandler                      0x080001db   Thumb Code     0  startup_stm32f427xx.o(.text)
    CAN2_RX1_IRQHandler                      0x080001db   Thumb Code     0  startup_stm32f427xx.o(.text)
    CAN2_SCE_IRQHandler                      0x080001db   Thumb Code     0  startup_stm32f427xx.o(.text)
    CAN2_TX_IRQHandler                       0x080001db   Thumb Code     0  startup_stm32f427xx.o(.text)
    DCMI_IRQHandler                          0x080001db   Thumb Code     0  startup_stm32f427xx.o(.text)
    DMA1_Stream0_IRQHandler                  0x080001db   Thumb Code     0  startup_stm32f427xx.o(.text)
    DMA1_Stream1_IRQHandler                  0x080001db   Thumb Code     0  startup_stm32f427xx.o(.text)
    DMA1_Stream2_IRQHandler                  0x080001db   Thumb Code     0  startup_stm32f427xx.o(.text)
    DMA1_Stream3_IRQHandler                  0x080001db   Thumb Code     0  startup_stm32f427xx.o(.text)
    DMA1_Stream4_IRQHandler                  0x080001db   Thumb Code     0  startup_stm32f427xx.o(.text)
    DMA1_Stream5_IRQHandler                  0x080001db   Thumb Code     0  startup_stm32f427xx.o(.text)
    DMA1_Stream6_IRQHandler                  0x080001db   Thumb Code     0  startup_stm32f427xx.o(.text)
    DMA1_Stream7_IRQHandler                  0x080001db   Thumb Code     0  startup_stm32f427xx.o(.text)
    DMA2D_IRQHandler                         0x080001db   Thumb Code     0  startup_stm32f427xx.o(.text)
    DMA2_Stream0_IRQHandler                  0x080001db   Thumb Code     0  startup_stm32f427xx.o(.text)
    DMA2_Stream1_IRQHandler                  0x080001db   Thumb Code     0  startup_stm32f427xx.o(.text)
    DMA2_Stream3_IRQHandler                  0x080001db   Thumb Code     0  startup_stm32f427xx.o(.text)
    DMA2_Stream4_IRQHandler                  0x080001db   Thumb Code     0  startup_stm32f427xx.o(.text)
    DMA2_Stream5_IRQHandler                  0x080001db   Thumb Code     0  startup_stm32f427xx.o(.text)
    DMA2_Stream6_IRQHandler                  0x080001db   Thumb Code     0  startup_stm32f427xx.o(.text)
    DMA2_Stream7_IRQHandler                  0x080001db   Thumb Code     0  startup_stm32f427xx.o(.text)
    ETH_IRQHandler                           0x080001db   Thumb Code     0  startup_stm32f427xx.o(.text)
    ETH_WKUP_IRQHandler                      0x080001db   Thumb Code     0  startup_stm32f427xx.o(.text)
    EXTI0_IRQHandler                         0x080001db   Thumb Code     0  startup_stm32f427xx.o(.text)
    EXTI15_10_IRQHandler                     0x080001db   Thumb Code     0  startup_stm32f427xx.o(.text)
    EXTI1_IRQHandler                         0x080001db   Thumb Code     0  startup_stm32f427xx.o(.text)
    EXTI2_IRQHandler                         0x080001db   Thumb Code     0  startup_stm32f427xx.o(.text)
    EXTI3_IRQHandler                         0x080001db   Thumb Code     0  startup_stm32f427xx.o(.text)
    EXTI4_IRQHandler                         0x080001db   Thumb Code     0  startup_stm32f427xx.o(.text)
    EXTI9_5_IRQHandler                       0x080001db   Thumb Code     0  startup_stm32f427xx.o(.text)
    FLASH_IRQHandler                         0x080001db   Thumb Code     0  startup_stm32f427xx.o(.text)
    FMC_IRQHandler                           0x080001db   Thumb Code     0  startup_stm32f427xx.o(.text)
    FPU_IRQHandler                           0x080001db   Thumb Code     0  startup_stm32f427xx.o(.text)
    HASH_RNG_IRQHandler                      0x080001db   Thumb Code     0  startup_stm32f427xx.o(.text)
    I2C1_ER_IRQHandler                       0x080001db   Thumb Code     0  startup_stm32f427xx.o(.text)
    I2C1_EV_IRQHandler                       0x080001db   Thumb Code     0  startup_stm32f427xx.o(.text)
    I2C2_ER_IRQHandler                       0x080001db   Thumb Code     0  startup_stm32f427xx.o(.text)
    I2C2_EV_IRQHandler                       0x080001db   Thumb Code     0  startup_stm32f427xx.o(.text)
    I2C3_ER_IRQHandler                       0x080001db   Thumb Code     0  startup_stm32f427xx.o(.text)
    I2C3_EV_IRQHandler                       0x080001db   Thumb Code     0  startup_stm32f427xx.o(.text)
    OTG_FS_IRQHandler                        0x080001db   Thumb Code     0  startup_stm32f427xx.o(.text)
    OTG_FS_WKUP_IRQHandler                   0x080001db   Thumb Code     0  startup_stm32f427xx.o(.text)
    OTG_HS_EP1_IN_IRQHandler                 0x080001db   Thumb Code     0  startup_stm32f427xx.o(.text)
    OTG_HS_EP1_OUT_IRQHandler                0x080001db   Thumb Code     0  startup_stm32f427xx.o(.text)
    OTG_HS_IRQHandler                        0x080001db   Thumb Code     0  startup_stm32f427xx.o(.text)
    OTG_HS_WKUP_IRQHandler                   0x080001db   Thumb Code     0  startup_stm32f427xx.o(.text)
    PVD_IRQHandler                           0x080001db   Thumb Code     0  startup_stm32f427xx.o(.text)
    RCC_IRQHandler                           0x080001db   Thumb Code     0  startup_stm32f427xx.o(.text)
    RTC_Alarm_IRQHandler                     0x080001db   Thumb Code     0  startup_stm32f427xx.o(.text)
    RTC_WKUP_IRQHandler                      0x080001db   Thumb Code     0  startup_stm32f427xx.o(.text)
    SAI1_IRQHandler                          0x080001db   Thumb Code     0  startup_stm32f427xx.o(.text)
    SDIO_IRQHandler                          0x080001db   Thumb Code     0  startup_stm32f427xx.o(.text)
    SPI1_IRQHandler                          0x080001db   Thumb Code     0  startup_stm32f427xx.o(.text)
    SPI2_IRQHandler                          0x080001db   Thumb Code     0  startup_stm32f427xx.o(.text)
    SPI3_IRQHandler                          0x080001db   Thumb Code     0  startup_stm32f427xx.o(.text)
    SPI4_IRQHandler                          0x080001db   Thumb Code     0  startup_stm32f427xx.o(.text)
    SPI5_IRQHandler                          0x080001db   Thumb Code     0  startup_stm32f427xx.o(.text)
    SPI6_IRQHandler                          0x080001db   Thumb Code     0  startup_stm32f427xx.o(.text)
    TAMP_STAMP_IRQHandler                    0x080001db   Thumb Code     0  startup_stm32f427xx.o(.text)
    TIM1_BRK_TIM9_IRQHandler                 0x080001db   Thumb Code     0  startup_stm32f427xx.o(.text)
    TIM1_CC_IRQHandler                       0x080001db   Thumb Code     0  startup_stm32f427xx.o(.text)
    TIM1_TRG_COM_TIM11_IRQHandler            0x080001db   Thumb Code     0  startup_stm32f427xx.o(.text)
    TIM1_UP_TIM10_IRQHandler                 0x080001db   Thumb Code     0  startup_stm32f427xx.o(.text)
    TIM2_IRQHandler                          0x080001db   Thumb Code     0  startup_stm32f427xx.o(.text)
    TIM3_IRQHandler                          0x080001db   Thumb Code     0  startup_stm32f427xx.o(.text)
    TIM4_IRQHandler                          0x080001db   Thumb Code     0  startup_stm32f427xx.o(.text)
    TIM5_IRQHandler                          0x080001db   Thumb Code     0  startup_stm32f427xx.o(.text)
    TIM7_IRQHandler                          0x080001db   Thumb Code     0  startup_stm32f427xx.o(.text)
    TIM8_BRK_TIM12_IRQHandler                0x080001db   Thumb Code     0  startup_stm32f427xx.o(.text)
    TIM8_CC_IRQHandler                       0x080001db   Thumb Code     0  startup_stm32f427xx.o(.text)
    TIM8_TRG_COM_TIM14_IRQHandler            0x080001db   Thumb Code     0  startup_stm32f427xx.o(.text)
    TIM8_UP_TIM13_IRQHandler                 0x080001db   Thumb Code     0  startup_stm32f427xx.o(.text)
    UART5_IRQHandler                         0x080001db   Thumb Code     0  startup_stm32f427xx.o(.text)
    UART7_IRQHandler                         0x080001db   Thumb Code     0  startup_stm32f427xx.o(.text)
    UART8_IRQHandler                         0x080001db   Thumb Code     0  startup_stm32f427xx.o(.text)
    USART1_IRQHandler                        0x080001db   Thumb Code     0  startup_stm32f427xx.o(.text)
    USART3_IRQHandler                        0x080001db   Thumb Code     0  startup_stm32f427xx.o(.text)
    WWDG_IRQHandler                          0x080001db   Thumb Code     0  startup_stm32f427xx.o(.text)
    __aeabi_uldivmod                         0x080001e5   Thumb Code    98  uldiv.o(.text)
    __aeabi_dadd                             0x08000247   Thumb Code   322  dadd.o(.text)
    __aeabi_dsub                             0x08000389   Thumb Code     6  dadd.o(.text)
    __aeabi_drsub                            0x0800038f   Thumb Code     6  dadd.o(.text)
    __aeabi_dmul                             0x08000395   Thumb Code   228  dmul.o(.text)
    __aeabi_ddiv                             0x08000479   Thumb Code   222  ddiv.o(.text)
    __aeabi_i2d                              0x08000557   Thumb Code    34  dflti.o(.text)
    __aeabi_ui2d                             0x08000579   Thumb Code    26  dfltui.o(.text)
    __aeabi_d2iz                             0x08000593   Thumb Code    62  dfixi.o(.text)
    __aeabi_f2d                              0x080005d1   Thumb Code    38  f2d.o(.text)
    __aeabi_cdcmpeq                          0x080005f9   Thumb Code     0  cdcmple.o(.text)
    __aeabi_cdcmple                          0x080005f9   Thumb Code    48  cdcmple.o(.text)
    __aeabi_cdrcmple                         0x08000629   Thumb Code    48  cdrcmple.o(.text)
    __aeabi_d2f                              0x08000659   Thumb Code    56  d2f.o(.text)
    __aeabi_llsl                             0x08000691   Thumb Code    30  llshl.o(.text)
    _ll_shift_l                              0x08000691   Thumb Code     0  llshl.o(.text)
    __aeabi_llsr                             0x080006af   Thumb Code    32  llushr.o(.text)
    _ll_ushift_r                             0x080006af   Thumb Code     0  llushr.o(.text)
    __aeabi_lasr                             0x080006cf   Thumb Code    36  llsshr.o(.text)
    _ll_sshift_r                             0x080006cf   Thumb Code     0  llsshr.o(.text)
    __I$use$fp                               0x080006f3   Thumb Code     0  iusefp.o(.text)
    _float_round                             0x080006f3   Thumb Code    18  fepilogue.o(.text)
    _float_epilogue                          0x08000705   Thumb Code    92  fepilogue.o(.text)
    _double_round                            0x08000761   Thumb Code    30  depilogue.o(.text)
    _double_epilogue                         0x0800077f   Thumb Code   156  depilogue.o(.text)
    __scatterload                            0x0800081d   Thumb Code    28  init.o(.text)
    __scatterload_rt2                        0x0800081d   Thumb Code     0  init.o(.text)
    ADC_IRQHandler                           0x08000841   Thumb Code     6  stm32f4xx_it.o(i.ADC_IRQHandler)
    ALLPID_Init                              0x08000971   Thumb Code   380  pid.o(i.ALLPID_Init)
    BusFault_Handler                         0x08000b2d   Thumb Code     2  stm32f4xx_it.o(i.BusFault_Handler)
    CAN1_Init                                0x08000b31   Thumb Code    56  can_my.o(i.CAN1_Init)
    CAN1_RX0_IRQHandler                      0x08000b6d   Thumb Code    34  stm32f4xx_it.o(i.CAN1_RX0_IRQHandler)
    CAN1_TX_IRQHandler                       0x08000b9d   Thumb Code     6  stm32f4xx_it.o(i.CAN1_TX_IRQHandler)
    CAN_Getdata                              0x08000ba9   Thumb Code   206  can_my.o(i.CAN_Getdata)
    Chebyshev50HzLPF                         0x08000c91   Thumb Code   226  filter.o(i.Chebyshev50HzLPF)
    Cloud_Position                           0x08000d89   Thumb Code    92  pid.o(i.Cloud_Position)
    Cloud_Speed                              0x08000df9   Thumb Code    80  pid.o(i.Cloud_Speed)
    Cloud_motor_output                       0x08000e55   Thumb Code    42  can_my.o(i.Cloud_motor_output)
    DMA2_Stream2_IRQHandler                  0x08000e8d   Thumb Code    16  stm32f4xx_it.o(i.DMA2_Stream2_IRQHandler)
    DebugMon_Handler                         0x08000f45   Thumb Code     2  stm32f4xx_it.o(i.DebugMon_Handler)
    HAL_ADCEx_InjectedConvCpltCallback       0x08000f47   Thumb Code     2  stm32f4xx_hal_adc_ex.o(i.HAL_ADCEx_InjectedConvCpltCallback)
    HAL_ADC_ConfigChannel                    0x08000f49   Thumb Code   318  stm32f4xx_hal_adc.o(i.HAL_ADC_ConfigChannel)
    HAL_ADC_ConvCpltCallback                 0x0800109d   Thumb Code    94  adc.o(i.HAL_ADC_ConvCpltCallback)
    HAL_ADC_ErrorCallback                    0x08001125   Thumb Code     2  stm32f4xx_hal_adc.o(i.HAL_ADC_ErrorCallback)
    HAL_ADC_GetValue                         0x08001127   Thumb Code     6  stm32f4xx_hal_adc.o(i.HAL_ADC_GetValue)
    HAL_ADC_IRQHandler                       0x0800112d   Thumb Code   316  stm32f4xx_hal_adc.o(i.HAL_ADC_IRQHandler)
    HAL_ADC_Init                             0x08001269   Thumb Code    84  stm32f4xx_hal_adc.o(i.HAL_ADC_Init)
    HAL_ADC_LevelOutOfWindowCallback         0x080012bd   Thumb Code     2  stm32f4xx_hal_adc.o(i.HAL_ADC_LevelOutOfWindowCallback)
    HAL_ADC_MspInit                          0x080012c1   Thumb Code    72  adc.o(i.HAL_ADC_MspInit)
    HAL_ADC_Start_IT                         0x08001315   Thumb Code   180  stm32f4xx_hal_adc.o(i.HAL_ADC_Start_IT)
    HAL_CAN_ActivateNotification             0x080013dd   Thumb Code    40  stm32f4xx_hal_can.o(i.HAL_CAN_ActivateNotification)
    HAL_CAN_AddTxMessage                     0x08001405   Thumb Code   200  stm32f4xx_hal_can.o(i.HAL_CAN_AddTxMessage)
    HAL_CAN_ConfigFilter                     0x080014cd   Thumb Code   262  stm32f4xx_hal_can.o(i.HAL_CAN_ConfigFilter)
    HAL_CAN_ErrorCallback                    0x080015d9   Thumb Code     2  stm32f4xx_hal_can.o(i.HAL_CAN_ErrorCallback)
    HAL_CAN_GetRxMessage                     0x080015db   Thumb Code   250  stm32f4xx_hal_can.o(i.HAL_CAN_GetRxMessage)
    HAL_CAN_IRQHandler                       0x080016d5   Thumb Code   508  stm32f4xx_hal_can.o(i.HAL_CAN_IRQHandler)
    HAL_CAN_Init                             0x080018d1   Thumb Code   282  stm32f4xx_hal_can.o(i.HAL_CAN_Init)
    HAL_CAN_MspInit                          0x080019ed   Thumb Code    92  can.o(i.HAL_CAN_MspInit)
    HAL_CAN_RxFifo0FullCallback              0x08001a55   Thumb Code     2  stm32f4xx_hal_can.o(i.HAL_CAN_RxFifo0FullCallback)
    HAL_CAN_RxFifo0MsgPendingCallback        0x08001a57   Thumb Code     2  stm32f4xx_hal_can.o(i.HAL_CAN_RxFifo0MsgPendingCallback)
    HAL_CAN_RxFifo1FullCallback              0x08001a59   Thumb Code     2  stm32f4xx_hal_can.o(i.HAL_CAN_RxFifo1FullCallback)
    HAL_CAN_RxFifo1MsgPendingCallback        0x08001a5b   Thumb Code     2  stm32f4xx_hal_can.o(i.HAL_CAN_RxFifo1MsgPendingCallback)
    HAL_CAN_SleepCallback                    0x08001a5d   Thumb Code     2  stm32f4xx_hal_can.o(i.HAL_CAN_SleepCallback)
    HAL_CAN_Start                            0x08001a61   Thumb Code    88  stm32f4xx_hal_can.o(i.HAL_CAN_Start)
    HAL_CAN_TxMailbox0AbortCallback          0x08001ab9   Thumb Code     2  stm32f4xx_hal_can.o(i.HAL_CAN_TxMailbox0AbortCallback)
    HAL_CAN_TxMailbox0CompleteCallback       0x08001abb   Thumb Code     2  stm32f4xx_hal_can.o(i.HAL_CAN_TxMailbox0CompleteCallback)
    HAL_CAN_TxMailbox1AbortCallback          0x08001abd   Thumb Code     2  stm32f4xx_hal_can.o(i.HAL_CAN_TxMailbox1AbortCallback)
    HAL_CAN_TxMailbox1CompleteCallback       0x08001abf   Thumb Code     2  stm32f4xx_hal_can.o(i.HAL_CAN_TxMailbox1CompleteCallback)
    HAL_CAN_TxMailbox2AbortCallback          0x08001ac1   Thumb Code     2  stm32f4xx_hal_can.o(i.HAL_CAN_TxMailbox2AbortCallback)
    HAL_CAN_TxMailbox2CompleteCallback       0x08001ac3   Thumb Code     2  stm32f4xx_hal_can.o(i.HAL_CAN_TxMailbox2CompleteCallback)
    HAL_CAN_WakeUpFromRxMsgCallback          0x08001ac5   Thumb Code     2  stm32f4xx_hal_can.o(i.HAL_CAN_WakeUpFromRxMsgCallback)
    HAL_DMA_Abort_IT                         0x08001ac7   Thumb Code    36  stm32f4xx_hal_dma.o(i.HAL_DMA_Abort_IT)
    HAL_DMA_IRQHandler                       0x08001aed   Thumb Code   412  stm32f4xx_hal_dma.o(i.HAL_DMA_IRQHandler)
    HAL_DMA_Init                             0x08001c8d   Thumb Code   206  stm32f4xx_hal_dma.o(i.HAL_DMA_Init)
    HAL_DMA_Start_IT                         0x08001d61   Thumb Code   120  stm32f4xx_hal_dma.o(i.HAL_DMA_Start_IT)
    HAL_Delay                                0x08001dd9   Thumb Code    32  stm32f4xx_hal.o(i.HAL_Delay)
    HAL_GPIO_Init                            0x08001dfd   Thumb Code   408  stm32f4xx_hal_gpio.o(i.HAL_GPIO_Init)
    HAL_GPIO_WritePin                        0x08001fc9   Thumb Code    10  stm32f4xx_hal_gpio.o(i.HAL_GPIO_WritePin)
    HAL_GetTick                              0x08001fd5   Thumb Code     6  stm32f4xx_hal.o(i.HAL_GetTick)
    HAL_IncTick                              0x08001fe1   Thumb Code    12  stm32f4xx_hal.o(i.HAL_IncTick)
    HAL_Init                                 0x08001ff1   Thumb Code    48  stm32f4xx_hal.o(i.HAL_Init)
    HAL_InitTick                             0x08002025   Thumb Code    54  stm32f4xx_hal.o(i.HAL_InitTick)
    HAL_MspInit                              0x08002065   Thumb Code   126  stm32f4xx_hal_msp.o(i.HAL_MspInit)
    HAL_MultiProcessor_Init                  0x080020e9   Thumb Code   142  stm32f4xx_hal_uart.o(i.HAL_MultiProcessor_Init)
    HAL_NVIC_EnableIRQ                       0x08002177   Thumb Code    26  stm32f4xx_hal_cortex.o(i.HAL_NVIC_EnableIRQ)
    HAL_NVIC_SetPriority                     0x08002191   Thumb Code    60  stm32f4xx_hal_cortex.o(i.HAL_NVIC_SetPriority)
    HAL_NVIC_SetPriorityGrouping             0x080021d1   Thumb Code    26  stm32f4xx_hal_cortex.o(i.HAL_NVIC_SetPriorityGrouping)
    HAL_PWREx_EnableOverDrive                0x080021f5   Thumb Code    98  stm32f4xx_hal_pwr_ex.o(i.HAL_PWREx_EnableOverDrive)
    HAL_RCC_ClockConfig                      0x08002265   Thumb Code   286  stm32f4xx_hal_rcc.o(i.HAL_RCC_ClockConfig)
    HAL_RCC_GetHCLKFreq                      0x08002395   Thumb Code     6  stm32f4xx_hal_rcc.o(i.HAL_RCC_GetHCLKFreq)
    HAL_RCC_GetPCLK1Freq                     0x080023a1   Thumb Code    20  stm32f4xx_hal_rcc.o(i.HAL_RCC_GetPCLK1Freq)
    HAL_RCC_GetPCLK2Freq                     0x080023c1   Thumb Code    20  stm32f4xx_hal_rcc.o(i.HAL_RCC_GetPCLK2Freq)
    HAL_RCC_GetSysClockFreq                  0x080023e1   Thumb Code    88  stm32f4xx_hal_rcc.o(i.HAL_RCC_GetSysClockFreq)
    HAL_RCC_OscConfig                        0x08002445   Thumb Code   770  stm32f4xx_hal_rcc.o(i.HAL_RCC_OscConfig)
    HAL_SYSTICK_CLKSourceConfig              0x08002761   Thumb Code    24  stm32f4xx_hal_cortex.o(i.HAL_SYSTICK_CLKSourceConfig)
    HAL_SYSTICK_Callback                     0x08002779   Thumb Code     2  stm32f4xx_hal_cortex.o(i.HAL_SYSTICK_Callback)
    HAL_SYSTICK_Config                       0x0800277b   Thumb Code    40  stm32f4xx_hal_cortex.o(i.HAL_SYSTICK_Config)
    HAL_SYSTICK_IRQHandler                   0x080027a3   Thumb Code     8  stm32f4xx_hal_cortex.o(i.HAL_SYSTICK_IRQHandler)
    HAL_TIMEx_BreakCallback                  0x080027ab   Thumb Code     2  stm32f4xx_hal_tim_ex.o(i.HAL_TIMEx_BreakCallback)
    HAL_TIMEx_CommutationCallback            0x080027ad   Thumb Code     2  stm32f4xx_hal_tim_ex.o(i.HAL_TIMEx_CommutationCallback)
    HAL_TIMEx_ConfigBreakDeadTime            0x080027af   Thumb Code    90  stm32f4xx_hal_tim_ex.o(i.HAL_TIMEx_ConfigBreakDeadTime)
    HAL_TIMEx_MasterConfigSynchronization    0x08002809   Thumb Code    80  stm32f4xx_hal_tim_ex.o(i.HAL_TIMEx_MasterConfigSynchronization)
    HAL_TIM_Base_Init                        0x08002859   Thumb Code    54  stm32f4xx_hal_tim.o(i.HAL_TIM_Base_Init)
    HAL_TIM_Base_MspInit                     0x08002891   Thumb Code   122  tim.o(i.HAL_TIM_Base_MspInit)
    HAL_TIM_Base_Start                       0x08002925   Thumb Code    26  stm32f4xx_hal_tim.o(i.HAL_TIM_Base_Start)
    HAL_TIM_Base_Start_IT                    0x0800293f   Thumb Code    24  stm32f4xx_hal_tim.o(i.HAL_TIM_Base_Start_IT)
    HAL_TIM_ConfigClockSource                0x08002957   Thumb Code   242  stm32f4xx_hal_tim.o(i.HAL_TIM_ConfigClockSource)
    HAL_TIM_IC_CaptureCallback               0x08002a49   Thumb Code     2  stm32f4xx_hal_tim.o(i.HAL_TIM_IC_CaptureCallback)
    HAL_TIM_IRQHandler                       0x08002a4b   Thumb Code   358  stm32f4xx_hal_tim.o(i.HAL_TIM_IRQHandler)
    HAL_TIM_MspPostInit                      0x08002bb1   Thumb Code   114  tim.o(i.HAL_TIM_MspPostInit)
    HAL_TIM_OC_DelayElapsedCallback          0x08002c41   Thumb Code     2  stm32f4xx_hal_tim.o(i.HAL_TIM_OC_DelayElapsedCallback)
    HAL_TIM_PWM_ConfigChannel                0x08002c43   Thumb Code   208  stm32f4xx_hal_tim.o(i.HAL_TIM_PWM_ConfigChannel)
    HAL_TIM_PWM_Init                         0x08002d13   Thumb Code    54  stm32f4xx_hal_tim.o(i.HAL_TIM_PWM_Init)
    HAL_TIM_PWM_MspInit                      0x08002d49   Thumb Code     2  stm32f4xx_hal_tim.o(i.HAL_TIM_PWM_MspInit)
    HAL_TIM_PWM_PulseFinishedCallback        0x08002d4b   Thumb Code     2  stm32f4xx_hal_tim.o(i.HAL_TIM_PWM_PulseFinishedCallback)
    HAL_TIM_PWM_Start                        0x08002d4d   Thumb Code    48  stm32f4xx_hal_tim.o(i.HAL_TIM_PWM_Start)
    HAL_TIM_PeriodElapsedCallback            0x08002d85   Thumb Code     2  stm32f4xx_hal_tim.o(i.HAL_TIM_PeriodElapsedCallback)
    HAL_TIM_TriggerCallback                  0x08002d87   Thumb Code     2  stm32f4xx_hal_tim.o(i.HAL_TIM_TriggerCallback)
    HAL_UART_ErrorCallback                   0x08002d89   Thumb Code    26  usart_my.o(i.HAL_UART_ErrorCallback)
    HAL_UART_GetState                        0x08002da9   Thumb Code    10  stm32f4xx_hal_uart.o(i.HAL_UART_GetState)
    HAL_UART_IRQHandler                      0x08002db5   Thumb Code   266  stm32f4xx_hal_uart.o(i.HAL_UART_IRQHandler)
    HAL_UART_Init                            0x08002ec5   Thumb Code    98  stm32f4xx_hal_uart.o(i.HAL_UART_Init)
    HAL_UART_MspInit                         0x08002f29   Thumb Code   326  usart.o(i.HAL_UART_MspInit)
    HAL_UART_Receive_DMA                     0x080030a9   Thumb Code   138  stm32f4xx_hal_uart.o(i.HAL_UART_Receive_DMA)
    HAL_UART_Receive_IT                      0x08003141   Thumb Code    72  stm32f4xx_hal_uart.o(i.HAL_UART_Receive_IT)
    HAL_UART_RxCpltCallback                  0x08003189   Thumb Code   754  usart_my.o(i.HAL_UART_RxCpltCallback)
    HAL_UART_RxHalfCpltCallback              0x080034cd   Thumb Code     2  stm32f4xx_hal_uart.o(i.HAL_UART_RxHalfCpltCallback)
    HAL_UART_Transmit                        0x080034cf   Thumb Code   186  stm32f4xx_hal_uart.o(i.HAL_UART_Transmit)
    HAL_UART_TxCpltCallback                  0x08003589   Thumb Code     2  stm32f4xx_hal_uart.o(i.HAL_UART_TxCpltCallback)
    HardFault_Handler                        0x0800358b   Thumb Code     2  stm32f4xx_it.o(i.HardFault_Handler)
    IIC_Ack                                  0x0800358d   Thumb Code    56  myiic.o(i.IIC_Ack)
    IIC_Init                                 0x080035cd   Thumb Code    14  myiic.o(i.IIC_Init)
    IIC_NAck                                 0x080035e1   Thumb Code    56  myiic.o(i.IIC_NAck)
    IIC_Read_Byte                            0x08003621   Thumb Code    96  myiic.o(i.IIC_Read_Byte)
    IIC_Send_Byte                            0x08003689   Thumb Code    86  myiic.o(i.IIC_Send_Byte)
    IIC_Start                                0x080036e9   Thumb Code    56  myiic.o(i.IIC_Start)
    IIC_Stop                                 0x08003729   Thumb Code    58  myiic.o(i.IIC_Stop)
    IIC_Wait_Ack                             0x0800376d   Thumb Code    74  myiic.o(i.IIC_Wait_Ack)
    Judge_Getdata                            0x080037c1   Thumb Code    74  control.o(i.Judge_Getdata)
    MPU6050_GetData                          0x08003815   Thumb Code   114  mpu6050.o(i.MPU6050_GetData)
    MPU6050_Init                             0x08003891   Thumb Code   122  mpu6050.o(i.MPU6050_Init)
    MPU_Get_Accelerometer                    0x0800390b   Thumb Code    50  mpu6050.o(i.MPU_Get_Accelerometer)
    MPU_Get_Gyroscope                        0x0800393d   Thumb Code    50  mpu6050.o(i.MPU_Get_Gyroscope)
    MPU_Read_Byte                            0x0800396f   Thumb Code    58  mpu6050.o(i.MPU_Read_Byte)
    MPU_Read_Len                             0x080039a9   Thumb Code   108  mpu6050.o(i.MPU_Read_Len)
    MPU_Set_Accel_Fsr                        0x08003a15   Thumb Code    10  mpu6050.o(i.MPU_Set_Accel_Fsr)
    MPU_Set_Gyro_Fsr                         0x08003a1f   Thumb Code    10  mpu6050.o(i.MPU_Set_Gyro_Fsr)
    MPU_Set_LPF                              0x08003a29   Thumb Code    54  mpu6050.o(i.MPU_Set_LPF)
    MPU_Set_Rate                             0x08003a5f   Thumb Code    46  mpu6050.o(i.MPU_Set_Rate)
    MPU_Write_Byte                           0x08003a8d   Thumb Code    60  mpu6050.o(i.MPU_Write_Byte)
    MX_ADC3_Init                             0x08003ac9   Thumb Code    86  adc.o(i.MX_ADC3_Init)
    MX_CAN1_Init                             0x08003b3d   Thumb Code    64  can.o(i.MX_CAN1_Init)
    MX_DMA_Init                              0x08003b95   Thumb Code    40  dma.o(i.MX_DMA_Init)
    MX_GPIO_Init                             0x08003bc1   Thumb Code   224  gpio.o(i.MX_GPIO_Init)
    MX_TIM12_Init                            0x08003cb1   Thumb Code    70  tim.o(i.MX_TIM12_Init)
    MX_TIM1_Init                             0x08003d11   Thumb Code   254  tim.o(i.MX_TIM1_Init)
    MX_TIM4_Init                             0x08003e29   Thumb Code   146  tim.o(i.MX_TIM4_Init)
    MX_TIM5_Init                             0x08003ed5   Thumb Code   166  tim.o(i.MX_TIM5_Init)
    MX_TIM6_Init                             0x08003f95   Thumb Code    62  tim.o(i.MX_TIM6_Init)
    MX_UART4_Init                            0x08003fed   Thumb Code    52  usart.o(i.MX_UART4_Init)
    MX_USART1_UART_Init                      0x08004039   Thumb Code    52  usart.o(i.MX_USART1_UART_Init)
    MX_USART2_UART_Init                      0x08004089   Thumb Code    54  usart.o(i.MX_USART2_UART_Init)
    MX_USART6_UART_Init                      0x080040d9   Thumb Code    54  usart.o(i.MX_USART6_UART_Init)
    MemManage_Handler                        0x08004129   Thumb Code     2  stm32f4xx_it.o(i.MemManage_Handler)
    NMI_Handler                              0x0800412b   Thumb Code     2  stm32f4xx_it.o(i.NMI_Handler)
    PID_Calc                                 0x0800412d   Thumb Code   222  pid.o(i.PID_Calc)
    PID_Init                                 0x0800420d   Thumb Code    30  pid.o(i.PID_Init)
    PendSV_Handler                           0x08004231   Thumb Code     2  stm32f4xx_it.o(i.PendSV_Handler)
    PowerControl                             0x08004235   Thumb Code   182  control.o(i.PowerControl)
    Rammer_motor_output                      0x0800430d   Thumb Code    54  can_my.o(i.Rammer_motor_output)
    Rammer_pid                               0x08004351   Thumb Code   172  pid.o(i.Rammer_pid)
    SVC_Handler                              0x08004419   Thumb Code     2  stm32f4xx_it.o(i.SVC_Handler)
    SysTick_Handler                          0x0800441b   Thumb Code    14  stm32f4xx_it.o(i.SysTick_Handler)
    SystemClock_Config                       0x08004429   Thumb Code   158  main.o(i.SystemClock_Config)
    SystemInit                               0x080044d1   Thumb Code    66  system_stm32f4xx.o(i.SystemInit)
    TIM6_DAC_IRQHandler                      0x08004525   Thumb Code    16  stm32f4xx_it.o(i.TIM6_DAC_IRQHandler)
    TIM_Base_SetConfig                       0x08004539   Thumb Code   148  stm32f4xx_hal_tim.o(i.TIM_Base_SetConfig)
    TIM_CCxChannelCmd                        0x080045f9   Thumb Code    22  stm32f4xx_hal_tim.o(i.TIM_CCxChannelCmd)
    TIM_OC2_SetConfig                        0x0800468d   Thumb Code    90  stm32f4xx_hal_tim.o(i.TIM_OC2_SetConfig)
    Timer_interrupt                          0x080047e9   Thumb Code   276  timer.o(i.Timer_interrupt)
    UART4_IRQHandler                         0x0800493d   Thumb Code    60  stm32f4xx_it.o(i.UART4_IRQHandler)
    USART2_IRQHandler                        0x08004e55   Thumb Code    58  stm32f4xx_it.o(i.USART2_IRQHandler)
    USART6_IRQHandler                        0x08004e9d   Thumb Code    58  stm32f4xx_it.o(i.USART6_IRQHandler)
    Underpan_motor_output                    0x08004ee9   Thumb Code    60  can_my.o(i.Underpan_motor_output)
    Underpan_pid                             0x08004f31   Thumb Code   340  pid.o(i.Underpan_pid)
    UsageFault_Handler                       0x0800509d   Thumb Code     2  stm32f4xx_it.o(i.UsageFault_Handler)
    _Error_Handler                           0x0800509f   Thumb Code     2  main.o(i._Error_Handler)
    __ARM_fpclassify                         0x080050a1   Thumb Code    48  fpclassify.o(i.__ARM_fpclassify)
    __hardfp_atan                            0x080050f1   Thumb Code   622  atan.o(i.__hardfp_atan)
    __kernel_poly                            0x080053c9   Thumb Code   248  poly.o(i.__kernel_poly)
    __mathlib_dbl_infnan                     0x080054c1   Thumb Code    20  dunder.o(i.__mathlib_dbl_infnan)
    __mathlib_dbl_underflow                  0x080054d9   Thumb Code    24  dunder.o(i.__mathlib_dbl_underflow)
    __scatterload_copy                       0x080054f9   Thumb Code    14  handlers.o(i.__scatterload_copy)
    __scatterload_null                       0x08005507   Thumb Code     2  handlers.o(i.__scatterload_null)
    __scatterload_zeroinit                   0x08005509   Thumb Code    14  handlers.o(i.__scatterload_zeroinit)
    delay_us                                 0x08005519   Thumb Code    48  delay.o(i.delay_us)
    fabs                                     0x0800554d   Thumb Code    24  fabs.o(i.fabs)
    main                                     0x08005565   Thumb Code   378  main.o(i.main)
    para_init                                0x08005729   Thumb Code    22  control.o(i.para_init)
    sendware                                 0x08005745   Thumb Code    60  usart_my.o(i.sendware)
    telecontroller_data                      0x0800578d   Thumb Code   216  control.o(i.telecontroller_data)
    AHBPrescTable                            0x0800588c   Data          16  system_stm32f4xx.o(.constdata)
    APBPrescTable                            0x0800589c   Data           8  system_stm32f4xx.o(.constdata)
    Region$$Table$$Base                      0x08005948   Number         0  anon$$obj.o(Region$$Table)
    Region$$Table$$Limit                     0x08005968   Number         0  anon$$obj.o(Region$$Table)
    timeout                                  0x20000004   Data           4  stm32f4xx_it.o(.data)
    SystemCoreClock                          0x20000010   Data           4  system_stm32f4xx.o(.data)
    pTxMailbox                               0x20000014   Data           4  can_my.o(.data)
    TxData                                   0x20000018   Data           8  can_my.o(.data)
    flag                                     0x20000020   Data           1  control.o(.data)
    pitch                                    0x20000024   Data           2  control.o(.data)
    yaw                                      0x20000026   Data           2  control.o(.data)
    CurrentCapVoltage                        0x20000028   Data           4  control.o(.data)
    LastPower                                0x2000002c   Data           4  control.o(.data)
    PreviousPower                            0x20000030   Data           4  control.o(.data)
    judge                                    0x20000034   Data           4  control.o(.data)
    Timetick1ms                              0x20000038   Data           2  timer.o(.data)
    TimeElasped                              0x2000003a   Data           2  timer.o(.data)
    cheat_ready                              0x20000040   Data           1  usart_my.o(.data)
    a                                        0x20000041   Data           1  usart_my.o(.data)
    charBuf                                  0x20000042   Data           4  usart_my.o(.data)
    angle                                    0x20000048   Data           8  usart_my.o(.data)
    NUM                                      0x20000058   Data          40  filter.o(.data)
    DEN                                      0x20000080   Data          40  filter.o(.data)
    uwTickFreq                               0x200000a8   Data           1  stm32f4xx_hal.o(.data)
    uwTickPrio                               0x200000ac   Data           4  stm32f4xx_hal.o(.data)
    uwTick                                   0x200000b0   Data           4  stm32f4xx_hal.o(.data)
    hadc3                                    0x200000b4   Data          72  adc.o(.bss)
    hcan1                                    0x200000fc   Data          40  can.o(.bss)
    htim1                                    0x20000124   Data          60  tim.o(.bss)
    htim4                                    0x20000160   Data          60  tim.o(.bss)
    htim5                                    0x2000019c   Data          60  tim.o(.bss)
    htim6                                    0x200001d8   Data          60  tim.o(.bss)
    htim12                                   0x20000214   Data          60  tim.o(.bss)
    huart4                                   0x20000250   Data          64  usart.o(.bss)
    huart1                                   0x20000290   Data          64  usart.o(.bss)
    huart2                                   0x200002d0   Data          64  usart.o(.bss)
    huart6                                   0x20000310   Data          64  usart.o(.bss)
    hdma_usart1_rx                           0x20000350   Data          96  usart.o(.bss)
    Tx1Message                               0x200003b0   Data          24  can_my.o(.bss)
    Rx1Message                               0x200003c8   Data          28  can_my.o(.bss)
    teledata_rx                              0x200003e4   Data          18  control.o(.bss)
    tele_data                                0x200003f6   Data          22  control.o(.bss)
    ph                                       0x2000040c   Data          44  control.o(.bss)
    cloud_pitch                              0x20000438   Data          12  control.o(.bss)
    cloud_yaw                                0x20000444   Data          12  control.o(.bss)
    rammer_42                                0x20000450   Data          14  control.o(.bss)
    rammer_17                                0x2000045e   Data          14  control.o(.bss)
    rammer_42_ver                            0x2000046c   Data          14  control.o(.bss)
    camera                                   0x2000047a   Data          10  control.o(.bss)
    rxPID                                    0x20000484   Data          28  control.o(.bss)
    cloud_pitch_speed_pid                    0x200004a0   Data          64  pid.o(.bss)
    cloud_pitch_position_pid                 0x200004e0   Data          64  pid.o(.bss)
    cloud_yaw_speed_pid                      0x20000520   Data          64  pid.o(.bss)
    cloud_yaw_position_pid                   0x20000560   Data          64  pid.o(.bss)
    rammer_42_ver_pid                        0x200005a0   Data          64  pid.o(.bss)
    rammer_42_pid                            0x200005e0   Data          64  pid.o(.bss)
    rammer_17_pid                            0x20000620   Data          64  pid.o(.bss)
    underpan_201_pid                         0x20000660   Data          64  pid.o(.bss)
    underpan_202_pid                         0x200006a0   Data          64  pid.o(.bss)
    underpan_203_pid                         0x200006e0   Data          64  pid.o(.bss)
    underpan_204_pid                         0x20000720   Data          64  pid.o(.bss)
    power_control_pid                        0x20000760   Data          64  pid.o(.bss)
    underpan_para                            0x200007a0   Data          32  pid.o(.bss)
    data                                     0x200007c0   Data          10  usart_my.o(.bss)
    mpu6050                                  0x200007cc   Data         124  mpu6050.o(.bss)
    MPUz50Hz                                 0x20000848   Data          96  filter.o(.bss)
    MPUy50Hz                                 0x200008a8   Data          96  filter.o(.bss)
    __initial_sp                             0x20000d08   Data           0  startup_stm32f427xx.o(STACK)



==============================================================================

Memory Map of the image

  Image Entry point : 0x080001ad

  Load Region LR_IROM1 (Base: 0x08000000, Size: 0x00005a1c, Max: 0x00200000, ABSOLUTE)

    Execution Region ER_IROM1 (Exec base: 0x08000000, Load base: 0x08000000, Size: 0x00005968, Max: 0x00200000, ABSOLUTE)

    Exec Addr    Load Addr    Size         Type   Attr      Idx    E Section Name        Object

    0x08000000   0x08000000   0x000001ac   Data   RO            3    RESET               startup_stm32f427xx.o
    0x080001ac   0x080001ac   0x00000000   Code   RO         4034  * .ARM.Collect$$$$00000000  mc_w.l(entry.o)
    0x080001ac   0x080001ac   0x00000004   Code   RO         4085    .ARM.Collect$$$$00000001  mc_w.l(entry2.o)
    0x080001b0   0x080001b0   0x00000004   Code   RO         4088    .ARM.Collect$$$$00000004  mc_w.l(entry5.o)
    0x080001b4   0x080001b4   0x00000000   Code   RO         4090    .ARM.Collect$$$$00000008  mc_w.l(entry7b.o)
    0x080001b4   0x080001b4   0x00000000   Code   RO         4092    .ARM.Collect$$$$0000000A  mc_w.l(entry8b.o)
    0x080001b4   0x080001b4   0x00000008   Code   RO         4093    .ARM.Collect$$$$0000000B  mc_w.l(entry9a.o)
    0x080001bc   0x080001bc   0x00000000   Code   RO         4095    .ARM.Collect$$$$0000000D  mc_w.l(entry10a.o)
    0x080001bc   0x080001bc   0x00000000   Code   RO         4097    .ARM.Collect$$$$0000000F  mc_w.l(entry11a.o)
    0x080001bc   0x080001bc   0x00000004   Code   RO         4086    .ARM.Collect$$$$00002712  mc_w.l(entry2.o)
    0x080001c0   0x080001c0   0x00000024   Code   RO            4    .text               startup_stm32f427xx.o
    0x080001e4   0x080001e4   0x00000062   Code   RO         4037    .text               mc_w.l(uldiv.o)
    0x08000246   0x08000246   0x0000014e   Code   RO         4039    .text               mf_w.l(dadd.o)
    0x08000394   0x08000394   0x000000e4   Code   RO         4041    .text               mf_w.l(dmul.o)
    0x08000478   0x08000478   0x000000de   Code   RO         4043    .text               mf_w.l(ddiv.o)
    0x08000556   0x08000556   0x00000022   Code   RO         4045    .text               mf_w.l(dflti.o)
    0x08000578   0x08000578   0x0000001a   Code   RO         4047    .text               mf_w.l(dfltui.o)
    0x08000592   0x08000592   0x0000003e   Code   RO         4049    .text               mf_w.l(dfixi.o)
    0x080005d0   0x080005d0   0x00000026   Code   RO         4053    .text               mf_w.l(f2d.o)
    0x080005f6   0x080005f6   0x00000002   PAD
    0x080005f8   0x080005f8   0x00000030   Code   RO         4055    .text               mf_w.l(cdcmple.o)
    0x08000628   0x08000628   0x00000030   Code   RO         4057    .text               mf_w.l(cdrcmple.o)
    0x08000658   0x08000658   0x00000038   Code   RO         4059    .text               mf_w.l(d2f.o)
    0x08000690   0x08000690   0x0000001e   Code   RO         4099    .text               mc_w.l(llshl.o)
    0x080006ae   0x080006ae   0x00000020   Code   RO         4101    .text               mc_w.l(llushr.o)
    0x080006ce   0x080006ce   0x00000024   Code   RO         4103    .text               mc_w.l(llsshr.o)
    0x080006f2   0x080006f2   0x00000000   Code   RO         4105    .text               mc_w.l(iusefp.o)
    0x080006f2   0x080006f2   0x0000006e   Code   RO         4106    .text               mf_w.l(fepilogue.o)
    0x08000760   0x08000760   0x000000ba   Code   RO         4108    .text               mf_w.l(depilogue.o)
    0x0800081a   0x0800081a   0x00000002   PAD
    0x0800081c   0x0800081c   0x00000024   Code   RO         4112    .text               mc_w.l(init.o)
    0x08000840   0x08000840   0x0000000c   Code   RO          475    i.ADC_IRQHandler    stm32f4xx_it.o
    0x0800084c   0x0800084c   0x00000124   Code   RO         1194    i.ADC_Init          stm32f4xx_hal_adc.o
    0x08000970   0x08000970   0x000001bc   Code   RO          793    i.ALLPID_Init       pid.o
    0x08000b2c   0x08000b2c   0x00000002   Code   RO          476    i.BusFault_Handler  stm32f4xx_it.o
    0x08000b2e   0x08000b2e   0x00000002   PAD
    0x08000b30   0x08000b30   0x0000003c   Code   RO          671    i.CAN1_Init         can_my.o
    0x08000b6c   0x08000b6c   0x00000030   Code   RO          477    i.CAN1_RX0_IRQHandler  stm32f4xx_it.o
    0x08000b9c   0x08000b9c   0x0000000c   Code   RO          478    i.CAN1_TX_IRQHandler  stm32f4xx_it.o
    0x08000ba8   0x08000ba8   0x000000e8   Code   RO          672    i.CAN_Getdata       can_my.o
    0x08000c90   0x08000c90   0x000000f8   Code   RO         1166    i.Chebyshev50HzLPF  filter.o
    0x08000d88   0x08000d88   0x00000070   Code   RO          794    i.Cloud_Position    pid.o
    0x08000df8   0x08000df8   0x0000005c   Code   RO          795    i.Cloud_Speed       pid.o
    0x08000e54   0x08000e54   0x00000038   Code   RO          673    i.Cloud_motor_output  can_my.o
    0x08000e8c   0x08000e8c   0x00000014   Code   RO          479    i.DMA2_Stream2_IRQHandler  stm32f4xx_it.o
    0x08000ea0   0x08000ea0   0x00000028   Code   RO         3407    i.DMA_CalcBaseAndBitshift  stm32f4xx_hal_dma.o
    0x08000ec8   0x08000ec8   0x00000054   Code   RO         3408    i.DMA_CheckFifoParam  stm32f4xx_hal_dma.o
    0x08000f1c   0x08000f1c   0x00000028   Code   RO         3409    i.DMA_SetConfig     stm32f4xx_hal_dma.o
    0x08000f44   0x08000f44   0x00000002   Code   RO          480    i.DebugMon_Handler  stm32f4xx_it.o
    0x08000f46   0x08000f46   0x00000002   Code   RO         1365    i.HAL_ADCEx_InjectedConvCpltCallback  stm32f4xx_hal_adc_ex.o
    0x08000f48   0x08000f48   0x00000154   Code   RO         1196    i.HAL_ADC_ConfigChannel  stm32f4xx_hal_adc.o
    0x0800109c   0x0800109c   0x00000088   Code   RO          227    i.HAL_ADC_ConvCpltCallback  adc.o
    0x08001124   0x08001124   0x00000002   Code   RO         1200    i.HAL_ADC_ErrorCallback  stm32f4xx_hal_adc.o
    0x08001126   0x08001126   0x00000006   Code   RO         1203    i.HAL_ADC_GetValue  stm32f4xx_hal_adc.o
    0x0800112c   0x0800112c   0x0000013c   Code   RO         1204    i.HAL_ADC_IRQHandler  stm32f4xx_hal_adc.o
    0x08001268   0x08001268   0x00000054   Code   RO         1205    i.HAL_ADC_Init      stm32f4xx_hal_adc.o
    0x080012bc   0x080012bc   0x00000002   Code   RO         1206    i.HAL_ADC_LevelOutOfWindowCallback  stm32f4xx_hal_adc.o
    0x080012be   0x080012be   0x00000002   PAD
    0x080012c0   0x080012c0   0x00000054   Code   RO          229    i.HAL_ADC_MspInit   adc.o
    0x08001314   0x08001314   0x000000c8   Code   RO         1213    i.HAL_ADC_Start_IT  stm32f4xx_hal_adc.o
    0x080013dc   0x080013dc   0x00000028   Code   RO         1467    i.HAL_CAN_ActivateNotification  stm32f4xx_hal_can.o
    0x08001404   0x08001404   0x000000c8   Code   RO         1468    i.HAL_CAN_AddTxMessage  stm32f4xx_hal_can.o
    0x080014cc   0x080014cc   0x0000010c   Code   RO         1469    i.HAL_CAN_ConfigFilter  stm32f4xx_hal_can.o
    0x080015d8   0x080015d8   0x00000002   Code   RO         1472    i.HAL_CAN_ErrorCallback  stm32f4xx_hal_can.o
    0x080015da   0x080015da   0x000000fa   Code   RO         1475    i.HAL_CAN_GetRxMessage  stm32f4xx_hal_can.o
    0x080016d4   0x080016d4   0x000001fc   Code   RO         1479    i.HAL_CAN_IRQHandler  stm32f4xx_hal_can.o
    0x080018d0   0x080018d0   0x0000011a   Code   RO         1480    i.HAL_CAN_Init      stm32f4xx_hal_can.o
    0x080019ea   0x080019ea   0x00000002   PAD
    0x080019ec   0x080019ec   0x00000068   Code   RO          278    i.HAL_CAN_MspInit   can.o
    0x08001a54   0x08001a54   0x00000002   Code   RO         1487    i.HAL_CAN_RxFifo0FullCallback  stm32f4xx_hal_can.o
    0x08001a56   0x08001a56   0x00000002   Code   RO         1488    i.HAL_CAN_RxFifo0MsgPendingCallback  stm32f4xx_hal_can.o
    0x08001a58   0x08001a58   0x00000002   Code   RO         1489    i.HAL_CAN_RxFifo1FullCallback  stm32f4xx_hal_can.o
    0x08001a5a   0x08001a5a   0x00000002   Code   RO         1490    i.HAL_CAN_RxFifo1MsgPendingCallback  stm32f4xx_hal_can.o
    0x08001a5c   0x08001a5c   0x00000002   Code   RO         1491    i.HAL_CAN_SleepCallback  stm32f4xx_hal_can.o
    0x08001a5e   0x08001a5e   0x00000002   PAD
    0x08001a60   0x08001a60   0x00000058   Code   RO         1492    i.HAL_CAN_Start     stm32f4xx_hal_can.o
    0x08001ab8   0x08001ab8   0x00000002   Code   RO         1494    i.HAL_CAN_TxMailbox0AbortCallback  stm32f4xx_hal_can.o
    0x08001aba   0x08001aba   0x00000002   Code   RO         1495    i.HAL_CAN_TxMailbox0CompleteCallback  stm32f4xx_hal_can.o
    0x08001abc   0x08001abc   0x00000002   Code   RO         1496    i.HAL_CAN_TxMailbox1AbortCallback  stm32f4xx_hal_can.o
    0x08001abe   0x08001abe   0x00000002   Code   RO         1497    i.HAL_CAN_TxMailbox1CompleteCallback  stm32f4xx_hal_can.o
    0x08001ac0   0x08001ac0   0x00000002   Code   RO         1498    i.HAL_CAN_TxMailbox2AbortCallback  stm32f4xx_hal_can.o
    0x08001ac2   0x08001ac2   0x00000002   Code   RO         1499    i.HAL_CAN_TxMailbox2CompleteCallback  stm32f4xx_hal_can.o
    0x08001ac4   0x08001ac4   0x00000002   Code   RO         1501    i.HAL_CAN_WakeUpFromRxMsgCallback  stm32f4xx_hal_can.o
    0x08001ac6   0x08001ac6   0x00000024   Code   RO         3411    i.HAL_DMA_Abort_IT  stm32f4xx_hal_dma.o
    0x08001aea   0x08001aea   0x00000002   PAD
    0x08001aec   0x08001aec   0x000001a0   Code   RO         3415    i.HAL_DMA_IRQHandler  stm32f4xx_hal_dma.o
    0x08001c8c   0x08001c8c   0x000000d4   Code   RO         3416    i.HAL_DMA_Init      stm32f4xx_hal_dma.o
    0x08001d60   0x08001d60   0x00000078   Code   RO         3420    i.HAL_DMA_Start_IT  stm32f4xx_hal_dma.o
    0x08001dd8   0x08001dd8   0x00000024   Code   RO         3847    i.HAL_Delay         stm32f4xx_hal.o
    0x08001dfc   0x08001dfc   0x000001cc   Code   RO         3303    i.HAL_GPIO_Init     stm32f4xx_hal_gpio.o
    0x08001fc8   0x08001fc8   0x0000000a   Code   RO         3307    i.HAL_GPIO_WritePin  stm32f4xx_hal_gpio.o
    0x08001fd2   0x08001fd2   0x00000002   PAD
    0x08001fd4   0x08001fd4   0x0000000c   Code   RO         3855    i.HAL_GetTick       stm32f4xx_hal.o
    0x08001fe0   0x08001fe0   0x00000010   Code   RO         3859    i.HAL_IncTick       stm32f4xx_hal.o
    0x08001ff0   0x08001ff0   0x00000034   Code   RO         3860    i.HAL_Init          stm32f4xx_hal.o
    0x08002024   0x08002024   0x00000040   Code   RO         3861    i.HAL_InitTick      stm32f4xx_hal.o
    0x08002064   0x08002064   0x00000084   Code   RO          609    i.HAL_MspInit       stm32f4xx_hal_msp.o
    0x080020e8   0x080020e8   0x0000008e   Code   RO         2577    i.HAL_MultiProcessor_Init  stm32f4xx_hal_uart.o
    0x08002176   0x08002176   0x0000001a   Code   RO         3710    i.HAL_NVIC_EnableIRQ  stm32f4xx_hal_cortex.o
    0x08002190   0x08002190   0x00000040   Code   RO         3716    i.HAL_NVIC_SetPriority  stm32f4xx_hal_cortex.o
    0x080021d0   0x080021d0   0x00000024   Code   RO         3717    i.HAL_NVIC_SetPriorityGrouping  stm32f4xx_hal_cortex.o
    0x080021f4   0x080021f4   0x00000070   Code   RO         3639    i.HAL_PWREx_EnableOverDrive  stm32f4xx_hal_pwr_ex.o
    0x08002264   0x08002264   0x00000130   Code   RO         2897    i.HAL_RCC_ClockConfig  stm32f4xx_hal_rcc.o
    0x08002394   0x08002394   0x0000000c   Code   RO         2902    i.HAL_RCC_GetHCLKFreq  stm32f4xx_hal_rcc.o
    0x080023a0   0x080023a0   0x00000020   Code   RO         2904    i.HAL_RCC_GetPCLK1Freq  stm32f4xx_hal_rcc.o
    0x080023c0   0x080023c0   0x00000020   Code   RO         2905    i.HAL_RCC_GetPCLK2Freq  stm32f4xx_hal_rcc.o
    0x080023e0   0x080023e0   0x00000064   Code   RO         2906    i.HAL_RCC_GetSysClockFreq  stm32f4xx_hal_rcc.o
    0x08002444   0x08002444   0x0000031c   Code   RO         2909    i.HAL_RCC_OscConfig  stm32f4xx_hal_rcc.o
    0x08002760   0x08002760   0x00000018   Code   RO         3719    i.HAL_SYSTICK_CLKSourceConfig  stm32f4xx_hal_cortex.o
    0x08002778   0x08002778   0x00000002   Code   RO         3720    i.HAL_SYSTICK_Callback  stm32f4xx_hal_cortex.o
    0x0800277a   0x0800277a   0x00000028   Code   RO         3721    i.HAL_SYSTICK_Config  stm32f4xx_hal_cortex.o
    0x080027a2   0x080027a2   0x00000008   Code   RO         3722    i.HAL_SYSTICK_IRQHandler  stm32f4xx_hal_cortex.o
    0x080027aa   0x080027aa   0x00000002   Code   RO         2331    i.HAL_TIMEx_BreakCallback  stm32f4xx_hal_tim_ex.o
    0x080027ac   0x080027ac   0x00000002   Code   RO         2332    i.HAL_TIMEx_CommutationCallback  stm32f4xx_hal_tim_ex.o
    0x080027ae   0x080027ae   0x0000005a   Code   RO         2333    i.HAL_TIMEx_ConfigBreakDeadTime  stm32f4xx_hal_tim_ex.o
    0x08002808   0x08002808   0x00000050   Code   RO         2348    i.HAL_TIMEx_MasterConfigSynchronization  stm32f4xx_hal_tim_ex.o
    0x08002858   0x08002858   0x00000036   Code   RO         1702    i.HAL_TIM_Base_Init  stm32f4xx_hal_tim.o
    0x0800288e   0x0800288e   0x00000002   PAD
    0x08002890   0x08002890   0x00000094   Code   RO          344    i.HAL_TIM_Base_MspInit  tim.o
    0x08002924   0x08002924   0x0000001a   Code   RO         1705    i.HAL_TIM_Base_Start  stm32f4xx_hal_tim.o
    0x0800293e   0x0800293e   0x00000018   Code   RO         1707    i.HAL_TIM_Base_Start_IT  stm32f4xx_hal_tim.o
    0x08002956   0x08002956   0x000000f2   Code   RO         1711    i.HAL_TIM_ConfigClockSource  stm32f4xx_hal_tim.o
    0x08002a48   0x08002a48   0x00000002   Code   RO         1731    i.HAL_TIM_IC_CaptureCallback  stm32f4xx_hal_tim.o
    0x08002a4a   0x08002a4a   0x00000166   Code   RO         1744    i.HAL_TIM_IRQHandler  stm32f4xx_hal_tim.o
    0x08002bb0   0x08002bb0   0x00000090   Code   RO          345    i.HAL_TIM_MspPostInit  tim.o
    0x08002c40   0x08002c40   0x00000002   Code   RO         1747    i.HAL_TIM_OC_DelayElapsedCallback  stm32f4xx_hal_tim.o
    0x08002c42   0x08002c42   0x000000d0   Code   RO         1768    i.HAL_TIM_PWM_ConfigChannel  stm32f4xx_hal_tim.o
    0x08002d12   0x08002d12   0x00000036   Code   RO         1771    i.HAL_TIM_PWM_Init  stm32f4xx_hal_tim.o
    0x08002d48   0x08002d48   0x00000002   Code   RO         1773    i.HAL_TIM_PWM_MspInit  stm32f4xx_hal_tim.o
    0x08002d4a   0x08002d4a   0x00000002   Code   RO         1774    i.HAL_TIM_PWM_PulseFinishedCallback  stm32f4xx_hal_tim.o
    0x08002d4c   0x08002d4c   0x00000038   Code   RO         1775    i.HAL_TIM_PWM_Start  stm32f4xx_hal_tim.o
    0x08002d84   0x08002d84   0x00000002   Code   RO         1781    i.HAL_TIM_PeriodElapsedCallback  stm32f4xx_hal_tim.o
    0x08002d86   0x08002d86   0x00000002   Code   RO         1785    i.HAL_TIM_TriggerCallback  stm32f4xx_hal_tim.o
    0x08002d88   0x08002d88   0x00000020   Code   RO          894    i.HAL_UART_ErrorCallback  usart_my.o
    0x08002da8   0x08002da8   0x0000000a   Code   RO         2593    i.HAL_UART_GetState  stm32f4xx_hal_uart.o
    0x08002db2   0x08002db2   0x00000002   PAD
    0x08002db4   0x08002db4   0x00000110   Code   RO         2594    i.HAL_UART_IRQHandler  stm32f4xx_hal_uart.o
    0x08002ec4   0x08002ec4   0x00000062   Code   RO         2595    i.HAL_UART_Init     stm32f4xx_hal_uart.o
    0x08002f26   0x08002f26   0x00000002   PAD
    0x08002f28   0x08002f28   0x00000180   Code   RO          416    i.HAL_UART_MspInit  usart.o
    0x080030a8   0x080030a8   0x00000098   Code   RO         2599    i.HAL_UART_Receive_DMA  stm32f4xx_hal_uart.o
    0x08003140   0x08003140   0x00000048   Code   RO         2600    i.HAL_UART_Receive_IT  stm32f4xx_hal_uart.o
    0x08003188   0x08003188   0x00000344   Code   RO          895    i.HAL_UART_RxCpltCallback  usart_my.o
    0x080034cc   0x080034cc   0x00000002   Code   RO         2602    i.HAL_UART_RxHalfCpltCallback  stm32f4xx_hal_uart.o
    0x080034ce   0x080034ce   0x000000ba   Code   RO         2603    i.HAL_UART_Transmit  stm32f4xx_hal_uart.o
    0x08003588   0x08003588   0x00000002   Code   RO         2606    i.HAL_UART_TxCpltCallback  stm32f4xx_hal_uart.o
    0x0800358a   0x0800358a   0x00000002   Code   RO          481    i.HardFault_Handler  stm32f4xx_it.o
    0x0800358c   0x0800358c   0x00000040   Code   RO          955    i.IIC_Ack           myiic.o
    0x080035cc   0x080035cc   0x00000014   Code   RO          956    i.IIC_Init          myiic.o
    0x080035e0   0x080035e0   0x00000040   Code   RO          957    i.IIC_NAck          myiic.o
    0x08003620   0x08003620   0x00000068   Code   RO          958    i.IIC_Read_Byte     myiic.o
    0x08003688   0x08003688   0x00000060   Code   RO          959    i.IIC_Send_Byte     myiic.o
    0x080036e8   0x080036e8   0x00000040   Code   RO          960    i.IIC_Start         myiic.o
    0x08003728   0x08003728   0x00000044   Code   RO          961    i.IIC_Stop          myiic.o
    0x0800376c   0x0800376c   0x00000054   Code   RO          962    i.IIC_Wait_Ack      myiic.o
    0x080037c0   0x080037c0   0x00000054   Code   RO          728    i.Judge_Getdata     control.o
    0x08003814   0x08003814   0x0000007c   Code   RO         1024    i.MPU6050_GetData   mpu6050.o
    0x08003890   0x08003890   0x0000007a   Code   RO         1026    i.MPU6050_Init      mpu6050.o
    0x0800390a   0x0800390a   0x00000032   Code   RO         1027    i.MPU_Get_Accelerometer  mpu6050.o
    0x0800393c   0x0800393c   0x00000032   Code   RO         1028    i.MPU_Get_Gyroscope  mpu6050.o
    0x0800396e   0x0800396e   0x0000003a   Code   RO         1030    i.MPU_Read_Byte     mpu6050.o
    0x080039a8   0x080039a8   0x0000006c   Code   RO         1031    i.MPU_Read_Len      mpu6050.o
    0x08003a14   0x08003a14   0x0000000a   Code   RO         1032    i.MPU_Set_Accel_Fsr  mpu6050.o
    0x08003a1e   0x08003a1e   0x0000000a   Code   RO         1033    i.MPU_Set_Gyro_Fsr  mpu6050.o
    0x08003a28   0x08003a28   0x00000036   Code   RO         1034    i.MPU_Set_LPF       mpu6050.o
    0x08003a5e   0x08003a5e   0x0000002e   Code   RO         1035    i.MPU_Set_Rate      mpu6050.o
    0x08003a8c   0x08003a8c   0x0000003c   Code   RO         1036    i.MPU_Write_Byte    mpu6050.o
    0x08003ac8   0x08003ac8   0x00000074   Code   RO          230    i.MX_ADC3_Init      adc.o
    0x08003b3c   0x08003b3c   0x00000058   Code   RO          279    i.MX_CAN1_Init      can.o
    0x08003b94   0x08003b94   0x0000002c   Code   RO          319    i.MX_DMA_Init       dma.o
    0x08003bc0   0x08003bc0   0x000000f0   Code   RO          203    i.MX_GPIO_Init      gpio.o
    0x08003cb0   0x08003cb0   0x00000060   Code   RO          346    i.MX_TIM12_Init     tim.o
    0x08003d10   0x08003d10   0x00000118   Code   RO          347    i.MX_TIM1_Init      tim.o
    0x08003e28   0x08003e28   0x000000ac   Code   RO          348    i.MX_TIM4_Init      tim.o
    0x08003ed4   0x08003ed4   0x000000c0   Code   RO          349    i.MX_TIM5_Init      tim.o
    0x08003f94   0x08003f94   0x00000058   Code   RO          350    i.MX_TIM6_Init      tim.o
    0x08003fec   0x08003fec   0x0000004c   Code   RO          417    i.MX_UART4_Init     usart.o
    0x08004038   0x08004038   0x00000050   Code   RO          418    i.MX_USART1_UART_Init  usart.o
    0x08004088   0x08004088   0x00000050   Code   RO          419    i.MX_USART2_UART_Init  usart.o
    0x080040d8   0x080040d8   0x00000050   Code   RO          420    i.MX_USART6_UART_Init  usart.o
    0x08004128   0x08004128   0x00000002   Code   RO          482    i.MemManage_Handler  stm32f4xx_it.o
    0x0800412a   0x0800412a   0x00000002   Code   RO          483    i.NMI_Handler       stm32f4xx_it.o
    0x0800412c   0x0800412c   0x000000de   Code   RO          796    i.PID_Calc          pid.o
    0x0800420a   0x0800420a   0x00000002   PAD
    0x0800420c   0x0800420c   0x00000024   Code   RO          797    i.PID_Init          pid.o
    0x08004230   0x08004230   0x00000002   Code   RO          484    i.PendSV_Handler    stm32f4xx_it.o
    0x08004232   0x08004232   0x00000002   PAD
    0x08004234   0x08004234   0x000000d8   Code   RO          729    i.PowerControl      control.o
    0x0800430c   0x0800430c   0x00000044   Code   RO          674    i.Rammer_motor_output  can_my.o
    0x08004350   0x08004350   0x000000c8   Code   RO          798    i.Rammer_pid        pid.o
    0x08004418   0x08004418   0x00000002   Code   RO          485    i.SVC_Handler       stm32f4xx_it.o
    0x0800441a   0x0800441a   0x0000000e   Code   RO          486    i.SysTick_Handler   stm32f4xx_it.o
    0x08004428   0x08004428   0x000000a8   Code   RO           13    i.SystemClock_Config  main.o
    0x080044d0   0x080044d0   0x00000054   Code   RO          634    i.SystemInit        system_stm32f4xx.o
    0x08004524   0x08004524   0x00000014   Code   RO          487    i.TIM6_DAC_IRQHandler  stm32f4xx_it.o
    0x08004538   0x08004538   0x000000c0   Code   RO         1786    i.TIM_Base_SetConfig  stm32f4xx_hal_tim.o
    0x080045f8   0x080045f8   0x00000016   Code   RO         1787    i.TIM_CCxChannelCmd  stm32f4xx_hal_tim.o
    0x0800460e   0x0800460e   0x00000014   Code   RO         1793    i.TIM_ETR_SetConfig  stm32f4xx_hal_tim.o
    0x08004622   0x08004622   0x00000010   Code   RO         1794    i.TIM_ITRx_SetConfig  stm32f4xx_hal_tim.o
    0x08004632   0x08004632   0x00000002   PAD
    0x08004634   0x08004634   0x00000058   Code   RO         1795    i.TIM_OC1_SetConfig  stm32f4xx_hal_tim.o
    0x0800468c   0x0800468c   0x00000064   Code   RO         1796    i.TIM_OC2_SetConfig  stm32f4xx_hal_tim.o
    0x080046f0   0x080046f0   0x00000060   Code   RO         1797    i.TIM_OC3_SetConfig  stm32f4xx_hal_tim.o
    0x08004750   0x08004750   0x00000050   Code   RO         1798    i.TIM_OC4_SetConfig  stm32f4xx_hal_tim.o
    0x080047a0   0x080047a0   0x00000022   Code   RO         1800    i.TIM_TI1_ConfigInputStage  stm32f4xx_hal_tim.o
    0x080047c2   0x080047c2   0x00000024   Code   RO         1802    i.TIM_TI2_ConfigInputStage  stm32f4xx_hal_tim.o
    0x080047e6   0x080047e6   0x00000002   PAD
    0x080047e8   0x080047e8   0x00000154   Code   RO          867    i.Timer_interrupt   timer.o
    0x0800493c   0x0800493c   0x00000048   Code   RO          488    i.UART4_IRQHandler  stm32f4xx_it.o
    0x08004984   0x08004984   0x00000010   Code   RO         2608    i.UART_DMAAbortOnError  stm32f4xx_hal_uart.o
    0x08004994   0x08004994   0x0000004a   Code   RO         2609    i.UART_DMAError     stm32f4xx_hal_uart.o
    0x080049de   0x080049de   0x0000003c   Code   RO         2610    i.UART_DMAReceiveCplt  stm32f4xx_hal_uart.o
    0x08004a1a   0x08004a1a   0x0000000a   Code   RO         2612    i.UART_DMARxHalfCplt  stm32f4xx_hal_uart.o
    0x08004a24   0x08004a24   0x0000001c   Code   RO         2618    i.UART_EndRxTransfer  stm32f4xx_hal_uart.o
    0x08004a40   0x08004a40   0x00000012   Code   RO         2619    i.UART_EndTxTransfer  stm32f4xx_hal_uart.o
    0x08004a52   0x08004a52   0x0000008c   Code   RO         2620    i.UART_Receive_IT   stm32f4xx_hal_uart.o
    0x08004ade   0x08004ade   0x00000002   PAD
    0x08004ae0   0x08004ae0   0x000002ac   Code   RO         2621    i.UART_SetConfig    stm32f4xx_hal_uart.o
    0x08004d8c   0x08004d8c   0x00000062   Code   RO         2622    i.UART_Transmit_IT  stm32f4xx_hal_uart.o
    0x08004dee   0x08004dee   0x00000064   Code   RO         2623    i.UART_WaitOnFlagUntilTimeout  stm32f4xx_hal_uart.o
    0x08004e52   0x08004e52   0x00000002   PAD
    0x08004e54   0x08004e54   0x00000048   Code   RO          489    i.USART2_IRQHandler  stm32f4xx_it.o
    0x08004e9c   0x08004e9c   0x0000004c   Code   RO          490    i.USART6_IRQHandler  stm32f4xx_it.o
    0x08004ee8   0x08004ee8   0x00000048   Code   RO          675    i.Underpan_motor_output  can_my.o
    0x08004f30   0x08004f30   0x0000016c   Code   RO          799    i.Underpan_pid      pid.o
    0x0800509c   0x0800509c   0x00000002   Code   RO          491    i.UsageFault_Handler  stm32f4xx_it.o
    0x0800509e   0x0800509e   0x00000002   Code   RO           14    i._Error_Handler    main.o
    0x080050a0   0x080050a0   0x00000030   Code   RO         4081    i.__ARM_fpclassify  m_wm.l(fpclassify.o)
    0x080050d0   0x080050d0   0x00000020   Code   RO         3723    i.__NVIC_SetPriority  stm32f4xx_hal_cortex.o
    0x080050f0   0x080050f0   0x000002d8   Code   RO         4020    i.__hardfp_atan     m_wm.l(atan.o)
    0x080053c8   0x080053c8   0x000000f8   Code   RO         4083    i.__kernel_poly     m_wm.l(poly.o)
    0x080054c0   0x080054c0   0x00000014   Code   RO         4062    i.__mathlib_dbl_infnan  m_wm.l(dunder.o)
    0x080054d4   0x080054d4   0x00000004   PAD
    0x080054d8   0x080054d8   0x00000020   Code   RO         4067    i.__mathlib_dbl_underflow  m_wm.l(dunder.o)
    0x080054f8   0x080054f8   0x0000000e   Code   RO         4116    i.__scatterload_copy  mc_w.l(handlers.o)
    0x08005506   0x08005506   0x00000002   Code   RO         4117    i.__scatterload_null  mc_w.l(handlers.o)
    0x08005508   0x08005508   0x0000000e   Code   RO         4118    i.__scatterload_zeroinit  mc_w.l(handlers.o)
    0x08005516   0x08005516   0x00000002   PAD
    0x08005518   0x08005518   0x00000034   Code   RO         1133    i.delay_us          delay.o
    0x0800554c   0x0800554c   0x00000018   Code   RO         4077    i.fabs              m_wm.l(fabs.o)
    0x08005564   0x08005564   0x000001c4   Code   RO           15    i.main              main.o
    0x08005728   0x08005728   0x0000001c   Code   RO          730    i.para_init         control.o
    0x08005744   0x08005744   0x00000048   Code   RO          897    i.sendware          usart_my.o
    0x0800578c   0x0800578c   0x00000100   Code   RO          731    i.telecontroller_data  control.o
    0x0800588c   0x0800588c   0x00000010   Data   RO          635    .constdata          system_stm32f4xx.o
    0x0800589c   0x0800589c   0x00000008   Data   RO          636    .constdata          system_stm32f4xx.o
    0x080058a4   0x080058a4   0x00000008   Data   RO         3422    .constdata          stm32f4xx_hal_dma.o
    0x080058ac   0x080058ac   0x00000004   PAD
    0x080058b0   0x080058b0   0x00000098   Data   RO         4023    .constdata          m_wm.l(atan.o)
    0x08005948   0x08005948   0x00000020   Data   RO         4114    Region$$Table       anon$$obj.o


    Execution Region RW_IRAM1 (Exec base: 0x20000000, Load base: 0x08005968, Size: 0x00000d08, Max: 0x00030000, ABSOLUTE)

    Exec Addr    Load Addr    Size         Type   Attr      Idx    E Section Name        Object

    0x20000000   0x08005968   0x00000004   Data   RW          232    .data               adc.o
    0x20000004   0x0800596c   0x0000000c   Data   RW          492    .data               stm32f4xx_it.o
    0x20000010   0x08005978   0x00000004   Data   RW          637    .data               system_stm32f4xx.o
    0x20000014   0x0800597c   0x0000000c   Data   RW          678    .data               can_my.o
    0x20000020   0x08005988   0x00000018   Data   RW          740    .data               control.o
    0x20000038   0x080059a0   0x00000004   Data   RW          868    .data               timer.o
    0x2000003c   0x080059a4   0x00000004   PAD
    0x20000040   0x080059a8   0x00000010   Data   RW          901    .data               usart_my.o
    0x20000050   0x080059b8   0x00000001   Data   RW         1134    .data               delay.o
    0x20000051   0x080059b9   0x00000007   PAD
    0x20000058   0x080059c0   0x00000050   Data   RW         1171    .data               filter.o
    0x200000a8   0x08005a10   0x0000000c   Data   RW         3867    .data               stm32f4xx_hal.o
    0x200000b4        -       0x00000048   Zero   RW          231    .bss                adc.o
    0x200000fc        -       0x00000028   Zero   RW          280    .bss                can.o
    0x20000124        -       0x0000012c   Zero   RW          351    .bss                tim.o
    0x20000250        -       0x00000160   Zero   RW          421    .bss                usart.o
    0x200003b0        -       0x00000018   Zero   RW          676    .bss                can_my.o
    0x200003c8        -       0x0000001c   Zero   RW          677    .bss                can_my.o
    0x200003e4        -       0x00000054   Zero   RW          732    .bss                control.o
    0x20000438        -       0x0000000c   Zero   RW          733    .bss                control.o
    0x20000444        -       0x0000000c   Zero   RW          734    .bss                control.o
    0x20000450        -       0x0000000e   Zero   RW          735    .bss                control.o
    0x2000045e        -       0x0000000e   Zero   RW          736    .bss                control.o
    0x2000046c        -       0x0000000e   Zero   RW          737    .bss                control.o
    0x2000047a        -       0x0000000a   Zero   RW          738    .bss                control.o
    0x20000484        -       0x0000001c   Zero   RW          739    .bss                control.o
    0x200004a0        -       0x00000320   Zero   RW          800    .bss                pid.o
    0x200007c0        -       0x0000000a   Zero   RW          900    .bss                usart_my.o
    0x200007ca   0x08005a1c   0x00000002   PAD
    0x200007cc        -       0x0000007c   Zero   RW         1038    .bss                mpu6050.o
    0x20000848        -       0x00000060   Zero   RW         1167    .bss                filter.o
    0x200008a8        -       0x00000060   Zero   RW         1168    .bss                filter.o
    0x20000908        -       0x00000400   Zero   RW            1    STACK               startup_stm32f427xx.o


==============================================================================

Image component sizes


      Code (inc. data)   RO Data    RW Data    ZI Data      Debug   Object Name

       336         84          0          4         72       2224   adc.o
       192         36          0          0         40       1593   can.o
       488         80          0         12         52       3807   can_my.o
       584         90          0         24        188       5203   control.o
        52          4          0          1          0        823   delay.o
        44          4          0          0          0        738   dma.o
       248         22          0         80        192       1718   filter.o
       240         16          0          0          0       1059   gpio.o
       622         84          0          0          0     763028   main.o
       692         10          0          0        124       9825   mpu6050.o
       564         68          0          0          0       4378   myiic.o
      1470        154          0          0        800       7877   pid.o
        36          8        428          0       1024        828   startup_stm32f427xx.o
       180         28          0         12          0       4533   stm32f4xx_hal.o
      1242         54          0          0          0       6221   stm32f4xx_hal_adc.o
         2          0          0          0          0        969   stm32f4xx_hal_adc_ex.o
      1662          6          0          0          0      14419   stm32f4xx_hal_can.o
       232         14          0          0          0      35881   stm32f4xx_hal_cortex.o
       948         16          8          0          0       6418   stm32f4xx_hal_dma.o
       470         52          0          0          0       2416   stm32f4xx_hal_gpio.o
       132          6          0          0          0        894   stm32f4xx_hal_msp.o
       112         14          0          0          0       1272   stm32f4xx_hal_pwr_ex.o
      1276         86          0          0          0       5576   stm32f4xx_hal_rcc.o
      1718         88          0          0          0      17273   stm32f4xx_hal_tim.o
       174          0          0          0          0       3198   stm32f4xx_hal_tim_ex.o
      2164         28          0          0          0      14381   stm32f4xx_hal_uart.o
       362         78          0         12          0       8733   stm32f4xx_it.o
        84         18         24          4          0       1135   system_stm32f4xx.o
      1120        186          0          0        300       5082   tim.o
       340         64          0          4          0        824   timer.o
       700        162          0          0        352       3678   usart.o
       940        118          0         16         10       3776   usart_my.o

    ----------------------------------------------------------------------
     19456       1678        496        180       3156     939780   Object Totals
         0          0         32          0          0          0   (incl. Generated)
        30          0          4         11          2          0   (incl. Padding)

    ----------------------------------------------------------------------

      Code (inc. data)   RO Data    RW Data    ZI Data      Debug   Library Member Name

       728        106        152          0          0        228   atan.o
        52          8          0          0          0        248   dunder.o
        24          0          0          0          0        124   fabs.o
        48          0          0          0          0        124   fpclassify.o
       248          0          0          0          0        152   poly.o
         0          0          0          0          0          0   entry.o
         0          0          0          0          0          0   entry10a.o
         0          0          0          0          0          0   entry11a.o
         8          4          0          0          0          0   entry2.o
         4          0          0          0          0          0   entry5.o
         0          0          0          0          0          0   entry7b.o
         0          0          0          0          0          0   entry8b.o
         8          4          0          0          0          0   entry9a.o
        30          0          0          0          0          0   handlers.o
        36          8          0          0          0         68   init.o
         0          0          0          0          0          0   iusefp.o
        30          0          0          0          0         68   llshl.o
        36          0          0          0          0         68   llsshr.o
        32          0          0          0          0         68   llushr.o
        98          0          0          0          0         92   uldiv.o
        48          0          0          0          0         68   cdcmple.o
        48          0          0          0          0         68   cdrcmple.o
        56          0          0          0          0         88   d2f.o
       334          0          0          0          0        148   dadd.o
       222          0          0          0          0        100   ddiv.o
       186          0          0          0          0        176   depilogue.o
        62          0          0          0          0         80   dfixi.o
        34          0          0          0          0         76   dflti.o
        26          0          0          0          0         76   dfltui.o
       228          0          0          0          0         96   dmul.o
        38          0          0          0          0         68   f2d.o
       110          0          0          0          0        168   fepilogue.o

    ----------------------------------------------------------------------
      2784        130        152          0          0       2452   Library Totals
        10          0          0          0          0          0   (incl. Padding)

    ----------------------------------------------------------------------

      Code (inc. data)   RO Data    RW Data    ZI Data      Debug   Library Name

      1100        114        152          0          0        876   m_wm.l
       282         16          0          0          0        364   mc_w.l
      1392          0          0          0          0       1212   mf_w.l

    ----------------------------------------------------------------------
      2784        130        152          0          0       2452   Library Totals

    ----------------------------------------------------------------------

==============================================================================


      Code (inc. data)   RO Data    RW Data    ZI Data      Debug   

     22240       1808        648        180       3156     923608   Grand Totals
     22240       1808        648        180       3156     923608   ELF Image Totals
     22240       1808        648        180          0          0   ROM Totals

==============================================================================

    Total RO  Size (Code + RO Data)                22888 (  22.35kB)
    Total RW  Size (RW Data + ZI Data)              3336 (   3.26kB)
    Total ROM Size (Code + RO Data + RW Data)      23068 (  22.53kB)

==============================================================================

