<html>
<body>
<pre>
<h1>µVision Build Log</h1>
<h2>Tool Versions:</h2>
IDE-Version: ¦ÌVision V5.26.2.0
Copyright (C) 2018 ARM Ltd and ARM Germany GmbH. All rights reserved.
License Information: 1 1, 1, LIC=MPPBS-LMSXL-Q0MNJ-UIK1S-JKCD4-UVBSC
 
Tool Versions:
Toolchain:       MDK-ARM Plus  Version: 5.26.2.0
Toolchain Path:  C:\ProgramSetup\keil5\ARM\ARMCC\Bin
C Compiler:      Armcc.exe V5.06 update 6 (build 750)
Assembler:       Armasm.exe V5.06 update 6 (build 750)
Linker/Locator:  ArmLink.exe V5.06 update 6 (build 750)
Library Manager: ArmAr.exe V5.06 update 6 (build 750)
Hex Converter:   FromElf.exe V5.06 update 6 (build 750)
CPU DLL:         SARMCM3.DLL V5.26.2.0
Dialog DLL:      DCM.DLL V1.17.2.0
Target DLL:      STLink\ST-LINKIII-KEIL_SWO.dll V3.0.5.0
Dialog DLL:      TCM.DLL V1.36.1.0
 
<h2>Project:</h2>
E:\RM\hero-rammer\hero-rammer\MDK-ARM\hero.uvprojx
Project File Date:  01/19/2019

<h2>Output:</h2>
*** Using Compiler 'V5.06 update 6 (build 750)', folder: 'C:\ProgramSetup\keil5\ARM\ARMCC\Bin'
Build target 'hero'
compiling control.c...
..\Control\Src\control.c(170): warning:  #1035-D: single-precision operand implicitly converted to double-precision
  			if(CurrentCapVoltage<0.5)
..\Control\Src\control.c(186): warning:  #1035-D: single-precision operand implicitly converted to double-precision
      if (CurrentCapVoltage>3.2)
..\Control\Src\control.c(122): warning:  #177-D: variable "err"  was declared but never referenced
  	float err=0.2;
..\Control\Src\control.c: 3 warnings, 0 errors
linking...
Program Size: Code=22240 RO-data=648 RW-data=180 ZI-data=3156  
FromELF: creating hex file...
"hero\hero.axf" - 0 Error(s), 3 Warning(s).

<h2>Software Packages used:</h2>

Package Vendor: ARM
                http://www.keil.com/pack/ARM.CMSIS.5.4.0.pack
                ARM.CMSIS.5.4.0
                CMSIS (Cortex Microcontroller Software Interface Standard)
   * Component: CORE Version: 5.1.2

Package Vendor: Keil
                http://www.keil.com/pack/Keil.STM32F4xx_DFP.2.13.0.pack
                Keil.STM32F4xx_DFP.2.13.0
                STMicroelectronics STM32F4 Series Device Support, Drivers and Examples

<h2>Collection of Component include folders:</h2>
  .\RTE\_hero
  C:\ProgramSetup\keil5\ARM\PACK\ARM\CMSIS\5.4.0\CMSIS\Core\Include
  C:\ProgramSetup\keil5\ARM\PACK\Keil\STM32F4xx_DFP\2.13.0\Drivers\CMSIS\Device\ST\STM32F4xx\Include

<h2>Collection of Component Files used:</h2>

   * Component: ARM::CMSIS:CORE:5.1.2
Build Time Elapsed:  00:00:02
</pre>
</body>
</html>
