Component: ARM Compiler 5.06 update 5 (build 528) Tool: armlink [4d35e2]

==============================================================================

Section Cross References

    startup_stm32f427xx.o(RESET) refers to startup_stm32f427xx.o(STACK) for __initial_sp
    startup_stm32f427xx.o(RESET) refers to startup_stm32f427xx.o(.text) for Reset_Handler
    startup_stm32f427xx.o(RESET) refers to stm32f4xx_it.o(i.NMI_Handler) for NMI_Handler
    startup_stm32f427xx.o(RESET) refers to stm32f4xx_it.o(i.HardFault_Handler) for HardFault_Handler
    startup_stm32f427xx.o(RESET) refers to stm32f4xx_it.o(i.MemManage_Handler) for MemManage_Handler
    startup_stm32f427xx.o(RESET) refers to stm32f4xx_it.o(i.BusFault_Handler) for BusFault_Handler
    startup_stm32f427xx.o(RESET) refers to stm32f4xx_it.o(i.UsageFault_Handler) for UsageFault_Handler
    startup_stm32f427xx.o(RESET) refers to stm32f4xx_it.o(i.SVC_Handler) for SVC_Handler
    startup_stm32f427xx.o(RESET) refers to stm32f4xx_it.o(i.DebugMon_Handler) for DebugMon_Handler
    startup_stm32f427xx.o(RESET) refers to stm32f4xx_it.o(i.PendSV_Handler) for PendSV_Handler
    startup_stm32f427xx.o(RESET) refers to stm32f4xx_it.o(i.SysTick_Handler) for SysTick_Handler
    startup_stm32f427xx.o(RESET) refers to stm32f4xx_it.o(i.CAN1_TX_IRQHandler) for CAN1_TX_IRQHandler
    startup_stm32f427xx.o(RESET) refers to stm32f4xx_it.o(i.CAN1_RX0_IRQHandler) for CAN1_RX0_IRQHandler
    startup_stm32f427xx.o(RESET) refers to stm32f4xx_it.o(i.USART2_IRQHandler) for USART2_IRQHandler
    startup_stm32f427xx.o(RESET) refers to stm32f4xx_it.o(i.UART4_IRQHandler) for UART4_IRQHandler
    startup_stm32f427xx.o(RESET) refers to stm32f4xx_it.o(i.TIM6_DAC_IRQHandler) for TIM6_DAC_IRQHandler
    startup_stm32f427xx.o(RESET) refers to stm32f4xx_it.o(i.DMA2_Stream2_IRQHandler) for DMA2_Stream2_IRQHandler
    startup_stm32f427xx.o(RESET) refers to stm32f4xx_it.o(i.USART6_IRQHandler) for USART6_IRQHandler
    startup_stm32f427xx.o(.text) refers to system_stm32f4xx.o(i.SystemInit) for SystemInit
    startup_stm32f427xx.o(.text) refers to entry.o(.ARM.Collect$$$$00000000) for __main
    main.o(i.SystemClock_Config) refers to stm32f4xx_hal_rcc.o(i.HAL_RCC_OscConfig) for HAL_RCC_OscConfig
    main.o(i.SystemClock_Config) refers to stm32f4xx_hal_pwr_ex.o(i.HAL_PWREx_EnableOverDrive) for HAL_PWREx_EnableOverDrive
    main.o(i.SystemClock_Config) refers to stm32f4xx_hal_rcc.o(i.HAL_RCC_ClockConfig) for HAL_RCC_ClockConfig
    main.o(i.SystemClock_Config) refers to stm32f4xx_hal_rcc.o(i.HAL_RCC_GetHCLKFreq) for HAL_RCC_GetHCLKFreq
    main.o(i.SystemClock_Config) refers to stm32f4xx_hal_cortex.o(i.HAL_SYSTICK_Config) for HAL_SYSTICK_Config
    main.o(i.SystemClock_Config) refers to stm32f4xx_hal_cortex.o(i.HAL_SYSTICK_CLKSourceConfig) for HAL_SYSTICK_CLKSourceConfig
    main.o(i.SystemClock_Config) refers to stm32f4xx_hal_cortex.o(i.HAL_NVIC_SetPriority) for HAL_NVIC_SetPriority
    main.o(i.main) refers to stm32f4xx_hal.o(i.HAL_Init) for HAL_Init
    main.o(i.main) refers to main.o(i.SystemClock_Config) for SystemClock_Config
    main.o(i.main) refers to control.o(i.para_init) for para_init
    main.o(i.main) refers to gpio.o(i.MX_GPIO_Init) for MX_GPIO_Init
    main.o(i.main) refers to dma.o(i.MX_DMA_Init) for MX_DMA_Init
    main.o(i.main) refers to can.o(i.MX_CAN1_Init) for MX_CAN1_Init
    main.o(i.main) refers to tim.o(i.MX_TIM4_Init) for MX_TIM4_Init
    main.o(i.main) refers to tim.o(i.MX_TIM6_Init) for MX_TIM6_Init
    main.o(i.main) refers to tim.o(i.MX_TIM12_Init) for MX_TIM12_Init
    main.o(i.main) refers to usart.o(i.MX_UART4_Init) for MX_UART4_Init
    main.o(i.main) refers to usart.o(i.MX_USART1_UART_Init) for MX_USART1_UART_Init
    main.o(i.main) refers to usart.o(i.MX_USART6_UART_Init) for MX_USART6_UART_Init
    main.o(i.main) refers to usart.o(i.MX_USART2_UART_Init) for MX_USART2_UART_Init
    main.o(i.main) refers to tim.o(i.MX_TIM1_Init) for MX_TIM1_Init
    main.o(i.main) refers to stm32f4xx_hal_cortex.o(i.HAL_NVIC_SetPriority) for HAL_NVIC_SetPriority
    main.o(i.main) refers to stm32f4xx_hal_cortex.o(i.HAL_NVIC_EnableIRQ) for HAL_NVIC_EnableIRQ
    main.o(i.main) refers to stm32f4xx_hal_uart.o(i.HAL_UART_Receive_DMA) for HAL_UART_Receive_DMA
    main.o(i.main) refers to stm32f4xx_hal_tim.o(i.HAL_TIM_Base_Start_IT) for HAL_TIM_Base_Start_IT
    main.o(i.main) refers to can_my.o(i.CAN1_Init) for CAN1_Init
    main.o(i.main) refers to stm32f4xx_hal_gpio.o(i.HAL_GPIO_WritePin) for HAL_GPIO_WritePin
    main.o(i.main) refers to stm32f4xx_hal.o(i.HAL_Delay) for HAL_Delay
    main.o(i.main) refers to mpu6050.o(i.MPU6050_Init) for MPU6050_Init
    main.o(i.main) refers to stm32f4xx_hal_tim.o(i.HAL_TIM_PWM_Start) for HAL_TIM_PWM_Start
    main.o(i.main) refers to stm32f4xx_hal_uart.o(i.HAL_UART_Receive_IT) for HAL_UART_Receive_IT
    main.o(i.main) refers to d2f.o(.text) for __aeabi_d2f
    main.o(i.main) refers to usart_my.o(i.sendware) for sendware
[...]
    i.HAL_CAN_RxFifo1MsgPendingCallback      0x0800145a   Section        0  stm32f4xx_hal_can.o(i.HAL_CAN_RxFifo1MsgPendingCallback)
    i.HAL_CAN_SleepCallback                  0x0800145c   Section        0  stm32f4xx_hal_can.o(i.HAL_CAN_SleepCallback)
    i.HAL_CAN_Start                          0x08001460   Section        0  stm32f4xx_hal_can.o(i.HAL_CAN_Start)
    i.HAL_CAN_TxMailbox0AbortCallback        0x080014b8   Section        0  stm32f4xx_hal_can.o(i.HAL_CAN_TxMailbox0AbortCallback)
    i.HAL_CAN_TxMailbox0CompleteCallback     0x080014ba   Section        0  stm32f4xx_hal_can.o(i.HAL_CAN_TxMailbox0CompleteCallback)
    i.HAL_CAN_TxMailbox1AbortCallback        0x080014bc   Section        0  stm32f4xx_hal_can.o(i.HAL_CAN_TxMailbox1AbortCallback)
    i.HAL_CAN_TxMailbox1CompleteCallback     0x080014be   Section        0  stm32f4xx_hal_can.o(i.HAL_CAN_TxMailbox1CompleteCallback)
    i.HAL_CAN_TxMailbox2AbortCallback        0x080014c0   Section        0  stm32f4xx_hal_can.o(i.HAL_CAN_TxMailbox2AbortCallback)
    i.HAL_CAN_TxMailbox2CompleteCallback     0x080014c2   Section        0  stm32f4xx_hal_can.o(i.HAL_CAN_TxMailbox2CompleteCallback)
    i.HAL_CAN_WakeUpFromRxMsgCallback        0x080014c4   Section        0  stm32f4xx_hal_can.o(i.HAL_CAN_WakeUpFromRxMsgCallback)
    i.HAL_DMA_Abort_IT                       0x080014c6   Section        0  stm32f4xx_hal_dma.o(i.HAL_DMA_Abort_IT)
    i.HAL_DMA_IRQHandler                     0x080014ec   Section        0  stm32f4xx_hal_dma.o(i.HAL_DMA_IRQHandler)
    i.HAL_DMA_Init                           0x0800168c   Section        0  stm32f4xx_hal_dma.o(i.HAL_DMA_Init)
    i.HAL_DMA_Start_IT                       0x08001760   Section        0  stm32f4xx_hal_dma.o(i.HAL_DMA_Start_IT)
    i.HAL_Delay                              0x080017d8   Section        0  stm32f4xx_hal.o(i.HAL_Delay)
    i.HAL_GPIO_Init                          0x080017fc   Section        0  stm32f4xx_hal_gpio.o(i.HAL_GPIO_Init)
    i.HAL_GPIO_WritePin                      0x080019c8   Section        0  stm32f4xx_hal_gpio.o(i.HAL_GPIO_WritePin)
    i.HAL_GetTick                            0x080019d4   Section        0  stm32f4xx_hal.o(i.HAL_GetTick)
    i.HAL_IncTick                            0x080019e0   Section        0  stm32f4xx_hal.o(i.HAL_IncTick)
    i.HAL_Init                               0x080019f0   Section        0  stm32f4xx_hal.o(i.HAL_Init)
    i.HAL_InitTick                           0x08001a24   Section        0  stm32f4xx_hal.o(i.HAL_InitTick)
    i.HAL_MspInit                            0x08001a64   Section        0  stm32f4xx_hal_msp.o(i.HAL_MspInit)
    i.HAL_MultiProcessor_Init                0x08001ae8   Section        0  stm32f4xx_hal_uart.o(i.HAL_MultiProcessor_Init)
    i.HAL_NVIC_EnableIRQ                     0x08001b76   Section        0  stm32f4xx_hal_cortex.o(i.HAL_NVIC_EnableIRQ)
    i.HAL_NVIC_SetPriority                   0x08001b8c   Section        0  stm32f4xx_hal_cortex.o(i.HAL_NVIC_SetPriority)
    i.HAL_NVIC_SetPriorityGrouping           0x08001bcc   Section        0  stm32f4xx_hal_cortex.o(i.HAL_NVIC_SetPriorityGrouping)
    i.HAL_PWREx_EnableOverDrive              0x08001bf0   Section        0  stm32f4xx_hal_pwr_ex.o(i.HAL_PWREx_EnableOverDrive)
    i.HAL_RCC_ClockConfig                    0x08001c60   Section        0  stm32f4xx_hal_rcc.o(i.HAL_RCC_ClockConfig)
    i.HAL_RCC_GetHCLKFreq                    0x08001d90   Section        0  stm32f4xx_hal_rcc.o(i.HAL_RCC_GetHCLKFreq)
    i.HAL_RCC_GetPCLK1Freq                   0x08001d9c   Section        0  stm32f4xx_hal_rcc.o(i.HAL_RCC_GetPCLK1Freq)
    i.HAL_RCC_GetPCLK2Freq                   0x08001dbc   Section        0  stm32f4xx_hal_rcc.o(i.HAL_RCC_GetPCLK2Freq)
    i.HAL_RCC_GetSysClockFreq                0x08001ddc   Section        0  stm32f4xx_hal_rcc.o(i.HAL_RCC_GetSysClockFreq)
    i.HAL_RCC_OscConfig                      0x08001e40   Section        0  stm32f4xx_hal_rcc.o(i.HAL_RCC_OscConfig)
    i.HAL_SYSTICK_CLKSourceConfig            0x0800215c   Section        0  stm32f4xx_hal_cortex.o(i.HAL_SYSTICK_CLKSourceConfig)
    i.HAL_SYSTICK_Callback                   0x08002174   Section        0  stm32f4xx_hal_cortex.o(i.HAL_SYSTICK_Callback)
    i.HAL_SYSTICK_Config                     0x08002176   Section        0  stm32f4xx_hal_cortex.o(i.HAL_SYSTICK_Config)
    i.HAL_SYSTICK_IRQHandler                 0x0800219e   Section        0  stm32f4xx_hal_cortex.o(i.HAL_SYSTICK_IRQHandler)
    i.HAL_TIMEx_BreakCallback                0x080021a6   Section        0  stm32f4xx_hal_tim_ex.o(i.HAL_TIMEx_BreakCallback)
    i.HAL_TIMEx_CommutationCallback          0x080021a8   Section        0  stm32f4xx_hal_tim_ex.o(i.HAL_TIMEx_CommutationCallback)
    i.HAL_TIMEx_ConfigBreakDeadTime          0x080021aa   Section        0  stm32f4xx_hal_tim_ex.o(i.HAL_TIMEx_ConfigBreakDeadTime)
    i.HAL_TIMEx_MasterConfigSynchronization  0x08002204   Section        0  stm32f4xx_hal_tim_ex.o(i.HAL_TIMEx_MasterConfigSynchronization)
    i.HAL_TIM_Base_Init                      0x08002254   Section        0  stm32f4xx_hal_tim.o(i.HAL_TIM_Base_Init)
    i.HAL_TIM_Base_MspInit                   0x0800228c   Section        0  tim.o(i.HAL_TIM_Base_MspInit)
    i.HAL_TIM_Base_Start_IT                  0x08002304   Section        0  stm32f4xx_hal_tim.o(i.HAL_TIM_Base_Start_IT)
    i.HAL_TIM_ConfigClockSource              0x0800231c   Section        0  stm32f4xx_hal_tim.o(i.HAL_TIM_ConfigClockSource)
    i.HAL_TIM_IC_CaptureCallback             0x0800240e   Section        0  stm32f4xx_hal_tim.o(i.HAL_TIM_IC_CaptureCallback)
    i.HAL_TIM_IRQHandler                     0x08002410   Section        0  stm32f4xx_hal_tim.o(i.HAL_TIM_IRQHandler)
    i.HAL_TIM_MspPostInit                    0x08002578   Section        0  tim.o(i.HAL_TIM_MspPostInit)
    i.HAL_TIM_OC_DelayElapsedCallback        0x08002604   Section        0  stm32f4xx_hal_tim.o(i.HAL_TIM_OC_DelayElapsedCallback)
    i.HAL_TIM_PWM_ConfigChannel              0x08002606   Section        0  stm32f4xx_hal_tim.o(i.HAL_TIM_PWM_ConfigChannel)
    i.HAL_TIM_PWM_Init                       0x080026d6   Section        0  stm32f4xx_hal_tim.o(i.HAL_TIM_PWM_Init)
    i.HAL_TIM_PWM_MspInit                    0x0800270c   Section        0  stm32f4xx_hal_tim.o(i.HAL_TIM_PWM_MspInit)
    i.HAL_TIM_PWM_PulseFinishedCallback      0x0800270e   Section        0  stm32f4xx_hal_tim.o(i.HAL_TIM_PWM_PulseFinishedCallback)
    i.HAL_TIM_PWM_Start                      0x08002710   Section        0  stm32f4xx_hal_tim.o(i.HAL_TIM_PWM_Start)
    i.HAL_TIM_PeriodElapsedCallback          0x08002748   Section        0  stm32f4xx_hal_tim.o(i.HAL_TIM_PeriodElapsedCallback)
    i.HAL_TIM_TriggerCallback                0x0800274a   Section        0  stm32f4xx_hal_tim.o(i.HAL_TIM_TriggerCallback)
    i.HAL_UART_ErrorCallback                 0x0800274c   Section        0  usart_my.o(i.HAL_UART_ErrorCallback)
    i.HAL_UART_GetState                      0x0800276c   Section        0  stm32f4xx_hal_uart.o(i.HAL_UART_GetState)
    i.HAL_UART_IRQHandler                    0x08002778   Section        0  stm32f4xx_hal_uart.o(i.HAL_UART_IRQHandler)
    i.HAL_UART_Init                          0x08002888   Section        0  stm32f4xx_hal_uart.o(i.HAL_UART_Init)
    i.HAL_UART_MspInit                       0x080028ec   Section        0  usart.o(i.HAL_UART_MspInit)
    i.HAL_UART_Receive_DMA                   0x08002a6c   Section        0  stm32f4xx_hal_uart.o(i.HAL_UART_Receive_DMA)
    i.HAL_UART_Receive_IT                    0x08002b04   Section        0  stm32f4xx_hal_uart.o(i.HAL_UART_Receive_IT)
    i.HAL_UART_RxCpltCallback                0x08002b4c   Section        0  usart_my.o(i.HAL_UART_RxCpltCallback)
    i.HAL_UART_RxHalfCpltCallback            0x08002e8c   Section        0  stm32f4xx_hal_uart.o(i.HAL_UART_RxHalfCpltCallback)
    i.HAL_UART_Transmit                      0x08002e8e   Section        0  stm32f4xx_hal_uart.o(i.HAL_UART_Transmit)
    i.HAL_UART_TxCpltCallback                0x08002f48   Section        0  stm32f4xx_hal_uart.o(i.HAL_UART_TxCpltCallback)
    i.HardFault_Handler                      0x08002f4a   Section        0  stm32f4xx_it.o(i.HardFault_Handler)
    i.IIC_Ack                                0x08002f4c   Section        0  myiic.o(i.IIC_Ack)
    i.IIC_Init                               0x08002f8c   Section        0  myiic.o(i.IIC_Init)
    i.IIC_NAck                               0x08002fa0   Section        0  myiic.o(i.IIC_NAck)
    i.IIC_Read_Byte                          0x08002fe0   Section        0  myiic.o(i.IIC_Read_Byte)
    i.IIC_Send_Byte                          0x08003048   Section        0  myiic.o(i.IIC_Send_Byte)
    i.IIC_Start                              0x080030a8   Section        0  myiic.o(i.IIC_Start)
    i.IIC_Stop                               0x080030e8   Section        0  myiic.o(i.IIC_Stop)
    i.IIC_Wait_Ack                           0x0800312c   Section        0  myiic.o(i.IIC_Wait_Ack)
    i.Judge_Getdata                          0x08003180   Section        0  control.o(i.Judge_Getdata)
    i.MPU6050_GetData                        0x08003190   Section        0  mpu6050.o(i.MPU6050_GetData)
    i.MPU6050_Init                           0x0800320c   Section        0  mpu6050.o(i.MPU6050_Init)
    i.MPU_Get_Accelerometer                  0x08003286   Section        0  mpu6050.o(i.MPU_Get_Accelerometer)
    i.MPU_Get_Gyroscope                      0x080032b8   Section        0  mpu6050.o(i.MPU_Get_Gyroscope)
    i.MPU_Read_Byte                          0x080032ea   Section        0  mpu6050.o(i.MPU_Read_Byte)
    i.MPU_Read_Len                           0x08003324   Section        0  mpu6050.o(i.MPU_Read_Len)
    i.MPU_Set_Accel_Fsr                      0x08003390   Section        0  mpu6050.o(i.MPU_Set_Accel_Fsr)
    i.MPU_Set_Gyro_Fsr                       0x0800339a   Section        0  mpu6050.o(i.MPU_Set_Gyro_Fsr)
    i.MPU_Set_LPF                            0x080033a4   Section        0  mpu6050.o(i.MPU_Set_LPF)
    i.MPU_Set_Rate                           0x080033da   Section        0  mpu6050.o(i.MPU_Set_Rate)
    i.MPU_Write_Byte                         0x08003408   Section        0  mpu6050.o(i.MPU_Write_Byte)
    i.MX_CAN1_Init                           0x08003444   Section        0  can.o(i.MX_CAN1_Init)
    i.MX_DMA_Init                            0x0800349c   Section        0  dma.o(i.MX_DMA_Init)
    i.MX_GPIO_Init                           0x080034b8   Section        0  gpio.o(i.MX_GPIO_Init)
    i.MX_TIM12_Init                          0x08003598   Section        0  tim.o(i.MX_TIM12_Init)
    i.MX_TIM1_Init                           0x08003640   Section        0  tim.o(i.MX_TIM1_Init)
    i.MX_TIM4_Init                           0x08003758   Section        0  tim.o(i.MX_TIM4_Init)
    i.MX_TIM6_Init                           0x08003804   Section        0  tim.o(i.MX_TIM6_Init)
    i.MX_UART4_Init                          0x0800385c   Section        0  usart.o(i.MX_UART4_Init)
    i.MX_USART1_UART_Init                    0x080038a8   Section        0  usart.o(i.MX_USART1_UART_Init)
    i.MX_USART2_UART_Init                    0x080038f8   Section        0  usart.o(i.MX_USART2_UART_Init)
    i.MX_USART6_UART_Init                    0x08003948   Section        0  usart.o(i.MX_USART6_UART_Init)
    i.MemManage_Handler                      0x08003998   Section        0  stm32f4xx_it.o(i.MemManage_Handler)
    i.NMI_Handler                            0x0800399a   Section        0  stm32f4xx_it.o(i.NMI_Handler)
    i.NVIC_SetPriority                       0x0800399c   Section        0  stm32f4xx_hal_cortex.o(i.NVIC_SetPriority)
    NVIC_SetPriority                         0x0800399d   Thumb Code    32  stm32f4xx_hal_cortex.o(i.NVIC_SetPriority)
    i.PID_Calc                               0x080039bc   Section        0  pid.o(i.PID_Calc)
    i.PID_Init                               0x08003a9c   Section        0  pid.o(i.PID_Init)
    i.PendSV_Handler                         0x08003ac0   Section        0  stm32f4xx_it.o(i.PendSV_Handler)
    i.Rammer_motor_output                    0x08003ac4   Section        0  can_my.o(i.Rammer_motor_output)
    i.Rammer_pid                             0x08003b08   Section        0  pid.o(i.Rammer_pid)
    i.SVC_Handler                            0x08003bd0   Section        0  stm32f4xx_it.o(i.SVC_Handler)
    i.SysTick_Handler                        0x08003bd2   Section        0  stm32f4xx_it.o(i.SysTick_Handler)
    i.SystemClock_Config                     0x08003be0   Section        0  main.o(i.SystemClock_Config)
    i.SystemInit                             0x08003c88   Section        0  system_stm32f4xx.o(i.SystemInit)
    i.TIM6_DAC_IRQHandler                    0x08003cdc   Section        0  stm32f4xx_it.o(i.TIM6_DAC_IRQHandler)
    i.TIM_Base_SetConfig                     0x08003cf0   Section        0  stm32f4xx_hal_tim.o(i.TIM_Base_SetConfig)
    i.TIM_CCxChannelCmd                      0x08003db0   Section        0  stm32f4xx_hal_tim.o(i.TIM_CCxChannelCmd)
    i.TIM_ETR_SetConfig                      0x08003dc6   Section        0  stm32f4xx_hal_tim.o(i.TIM_ETR_SetConfig)
    TIM_ETR_SetConfig                        0x08003dc7   Thumb Code    20  stm32f4xx_hal_tim.o(i.TIM_ETR_SetConfig)
    i.TIM_ITRx_SetConfig                     0x08003dda   Section        0  stm32f4xx_hal_tim.o(i.TIM_ITRx_SetConfig)
    TIM_ITRx_SetConfig                       0x08003ddb   Thumb Code    16  stm32f4xx_hal_tim.o(i.TIM_ITRx_SetConfig)
    i.TIM_OC1_SetConfig                      0x08003dec   Section        0  stm32f4xx_hal_tim.o(i.TIM_OC1_SetConfig)
    TIM_OC1_SetConfig                        0x08003ded   Thumb Code    80  stm32f4xx_hal_tim.o(i.TIM_OC1_SetConfig)
    i.TIM_OC2_SetConfig                      0x08003e44   Section        0  stm32f4xx_hal_tim.o(i.TIM_OC2_SetConfig)
    i.TIM_OC3_SetConfig                      0x08003ea8   Section        0  stm32f4xx_hal_tim.o(i.TIM_OC3_SetConfig)
    TIM_OC3_SetConfig                        0x08003ea9   Thumb Code    88  stm32f4xx_hal_tim.o(i.TIM_OC3_SetConfig)
    i.TIM_OC4_SetConfig                      0x08003f08   Section        0  stm32f4xx_hal_tim.o(i.TIM_OC4_SetConfig)
    TIM_OC4_SetConfig                        0x08003f09   Thumb Code    70  stm32f4xx_hal_tim.o(i.TIM_OC4_SetConfig)
    i.TIM_TI1_ConfigInputStage               0x08003f58   Section        0  stm32f4xx_hal_tim.o(i.TIM_TI1_ConfigInputStage)
    TIM_TI1_ConfigInputStage                 0x08003f59   Thumb Code    34  stm32f4xx_hal_tim.o(i.TIM_TI1_ConfigInputStage)
    i.TIM_TI2_ConfigInputStage               0x08003f7a   Section        0  stm32f4xx_hal_tim.o(i.TIM_TI2_ConfigInputStage)
    TIM_TI2_ConfigInputStage                 0x08003f7b   Thumb Code    36  stm32f4xx_hal_tim.o(i.TIM_TI2_ConfigInputStage)
    i.Timer_interrupt                        0x08003fa0   Section        0  timer.o(i.Timer_interrupt)
    i.UART4_IRQHandler                       0x080040e0   Section        0  stm32f4xx_it.o(i.UART4_IRQHandler)
    i.UART_DMAAbortOnError                   0x08004128   Section        0  stm32f4xx_hal_uart.o(i.UART_DMAAbortOnError)
    UART_DMAAbortOnError                     0x08004129   Thumb Code    16  stm32f4xx_hal_uart.o(i.UART_DMAAbortOnError)
    i.UART_DMAError                          0x08004138   Section        0  stm32f4xx_hal_uart.o(i.UART_DMAError)
    UART_DMAError                            0x08004139   Thumb Code    74  stm32f4xx_hal_uart.o(i.UART_DMAError)
    i.UART_DMAReceiveCplt                    0x08004182   Section        0  stm32f4xx_hal_uart.o(i.UART_DMAReceiveCplt)
    UART_DMAReceiveCplt                      0x08004183   Thumb Code    60  stm32f4xx_hal_uart.o(i.UART_DMAReceiveCplt)
    i.UART_DMARxHalfCplt                     0x080041be   Section        0  stm32f4xx_hal_uart.o(i.UART_DMARxHalfCplt)
    UART_DMARxHalfCplt                       0x080041bf   Thumb Code    10  stm32f4xx_hal_uart.o(i.UART_DMARxHalfCplt)
    i.UART_EndRxTransfer                     0x080041c8   Section        0  stm32f4xx_hal_uart.o(i.UART_EndRxTransfer)
    UART_EndRxTransfer                       0x080041c9   Thumb Code    28  stm32f4xx_hal_uart.o(i.UART_EndRxTransfer)
    i.UART_EndTxTransfer                     0x080041e4   Section        0  stm32f4xx_hal_uart.o(i.UART_EndTxTransfer)
    UART_EndTxTransfer                       0x080041e5   Thumb Code    18  stm32f4xx_hal_uart.o(i.UART_EndTxTransfer)
    i.UART_Receive_IT                        0x080041f6   Section        0  stm32f4xx_hal_uart.o(i.UART_Receive_IT)
    UART_Receive_IT                          0x080041f7   Thumb Code   140  stm32f4xx_hal_uart.o(i.UART_Receive_IT)
    i.UART_SetConfig                         0x08004284   Section        0  stm32f4xx_hal_uart.o(i.UART_SetConfig)
    UART_SetConfig                           0x08004285   Thumb Code   676  stm32f4xx_hal_uart.o(i.UART_SetConfig)
    i.UART_Transmit_IT                       0x08004530   Section        0  stm32f4xx_hal_uart.o(i.UART_Transmit_IT)
    UART_Transmit_IT                         0x08004531   Thumb Code    98  stm32f4xx_hal_uart.o(i.UART_Transmit_IT)
    i.UART_WaitOnFlagUntilTimeout            0x08004592   Section        0  stm32f4xx_hal_uart.o(i.UART_WaitOnFlagUntilTimeout)
    UART_WaitOnFlagUntilTimeout              0x08004593   Thumb Code   100  stm32f4xx_hal_uart.o(i.UART_WaitOnFlagUntilTimeout)
    i.USART2_IRQHandler                      0x080045f8   Section        0  stm32f4xx_it.o(i.USART2_IRQHandler)
    i.USART6_IRQHandler                      0x08004640   Section        0  stm32f4xx_it.o(i.USART6_IRQHandler)
    i.Underpan_motor_output                  0x0800468c   Section        0  can_my.o(i.Underpan_motor_output)
    i.Underpan_pid                           0x080046d4   Section        0  pid.o(i.Underpan_pid)
    i.UsageFault_Handler                     0x08004840   Section        0  stm32f4xx_it.o(i.UsageFault_Handler)
    i._Error_Handler                         0x08004842   Section        0  main.o(i._Error_Handler)
    i.__ARM_fpclassify                       0x08004844   Section        0  fpclassify.o(i.__ARM_fpclassify)
    i.__hardfp_atan                          0x08004878   Section        0  atan.o(i.__hardfp_atan)
    i.__kernel_poly                          0x08004b50   Section        0  poly.o(i.__kernel_poly)
    i.__mathlib_dbl_infnan                   0x08004c48   Section        0  dunder.o(i.__mathlib_dbl_infnan)
    i.__mathlib_dbl_underflow                0x08004c60   Section        0  dunder.o(i.__mathlib_dbl_underflow)
    i.__scatterload_copy                     0x08004c80   Section       14  handlers.o(i.__scatterload_copy)
    i.__scatterload_null                     0x08004c8e   Section        2  handlers.o(i.__scatterload_null)
    i.__scatterload_zeroinit                 0x08004c90   Section       14  handlers.o(i.__scatterload_zeroinit)
    i.delay_us                               0x08004ca0   Section        0  delay.o(i.delay_us)
    i.fabs                                   0x08004cd4   Section        0  fabs.o(i.fabs)
    i.main                                   0x08004cec   Section        0  main.o(i.main)
    i.para_init                              0x08004eb8   Section        0  control.o(i.para_init)
    i.sendware                               0x08004ed4   Section        0  usart_my.o(i.sendware)
    i.telecontroller_data                    0x08004f1c   Section        0  control.o(i.telecontroller_data)
    .constdata                               0x0800501c   Section        8  stm32f4xx_hal_dma.o(.constdata)
    flagBitshiftOffset                       0x0800501c   Data           8  stm32f4xx_hal_dma.o(.constdata)
    .constdata                               0x08005024   Section       16  system_stm32f4xx.o(.constdata)
    .constdata                               0x08005034   Section        8  system_stm32f4xx.o(.constdata)
    .constdata                               0x08005040   Section      152  atan.o(.constdata)
    atanhi                                   0x08005040   Data          32  atan.o(.constdata)
    atanlo                                   0x08005060   Data          32  atan.o(.constdata)
    aTodd                                    0x08005080   Data          40  atan.o(.constdata)
    aTeven                                   0x080050a8   Data          48  atan.o(.constdata)
    .data                                    0x20000000   Section       12  stm32f4xx_it.o(.data)
    aData                                    0x20000004   Data           8  stm32f4xx_it.o(.data)
    .data                                    0x2000000c   Section       12  stm32f4xx_hal.o(.data)
    .data                                    0x20000018   Section        4  system_stm32f4xx.o(.data)
    .data                                    0x2000001c   Section       12  can_my.o(.data)
    .data                                    0x20000028   Section        8  control.o(.data)
    .data                                    0x20000030   Section        2  timer.o(.data)
    .data                                    0x20000038   Section       24  usart_my.o(.data)
    .data                                    0x20000050   Section        1  delay.o(.data)
    fac_us                                   0x20000050   Data           1  delay.o(.data)
    .data                                    0x20000058   Section       80  filter.o(.data)
    .bss                                     0x200000a8   Section       40  can.o(.bss)
    .bss                                     0x200000d0   Section      240  tim.o(.bss)
    .bss                                     0x200001c0   Section      352  usart.o(.bss)
    .bss                                     0x20000320   Section       24  can_my.o(.bss)
    .bss                                     0x20000338   Section       28  can_my.o(.bss)
    .bss                                     0x20000354   Section       40  control.o(.bss)
    .bss                                     0x2000037c   Section       12  control.o(.bss)
    .bss                                     0x20000388   Section       12  control.o(.bss)
    .bss                                     0x20000394   Section       14  control.o(.bss)
    .bss                                     0x200003a2   Section       14  control.o(.bss)
    .bss                                     0x200003b0   Section       14  control.o(.bss)
    .bss                                     0x200003be   Section       10  control.o(.bss)
    .bss                                     0x200003c8   Section       28  control.o(.bss)
    .bss                                     0x200003e4   Section      736  pid.o(.bss)
    .bss                                     0x200006c4   Section       30  usart_my.o(.bss)
    .bss                                     0x200006e4   Section      124  mpu6050.o(.bss)
    .bss                                     0x20000760   Section       96  filter.o(.bss)
    .bss                                     0x200007c0   Section       96  filter.o(.bss)
    STACK                                    0x20000820   Section     1024  startup_stm32f427xx.o(STACK)

    Global Symbols

    Symbol Name                              Value     Ov Type        Size  Object(Section)

    BuildAttributes$$THM_ISAv4$E$P$D$K$B$S$7EM$VFPi3$EXTD16$VFPS$VFMA$PE$A:L22UL41UL21$X:L11$S22US41US21$IEEE1$IW$USESV6$~STKCKD$USESV7$~SHL$OTIME$ROPI$IEEEX$EBA8$MICROLIB$REQ8$PRES8$EABIv2 0x00000000   Number         0  anon$$obj.o ABSOLUTE
    __ARM_use_no_argv                        0x00000000   Number         0  main.o ABSOLUTE
    __cpp_initialize__aeabi_                  - Undefined Weak Reference
    __cxa_finalize                            - Undefined Weak Reference
    __decompress                              - Undefined Weak Reference
    _clock_init                               - Undefined Weak Reference
    _microlib_exit                            - Undefined Weak Reference
    __Vectors_Size                           0x000001ac   Number         0  startup_stm32f427xx.o ABSOLUTE
    __Vectors                                0x08000000   Data           4  startup_stm32f427xx.o(RESET)
    __Vectors_End                            0x080001ac   Data           0  startup_stm32f427xx.o(RESET)
    __main                                   0x080001ad   Thumb Code     0  entry.o(.ARM.Collect$$$$00000000)
    _main_stk                                0x080001ad   Thumb Code     0  entry2.o(.ARM.Collect$$$$00000001)
    _main_scatterload                        0x080001b1   Thumb Code     0  entry5.o(.ARM.Collect$$$$00000004)
    __main_after_scatterload                 0x080001b5   Thumb Code     0  entry5.o(.ARM.Collect$$$$00000004)
    _main_clock                              0x080001b5   Thumb Code     0  entry7b.o(.ARM.Collect$$$$00000008)
    _main_cpp_init                           0x080001b5   Thumb Code     0  entry8b.o(.ARM.Collect$$$$0000000A)
    _main_init                               0x080001b5   Thumb Code     0  entry9a.o(.ARM.Collect$$$$0000000B)
    __rt_final_cpp                           0x080001bd   Thumb Code     0  entry10a.o(.ARM.Collect$$$$0000000D)
    __rt_final_exit                          0x080001bd   Thumb Code     0  entry11a.o(.ARM.Collect$$$$0000000F)
    Reset_Handler                            0x080001c1   Thumb Code     8  startup_stm32f427xx.o(.text)
    ADC_IRQHandler                           0x080001db   Thumb Code     0  startup_stm32f427xx.o(.text)
    CAN1_RX1_IRQHandler                      0x080001db   Thumb Code     0  startup_stm32f427xx.o(.text)
    CAN1_SCE_IRQHandler                      0x080001db   Thumb Code     0  startup_stm32f427xx.o(.text)
    CAN2_RX0_IRQHandler                      0x080001db   Thumb Code     0  startup_stm32f427xx.o(.text)
    CAN2_RX1_IRQHandler                      0x080001db   Thumb Code     0  startup_stm32f427xx.o(.text)
    CAN2_SCE_IRQHandler                      0x080001db   Thumb Code     0  startup_stm32f427xx.o(.text)
    CAN2_TX_IRQHandler                       0x080001db   Thumb Code     0  startup_stm32f427xx.o(.text)
    DCMI_IRQHandler                          0x080001db   Thumb Code     0  startup_stm32f427xx.o(.text)
    DMA1_Stream0_IRQHandler                  0x080001db   Thumb Code     0  startup_stm32f427xx.o(.text)
    DMA1_Stream1_IRQHandler                  0x080001db   Thumb Code     0  startup_stm32f427xx.o(.text)
    DMA1_Stream2_IRQHandler                  0x080001db   Thumb Code     0  startup_stm32f427xx.o(.text)
    DMA1_Stream3_IRQHandler                  0x080001db   Thumb Code     0  startup_stm32f427xx.o(.text)
    DMA1_Stream4_IRQHandler                  0x080001db   Thumb Code     0  startup_stm32f427xx.o(.text)
    DMA1_Stream5_IRQHandler                  0x080001db   Thumb Code     0  startup_stm32f427xx.o(.text)
    DMA1_Stream6_IRQHandler                  0x080001db   Thumb Code     0  startup_stm32f427xx.o(.text)
    DMA1_Stream7_IRQHandler                  0x080001db   Thumb Code     0  startup_stm32f427xx.o(.text)
    DMA2D_IRQHandler                         0x080001db   Thumb Code     0  startup_stm32f427xx.o(.text)
    DMA2_Stream0_IRQHandler                  0x080001db   Thumb Code     0  startup_stm32f427xx.o(.text)
    DMA2_Stream1_IRQHandler                  0x080001db   Thumb Code     0  startup_stm32f427xx.o(.text)
    DMA2_Stream3_IRQHandler                  0x080001db   Thumb Code     0  startup_stm32f427xx.o(.text)
    DMA2_Stream4_IRQHandler                  0x080001db   Thumb Code     0  startup_stm32f427xx.o(.text)
    DMA2_Stream5_IRQHandler                  0x080001db   Thumb Code     0  startup_stm32f427xx.o(.text)
    DMA2_Stream6_IRQHandler                  0x080001db   Thumb Code     0  startup_stm32f427xx.o(.text)
    DMA2_Stream7_IRQHandler                  0x080001db   Thumb Code     0  startup_stm32f427xx.o(.text)
    ETH_IRQHandler                           0x080001db   Thumb Code     0  startup_stm32f427xx.o(.text)
    ETH_WKUP_IRQHandler                      0x080001db   Thumb Code     0  startup_stm32f427xx.o(.text)
    EXTI0_IRQHandler                         0x080001db   Thumb Code     0  startup_stm32f427xx.o(.text)
    EXTI15_10_IRQHandler                     0x080001db   Thumb Code     0  startup_stm32f427xx.o(.text)
    EXTI1_IRQHandler                         0x080001db   Thumb Code     0  startup_stm32f427xx.o(.text)
    EXTI2_IRQHandler                         0x080001db   Thumb Code     0  startup_stm32f427xx.o(.text)
    EXTI3_IRQHandler                         0x080001db   Thumb Code     0  startup_stm32f427xx.o(.text)
    EXTI4_IRQHandler                         0x080001db   Thumb Code     0  startup_stm32f427xx.o(.text)
    EXTI9_5_IRQHandler                       0x080001db   Thumb Code     0  startup_stm32f427xx.o(.text)
    FLASH_IRQHandler                         0x080001db   Thumb Code     0  startup_stm32f427xx.o(.text)
    FMC_IRQHandler                           0x080001db   Thumb Code     0  startup_stm32f427xx.o(.text)
    FPU_IRQHandler                           0x080001db   Thumb Code     0  startup_stm32f427xx.o(.text)
    HASH_RNG_IRQHandler                      0x080001db   Thumb Code     0  startup_stm32f427xx.o(.text)
    I2C1_ER_IRQHandler                       0x080001db   Thumb Code     0  startup_stm32f427xx.o(.text)
    I2C1_EV_IRQHandler                       0x080001db   Thumb Code     0  startup_stm32f427xx.o(.text)
    I2C2_ER_IRQHandler                       0x080001db   Thumb Code     0  startup_stm32f427xx.o(.text)
    I2C2_EV_IRQHandler                       0x080001db   Thumb Code     0  startup_stm32f427xx.o(.text)
    I2C3_ER_IRQHandler                       0x080001db   Thumb Code     0  startup_stm32f427xx.o(.text)
    I2C3_EV_IRQHandler                       0x080001db   Thumb Code     0  startup_stm32f427xx.o(.text)
    OTG_FS_IRQHandler                        0x080001db   Thumb Code     0  startup_stm32f427xx.o(.text)
    OTG_FS_WKUP_IRQHandler                   0x080001db   Thumb Code     0  startup_stm32f427xx.o(.text)
    OTG_HS_EP1_IN_IRQHandler                 0x080001db   Thumb Code     0  startup_stm32f427xx.o(.text)
    OTG_HS_EP1_OUT_IRQHandler                0x080001db   Thumb Code     0  startup_stm32f427xx.o(.text)
    OTG_HS_IRQHandler                        0x080001db   Thumb Code     0  startup_stm32f427xx.o(.text)
    OTG_HS_WKUP_IRQHandler                   0x080001db   Thumb Code     0  startup_stm32f427xx.o(.text)
    PVD_IRQHandler                           0x080001db   Thumb Code     0  startup_stm32f427xx.o(.text)
    RCC_IRQHandler                           0x080001db   Thumb Code     0  startup_stm32f427xx.o(.text)
    RTC_Alarm_IRQHandler                     0x080001db   Thumb Code     0  startup_stm32f427xx.o(.text)
    RTC_WKUP_IRQHandler                      0x080001db   Thumb Code     0  startup_stm32f427xx.o(.text)
    SAI1_IRQHandler                          0x080001db   Thumb Code     0  startup_stm32f427xx.o(.text)
    SDIO_IRQHandler                          0x080001db   Thumb Code     0  startup_stm32f427xx.o(.text)
    SPI1_IRQHandler                          0x080001db   Thumb Code     0  startup_stm32f427xx.o(.text)
    SPI2_IRQHandler                          0x080001db   Thumb Code     0  startup_stm32f427xx.o(.text)
    SPI3_IRQHandler                          0x080001db   Thumb Code     0  startup_stm32f427xx.o(.text)
    SPI4_IRQHandler                          0x080001db   Thumb Code     0  startup_stm32f427xx.o(.text)
    SPI5_IRQHandler                          0x080001db   Thumb Code     0  startup_stm32f427xx.o(.text)
    SPI6_IRQHandler                          0x080001db   Thumb Code     0  startup_stm32f427xx.o(.text)
    TAMP_STAMP_IRQHandler                    0x080001db   Thumb Code     0  startup_stm32f427xx.o(.text)
    TIM1_BRK_TIM9_IRQHandler                 0x080001db   Thumb Code     0  startup_stm32f427xx.o(.text)
    TIM1_CC_IRQHandler                       0x080001db   Thumb Code     0  startup_stm32f427xx.o(.text)
    TIM1_TRG_COM_TIM11_IRQHandler            0x080001db   Thumb Code     0  startup_stm32f427xx.o(.text)
    TIM1_UP_TIM10_IRQHandler                 0x080001db   Thumb Code     0  startup_stm32f427xx.o(.text)
    TIM2_IRQHandler                          0x080001db   Thumb Code     0  startup_stm32f427xx.o(.text)
    TIM3_IRQHandler                          0x080001db   Thumb Code     0  startup_stm32f427xx.o(.text)
    TIM4_IRQHandler                          0x080001db   Thumb Code     0  startup_stm32f427xx.o(.text)
    TIM5_IRQHandler                          0x080001db   Thumb Code     0  startup_stm32f427xx.o(.text)
    TIM7_IRQHandler                          0x080001db   Thumb Code     0  startup_stm32f427xx.o(.text)
    TIM8_BRK_TIM12_IRQHandler                0x080001db   Thumb Code     0  startup_stm32f427xx.o(.text)
    TIM8_CC_IRQHandler                       0x080001db   Thumb Code     0  startup_stm32f427xx.o(.text)
    TIM8_TRG_COM_TIM14_IRQHandler            0x080001db   Thumb Code     0  startup_stm32f427xx.o(.text)
    TIM8_UP_TIM13_IRQHandler                 0x080001db   Thumb Code     0  startup_stm32f427xx.o(.text)
    UART5_IRQHandler                         0x080001db   Thumb Code     0  startup_stm32f427xx.o(.text)
    UART7_IRQHandler                         0x080001db   Thumb Code     0  startup_stm32f427xx.o(.text)
    UART8_IRQHandler                         0x080001db   Thumb Code     0  startup_stm32f427xx.o(.text)
    USART1_IRQHandler                        0x080001db   Thumb Code     0  startup_stm32f427xx.o(.text)
    USART3_IRQHandler                        0x080001db   Thumb Code     0  startup_stm32f427xx.o(.text)
    WWDG_IRQHandler                          0x080001db   Thumb Code     0  startup_stm32f427xx.o(.text)
    __aeabi_uldivmod                         0x080001e5   Thumb Code    98  uldiv.o(.text)
    __aeabi_dadd                             0x08000247   Thumb Code   322  dadd.o(.text)
    __aeabi_dsub                             0x08000389   Thumb Code     6  dadd.o(.text)
    __aeabi_drsub                            0x0800038f   Thumb Code     6  dadd.o(.text)
    __aeabi_dmul                             0x08000395   Thumb Code   228  dmul.o(.text)
    __aeabi_ddiv                             0x08000479   Thumb Code   222  ddiv.o(.text)
    __aeabi_i2d                              0x08000557   Thumb Code    34  dflti.o(.text)
    __aeabi_d2iz                             0x08000579   Thumb Code    62  dfixi.o(.text)
    __aeabi_f2d                              0x080005b7   Thumb Code    38  f2d.o(.text)
    __aeabi_cdcmpeq                          0x080005dd   Thumb Code     0  cdcmple.o(.text)
    __aeabi_cdcmple                          0x080005dd   Thumb Code    48  cdcmple.o(.text)
    __aeabi_cdrcmple                         0x0800060d   Thumb Code    48  cdrcmple.o(.text)
    __aeabi_d2f                              0x0800063d   Thumb Code    56  d2f.o(.text)
    __aeabi_llsl                             0x08000675   Thumb Code    30  llshl.o(.text)
    _ll_shift_l                              0x08000675   Thumb Code     0  llshl.o(.text)
    __aeabi_llsr                             0x08000693   Thumb Code    32  llushr.o(.text)
    _ll_ushift_r                             0x08000693   Thumb Code     0  llushr.o(.text)
    __aeabi_lasr                             0x080006b3   Thumb Code    36  llsshr.o(.text)
    _ll_sshift_r                             0x080006b3   Thumb Code     0  llsshr.o(.text)
    __I$use$fp                               0x080006d7   Thumb Code     0  iusefp.o(.text)
    _float_round                             0x080006d7   Thumb Code    18  fepilogue.o(.text)
    _float_epilogue                          0x080006e9   Thumb Code    92  fepilogue.o(.text)
    _double_round                            0x08000745   Thumb Code    30  depilogue.o(.text)
    _double_epilogue                         0x08000763   Thumb Code   156  depilogue.o(.text)
    __scatterload                            0x08000801   Thumb Code    28  init.o(.text)
    __scatterload_rt2                        0x08000801   Thumb Code     0  init.o(.text)
    ALLPID_Init                              0x08000825   Thumb Code   350  pid.o(i.ALLPID_Init)
    BusFault_Handler                         0x080009c1   Thumb Code     2  stm32f4xx_it.o(i.BusFault_Handler)
    CAN1_Init                                0x080009c5   Thumb Code    56  can_my.o(i.CAN1_Init)
    CAN1_RX0_IRQHandler                      0x08000a01   Thumb Code    34  stm32f4xx_it.o(i.CAN1_RX0_IRQHandler)
    CAN1_TX_IRQHandler                       0x08000a31   Thumb Code     6  stm32f4xx_it.o(i.CAN1_TX_IRQHandler)
    CAN_Getdata                              0x08000a3d   Thumb Code   206  can_my.o(i.CAN_Getdata)
    Chebyshev50HzLPF                         0x08000b25   Thumb Code   226  filter.o(i.Chebyshev50HzLPF)
    Cloud_Position                           0x08000c1d   Thumb Code    92  pid.o(i.Cloud_Position)
    Cloud_Speed                              0x08000c8d   Thumb Code    80  pid.o(i.Cloud_Speed)
    Cloud_motor_output                       0x08000ce9   Thumb Code    42  can_my.o(i.Cloud_motor_output)
    DMA2_Stream2_IRQHandler                  0x08000d21   Thumb Code    16  stm32f4xx_it.o(i.DMA2_Stream2_IRQHandler)
    DebugMon_Handler                         0x08000dd9   Thumb Code     2  stm32f4xx_it.o(i.DebugMon_Handler)
    HAL_CAN_ActivateNotification             0x08000ddb   Thumb Code    40  stm32f4xx_hal_can.o(i.HAL_CAN_ActivateNotification)
    HAL_CAN_AddTxMessage                     0x08000e03   Thumb Code   200  stm32f4xx_hal_can.o(i.HAL_CAN_AddTxMessage)
    HAL_CAN_ConfigFilter                     0x08000ecd   Thumb Code   262  stm32f4xx_hal_can.o(i.HAL_CAN_ConfigFilter)
    HAL_CAN_ErrorCallback                    0x08000fd9   Thumb Code     2  stm32f4xx_hal_can.o(i.HAL_CAN_ErrorCallback)
    HAL_CAN_GetRxMessage                     0x08000fdb   Thumb Code   250  stm32f4xx_hal_can.o(i.HAL_CAN_GetRxMessage)
    HAL_CAN_IRQHandler                       0x080010d5   Thumb Code   508  stm32f4xx_hal_can.o(i.HAL_CAN_IRQHandler)
    HAL_CAN_Init                             0x080012d1   Thumb Code   282  stm32f4xx_hal_can.o(i.HAL_CAN_Init)
    HAL_CAN_MspInit                          0x080013ed   Thumb Code    92  can.o(i.HAL_CAN_MspInit)
    HAL_CAN_RxFifo0FullCallback              0x08001455   Thumb Code     2  stm32f4xx_hal_can.o(i.HAL_CAN_RxFifo0FullCallback)
    HAL_CAN_RxFifo0MsgPendingCallback        0x08001457   Thumb Code     2  stm32f4xx_hal_can.o(i.HAL_CAN_RxFifo0MsgPendingCallback)
    HAL_CAN_RxFifo1FullCallback              0x08001459   Thumb Code     2  stm32f4xx_hal_can.o(i.HAL_CAN_RxFifo1FullCallback)
    HAL_CAN_RxFifo1MsgPendingCallback        0x0800145b   Thumb Code     2  stm32f4xx_hal_can.o(i.HAL_CAN_RxFifo1MsgPendingCallback)
    HAL_CAN_SleepCallback                    0x0800145d   Thumb Code     2  stm32f4xx_hal_can.o(i.HAL_CAN_SleepCallback)
    HAL_CAN_Start                            0x08001461   Thumb Code    88  stm32f4xx_hal_can.o(i.HAL_CAN_Start)
    HAL_CAN_TxMailbox0AbortCallback          0x080014b9   Thumb Code     2  stm32f4xx_hal_can.o(i.HAL_CAN_TxMailbox0AbortCallback)
    HAL_CAN_TxMailbox0CompleteCallback       0x080014bb   Thumb Code     2  stm32f4xx_hal_can.o(i.HAL_CAN_TxMailbox0CompleteCallback)
    HAL_CAN_TxMailbox1AbortCallback          0x080014bd   Thumb Code     2  stm32f4xx_hal_can.o(i.HAL_CAN_TxMailbox1AbortCallback)
    HAL_CAN_TxMailbox1CompleteCallback       0x080014bf   Thumb Code     2  stm32f4xx_hal_can.o(i.HAL_CAN_TxMailbox1CompleteCallback)
    HAL_CAN_TxMailbox2AbortCallback          0x080014c1   Thumb Code     2  stm32f4xx_hal_can.o(i.HAL_CAN_TxMailbox2AbortCallback)
    HAL_CAN_TxMailbox2CompleteCallback       0x080014c3   Thumb Code     2  stm32f4xx_hal_can.o(i.HAL_CAN_TxMailbox2CompleteCallback)
    HAL_CAN_WakeUpFromRxMsgCallback          0x080014c5   Thumb Code     2  stm32f4xx_hal_can.o(i.HAL_CAN_WakeUpFromRxMsgCallback)
    HAL_DMA_Abort_IT                         0x080014c7   Thumb Code    36  stm32f4xx_hal_dma.o(i.HAL_DMA_Abort_IT)
    HAL_DMA_IRQHandler                       0x080014ed   Thumb Code   412  stm32f4xx_hal_dma.o(i.HAL_DMA_IRQHandler)
    HAL_DMA_Init                             0x0800168d   Thumb Code   206  stm32f4xx_hal_dma.o(i.HAL_DMA_Init)
    HAL_DMA_Start_IT                         0x08001761   Thumb Code   120  stm32f4xx_hal_dma.o(i.HAL_DMA_Start_IT)
    HAL_Delay                                0x080017d9   Thumb Code    32  stm32f4xx_hal.o(i.HAL_Delay)
    HAL_GPIO_Init                            0x080017fd   Thumb Code   408  stm32f4xx_hal_gpio.o(i.HAL_GPIO_Init)
    HAL_GPIO_WritePin                        0x080019c9   Thumb Code    10  stm32f4xx_hal_gpio.o(i.HAL_GPIO_WritePin)
    HAL_GetTick                              0x080019d5   Thumb Code     6  stm32f4xx_hal.o(i.HAL_GetTick)
    HAL_IncTick                              0x080019e1   Thumb Code    12  stm32f4xx_hal.o(i.HAL_IncTick)
    HAL_Init                                 0x080019f1   Thumb Code    48  stm32f4xx_hal.o(i.HAL_Init)
    HAL_InitTick                             0x08001a25   Thumb Code    54  stm32f4xx_hal.o(i.HAL_InitTick)
    HAL_MspInit                              0x08001a65   Thumb Code   126  stm32f4xx_hal_msp.o(i.HAL_MspInit)
    HAL_MultiProcessor_Init                  0x08001ae9   Thumb Code   142  stm32f4xx_hal_uart.o(i.HAL_MultiProcessor_Init)
    HAL_NVIC_EnableIRQ                       0x08001b77   Thumb Code    22  stm32f4xx_hal_cortex.o(i.HAL_NVIC_EnableIRQ)
    HAL_NVIC_SetPriority                     0x08001b8d   Thumb Code    60  stm32f4xx_hal_cortex.o(i.HAL_NVIC_SetPriority)
    HAL_NVIC_SetPriorityGrouping             0x08001bcd   Thumb Code    26  stm32f4xx_hal_cortex.o(i.HAL_NVIC_SetPriorityGrouping)
    HAL_PWREx_EnableOverDrive                0x08001bf1   Thumb Code    98  stm32f4xx_hal_pwr_ex.o(i.HAL_PWREx_EnableOverDrive)
    HAL_RCC_ClockConfig                      0x08001c61   Thumb Code   286  stm32f4xx_hal_rcc.o(i.HAL_RCC_ClockConfig)
    HAL_RCC_GetHCLKFreq                      0x08001d91   Thumb Code     6  stm32f4xx_hal_rcc.o(i.HAL_RCC_GetHCLKFreq)
    HAL_RCC_GetPCLK1Freq                     0x08001d9d   Thumb Code    20  stm32f4xx_hal_rcc.o(i.HAL_RCC_GetPCLK1Freq)
    HAL_RCC_GetPCLK2Freq                     0x08001dbd   Thumb Code    20  stm32f4xx_hal_rcc.o(i.HAL_RCC_GetPCLK2Freq)
    HAL_RCC_GetSysClockFreq                  0x08001ddd   Thumb Code    88  stm32f4xx_hal_rcc.o(i.HAL_RCC_GetSysClockFreq)
    HAL_RCC_OscConfig                        0x08001e41   Thumb Code   770  stm32f4xx_hal_rcc.o(i.HAL_RCC_OscConfig)
    HAL_SYSTICK_CLKSourceConfig              0x0800215d   Thumb Code    24  stm32f4xx_hal_cortex.o(i.HAL_SYSTICK_CLKSourceConfig)
    HAL_SYSTICK_Callback                     0x08002175   Thumb Code     2  stm32f4xx_hal_cortex.o(i.HAL_SYSTICK_Callback)
    HAL_SYSTICK_Config                       0x08002177   Thumb Code    40  stm32f4xx_hal_cortex.o(i.HAL_SYSTICK_Config)
    HAL_SYSTICK_IRQHandler                   0x0800219f   Thumb Code     8  stm32f4xx_hal_cortex.o(i.HAL_SYSTICK_IRQHandler)
    HAL_TIMEx_BreakCallback                  0x080021a7   Thumb Code     2  stm32f4xx_hal_tim_ex.o(i.HAL_TIMEx_BreakCallback)
    HAL_TIMEx_CommutationCallback            0x080021a9   Thumb Code     2  stm32f4xx_hal_tim_ex.o(i.HAL_TIMEx_CommutationCallback)
    HAL_TIMEx_ConfigBreakDeadTime            0x080021ab   Thumb Code    90  stm32f4xx_hal_tim_ex.o(i.HAL_TIMEx_ConfigBreakDeadTime)
    HAL_TIMEx_MasterConfigSynchronization    0x08002205   Thumb Code    80  stm32f4xx_hal_tim_ex.o(i.HAL_TIMEx_MasterConfigSynchronization)
    HAL_TIM_Base_Init                        0x08002255   Thumb Code    54  stm32f4xx_hal_tim.o(i.HAL_TIM_Base_Init)
    HAL_TIM_Base_MspInit                     0x0800228d   Thumb Code   100  tim.o(i.HAL_TIM_Base_MspInit)
    HAL_TIM_Base_Start_IT                    0x08002305   Thumb Code    24  stm32f4xx_hal_tim.o(i.HAL_TIM_Base_Start_IT)
    HAL_TIM_ConfigClockSource                0x0800231d   Thumb Code   242  stm32f4xx_hal_tim.o(i.HAL_TIM_ConfigClockSource)
    HAL_TIM_IC_CaptureCallback               0x0800240f   Thumb Code     2  stm32f4xx_hal_tim.o(i.HAL_TIM_IC_CaptureCallback)
    HAL_TIM_IRQHandler                       0x08002411   Thumb Code   358  stm32f4xx_hal_tim.o(i.HAL_TIM_IRQHandler)
    HAL_TIM_MspPostInit                      0x08002579   Thumb Code   110  tim.o(i.HAL_TIM_MspPostInit)
    HAL_TIM_OC_DelayElapsedCallback          0x08002605   Thumb Code     2  stm32f4xx_hal_tim.o(i.HAL_TIM_OC_DelayElapsedCallback)
    HAL_TIM_PWM_ConfigChannel                0x08002607   Thumb Code   208  stm32f4xx_hal_tim.o(i.HAL_TIM_PWM_ConfigChannel)
    HAL_TIM_PWM_Init                         0x080026d7   Thumb Code    54  stm32f4xx_hal_tim.o(i.HAL_TIM_PWM_Init)
    HAL_TIM_PWM_MspInit                      0x0800270d   Thumb Code     2  stm32f4xx_hal_tim.o(i.HAL_TIM_PWM_MspInit)
    HAL_TIM_PWM_PulseFinishedCallback        0x0800270f   Thumb Code     2  stm32f4xx_hal_tim.o(i.HAL_TIM_PWM_PulseFinishedCallback)
    HAL_TIM_PWM_Start                        0x08002711   Thumb Code    48  stm32f4xx_hal_tim.o(i.HAL_TIM_PWM_Start)
    HAL_TIM_PeriodElapsedCallback            0x08002749   Thumb Code     2  stm32f4xx_hal_tim.o(i.HAL_TIM_PeriodElapsedCallback)
    HAL_TIM_TriggerCallback                  0x0800274b   Thumb Code     2  stm32f4xx_hal_tim.o(i.HAL_TIM_TriggerCallback)
    HAL_UART_ErrorCallback                   0x0800274d   Thumb Code    26  usart_my.o(i.HAL_UART_ErrorCallback)
    HAL_UART_GetState                        0x0800276d   Thumb Code    10  stm32f4xx_hal_uart.o(i.HAL_UART_GetState)
    HAL_UART_IRQHandler                      0x08002779   Thumb Code   266  stm32f4xx_hal_uart.o(i.HAL_UART_IRQHandler)
    HAL_UART_Init                            0x08002889   Thumb Code    98  stm32f4xx_hal_uart.o(i.HAL_UART_Init)
    HAL_UART_MspInit                         0x080028ed   Thumb Code   326  usart.o(i.HAL_UART_MspInit)
    HAL_UART_Receive_DMA                     0x08002a6d   Thumb Code   138  stm32f4xx_hal_uart.o(i.HAL_UART_Receive_DMA)
    HAL_UART_Receive_IT                      0x08002b05   Thumb Code    72  stm32f4xx_hal_uart.o(i.HAL_UART_Receive_IT)
    HAL_UART_RxCpltCallback                  0x08002b4d   Thumb Code   752  usart_my.o(i.HAL_UART_RxCpltCallback)
    HAL_UART_RxHalfCpltCallback              0x08002e8d   Thumb Code     2  stm32f4xx_hal_uart.o(i.HAL_UART_RxHalfCpltCallback)
    HAL_UART_Transmit                        0x08002e8f   Thumb Code   186  stm32f4xx_hal_uart.o(i.HAL_UART_Transmit)
    HAL_UART_TxCpltCallback                  0x08002f49   Thumb Code     2  stm32f4xx_hal_uart.o(i.HAL_UART_TxCpltCallback)
    HardFault_Handler                        0x08002f4b   Thumb Code     2  stm32f4xx_it.o(i.HardFault_Handler)
    IIC_Ack                                  0x08002f4d   Thumb Code    56  myiic.o(i.IIC_Ack)
    IIC_Init                                 0x08002f8d   Thumb Code    14  myiic.o(i.IIC_Init)
    IIC_NAck                                 0x08002fa1   Thumb Code    56  myiic.o(i.IIC_NAck)
    IIC_Read_Byte                            0x08002fe1   Thumb Code    96  myiic.o(i.IIC_Read_Byte)
    IIC_Send_Byte                            0x08003049   Thumb Code    86  myiic.o(i.IIC_Send_Byte)
    IIC_Start                                0x080030a9   Thumb Code    56  myiic.o(i.IIC_Start)
    IIC_Stop                                 0x080030e9   Thumb Code    58  myiic.o(i.IIC_Stop)
    IIC_Wait_Ack                             0x0800312d   Thumb Code    74  myiic.o(i.IIC_Wait_Ack)
    Judge_Getdata                            0x08003181   Thumb Code    12  control.o(i.Judge_Getdata)
    MPU6050_GetData                          0x08003191   Thumb Code   114  mpu6050.o(i.MPU6050_GetData)
    MPU6050_Init                             0x0800320d   Thumb Code   122  mpu6050.o(i.MPU6050_Init)
    MPU_Get_Accelerometer                    0x08003287   Thumb Code    50  mpu6050.o(i.MPU_Get_Accelerometer)
    MPU_Get_Gyroscope                        0x080032b9   Thumb Code    50  mpu6050.o(i.MPU_Get_Gyroscope)
    MPU_Read_Byte                            0x080032eb   Thumb Code    58  mpu6050.o(i.MPU_Read_Byte)
    MPU_Read_Len                             0x08003325   Thumb Code   108  mpu6050.o(i.MPU_Read_Len)
    MPU_Set_Accel_Fsr                        0x08003391   Thumb Code    10  mpu6050.o(i.MPU_Set_Accel_Fsr)
    MPU_Set_Gyro_Fsr                         0x0800339b   Thumb Code    10  mpu6050.o(i.MPU_Set_Gyro_Fsr)
    MPU_Set_LPF                              0x080033a5   Thumb Code    54  mpu6050.o(i.MPU_Set_LPF)
    MPU_Set_Rate                             0x080033db   Thumb Code    46  mpu6050.o(i.MPU_Set_Rate)
    MPU_Write_Byte                           0x08003409   Thumb Code    60  mpu6050.o(i.MPU_Write_Byte)
    MX_CAN1_Init                             0x08003445   Thumb Code    64  can.o(i.MX_CAN1_Init)
    MX_DMA_Init                              0x0800349d   Thumb Code    22  dma.o(i.MX_DMA_Init)
    MX_GPIO_Init                             0x080034b9   Thumb Code   208  gpio.o(i.MX_GPIO_Init)
    MX_TIM12_Init                            0x08003599   Thumb Code   144  tim.o(i.MX_TIM12_Init)
    MX_TIM1_Init                             0x08003641   Thumb Code   254  tim.o(i.MX_TIM1_Init)
    MX_TIM4_Init                             0x08003759   Thumb Code   146  tim.o(i.MX_TIM4_Init)
    MX_TIM6_Init                             0x08003805   Thumb Code    62  tim.o(i.MX_TIM6_Init)
    MX_UART4_Init                            0x0800385d   Thumb Code    52  usart.o(i.MX_UART4_Init)
    MX_USART1_UART_Init                      0x080038a9   Thumb Code    52  usart.o(i.MX_USART1_UART_Init)
    MX_USART2_UART_Init                      0x080038f9   Thumb Code    54  usart.o(i.MX_USART2_UART_Init)
    MX_USART6_UART_Init                      0x08003949   Thumb Code    54  usart.o(i.MX_USART6_UART_Init)
    MemManage_Handler                        0x08003999   Thumb Code     2  stm32f4xx_it.o(i.MemManage_Handler)
    NMI_Handler                              0x0800399b   Thumb Code     2  stm32f4xx_it.o(i.NMI_Handler)
    PID_Calc                                 0x080039bd   Thumb Code   222  pid.o(i.PID_Calc)
    PID_Init                                 0x08003a9d   Thumb Code    30  pid.o(i.PID_Init)
    PendSV_Handler                           0x08003ac1   Thumb Code     2  stm32f4xx_it.o(i.PendSV_Handler)
    Rammer_motor_output                      0x08003ac5   Thumb Code    54  can_my.o(i.Rammer_motor_output)
    Rammer_pid                               0x08003b09   Thumb Code   172  pid.o(i.Rammer_pid)
    SVC_Handler                              0x08003bd1   Thumb Code     2  stm32f4xx_it.o(i.SVC_Handler)
    SysTick_Handler                          0x08003bd3   Thumb Code    14  stm32f4xx_it.o(i.SysTick_Handler)
    SystemClock_Config                       0x08003be1   Thumb Code   158  main.o(i.SystemClock_Config)
    SystemInit                               0x08003c89   Thumb Code    66  system_stm32f4xx.o(i.SystemInit)
    TIM6_DAC_IRQHandler                      0x08003cdd   Thumb Code    16  stm32f4xx_it.o(i.TIM6_DAC_IRQHandler)
    TIM_Base_SetConfig                       0x08003cf1   Thumb Code   148  stm32f4xx_hal_tim.o(i.TIM_Base_SetConfig)
    TIM_CCxChannelCmd                        0x08003db1   Thumb Code    22  stm32f4xx_hal_tim.o(i.TIM_CCxChannelCmd)
    TIM_OC2_SetConfig                        0x08003e45   Thumb Code    90  stm32f4xx_hal_tim.o(i.TIM_OC2_SetConfig)
    Timer_interrupt                          0x08003fa1   Thumb Code   260  timer.o(i.Timer_interrupt)
    UART4_IRQHandler                         0x080040e1   Thumb Code    60  stm32f4xx_it.o(i.UART4_IRQHandler)
    USART2_IRQHandler                        0x080045f9   Thumb Code    58  stm32f4xx_it.o(i.USART2_IRQHandler)
    USART6_IRQHandler                        0x08004641   Thumb Code    58  stm32f4xx_it.o(i.USART6_IRQHandler)
    Underpan_motor_output                    0x0800468d   Thumb Code    60  can_my.o(i.Underpan_motor_output)
    Underpan_pid                             0x080046d5   Thumb Code   340  pid.o(i.Underpan_pid)
    UsageFault_Handler                       0x08004841   Thumb Code     2  stm32f4xx_it.o(i.UsageFault_Handler)
    _Error_Handler                           0x08004843   Thumb Code     2  main.o(i._Error_Handler)
    __ARM_fpclassify                         0x08004845   Thumb Code    48  fpclassify.o(i.__ARM_fpclassify)
    __hardfp_atan                            0x08004879   Thumb Code   622  atan.o(i.__hardfp_atan)
    __kernel_poly                            0x08004b51   Thumb Code   248  poly.o(i.__kernel_poly)
    __mathlib_dbl_infnan                     0x08004c49   Thumb Code    20  dunder.o(i.__mathlib_dbl_infnan)
    __mathlib_dbl_underflow                  0x08004c61   Thumb Code    24  dunder.o(i.__mathlib_dbl_underflow)
    __scatterload_copy                       0x08004c81   Thumb Code    14  handlers.o(i.__scatterload_copy)
    __scatterload_null                       0x08004c8f   Thumb Code     2  handlers.o(i.__scatterload_null)
    __scatterload_zeroinit                   0x08004c91   Thumb Code    14  handlers.o(i.__scatterload_zeroinit)
    delay_us                                 0x08004ca1   Thumb Code    48  delay.o(i.delay_us)
    fabs                                     0x08004cd5   Thumb Code    24  fabs.o(i.fabs)
    main                                     0x08004ced   Thumb Code   390  main.o(i.main)
    para_init                                0x08004eb9   Thumb Code    22  control.o(i.para_init)
    sendware                                 0x08004ed5   Thumb Code    60  usart_my.o(i.sendware)
    telecontroller_data                      0x08004f1d   Thumb Code   216  control.o(i.telecontroller_data)
    AHBPrescTable                            0x08005024   Data          16  system_stm32f4xx.o(.constdata)
    APBPrescTable                            0x08005034   Data           8  system_stm32f4xx.o(.constdata)
    Region$$Table$$Base                      0x080050d8   Number         0  anon$$obj.o(Region$$Table)
    Region$$Table$$Limit                     0x080050f8   Number         0  anon$$obj.o(Region$$Table)
    timeout                                  0x20000000   Data           4  stm32f4xx_it.o(.data)
    uwTickFreq                               0x2000000c   Data           1  stm32f4xx_hal.o(.data)
    uwTickPrio                               0x20000010   Data           4  stm32f4xx_hal.o(.data)
    uwTick                                   0x20000014   Data           4  stm32f4xx_hal.o(.data)
    SystemCoreClock                          0x20000018   Data           4  system_stm32f4xx.o(.data)
    pTxMailbox                               0x2000001c   Data           4  can_my.o(.data)
    TxData                                   0x20000020   Data           8  can_my.o(.data)
    pitch                                    0x20000028   Data           2  control.o(.data)
    yaw                                      0x2000002a   Data           2  control.o(.data)
    judge                                    0x2000002c   Data           4  control.o(.data)
    Timetick1ms                              0x20000030   Data           2  timer.o(.data)
    cheat_ready                              0x20000038   Data           1  usart_my.o(.data)
    RX_PID_Count                             0x20000039   Data           1  usart_my.o(.data)
    RX_PID_Sum                               0x2000003a   Data           1  usart_my.o(.data)
    a                                        0x2000003b   Data           1  usart_my.o(.data)
    pidReadBuf                               0x2000003c   Data           1  usart_my.o(.data)
    charBuf                                  0x2000003d   Data           4  usart_my.o(.data)
    pidAdjust                                0x20000044   Data           4  usart_my.o(.data)
    angle                                    0x20000048   Data           8  usart_my.o(.data)
    NUM                                      0x20000058   Data          40  filter.o(.data)
    DEN                                      0x20000080   Data          40  filter.o(.data)
    hcan1                                    0x200000a8   Data          40  can.o(.bss)
    htim1                                    0x200000d0   Data          60  tim.o(.bss)
    htim4                                    0x2000010c   Data          60  tim.o(.bss)
    htim6                                    0x20000148   Data          60  tim.o(.bss)
    htim12                                   0x20000184   Data          60  tim.o(.bss)
    huart4                                   0x200001c0   Data          64  usart.o(.bss)
    huart1                                   0x20000200   Data          64  usart.o(.bss)
    huart2                                   0x20000240   Data          64  usart.o(.bss)
    huart6                                   0x20000280   Data          64  usart.o(.bss)
    hdma_usart1_rx                           0x200002c0   Data          96  usart.o(.bss)
    Tx1Message                               0x20000320   Data          24  can_my.o(.bss)
    Rx1Message                               0x20000338   Data          28  can_my.o(.bss)
    teledata_rx                              0x20000354   Data          18  control.o(.bss)
    tele_data                                0x20000366   Data          22  control.o(.bss)
    cloud_pitch                              0x2000037c   Data          12  control.o(.bss)
    cloud_yaw                                0x20000388   Data          12  control.o(.bss)
    rammer_42                                0x20000394   Data          14  control.o(.bss)
    rammer_17                                0x200003a2   Data          14  control.o(.bss)
    rammer_42_ver                            0x200003b0   Data          14  control.o(.bss)
    camera                                   0x200003be   Data          10  control.o(.bss)
    rxPID                                    0x200003c8   Data          28  control.o(.bss)
    cloud_pitch_speed_pid                    0x200003e4   Data          64  pid.o(.bss)
    cloud_pitch_position_pid                 0x20000424   Data          64  pid.o(.bss)
    cloud_yaw_speed_pid                      0x20000464   Data          64  pid.o(.bss)
    cloud_yaw_position_pid                   0x200004a4   Data          64  pid.o(.bss)
    rammer_42_ver_pid                        0x200004e4   Data          64  pid.o(.bss)
    rammer_42_pid                            0x20000524   Data          64  pid.o(.bss)
    rammer_17_pid                            0x20000564   Data          64  pid.o(.bss)
    underpan_201_pid                         0x200005a4   Data          64  pid.o(.bss)
    underpan_202_pid                         0x200005e4   Data          64  pid.o(.bss)
    underpan_203_pid                         0x20000624   Data          64  pid.o(.bss)
    underpan_204_pid                         0x20000664   Data          64  pid.o(.bss)
    underpan_para                            0x200006a4   Data          32  pid.o(.bss)
    RX_PID_Buf                               0x200006c4   Data          20  usart_my.o(.bss)
    data                                     0x200006d8   Data          10  usart_my.o(.bss)
    mpu6050                                  0x200006e4   Data         124  mpu6050.o(.bss)
    MPUz50Hz                                 0x20000760   Data          96  filter.o(.bss)
    MPUy50Hz                                 0x200007c0   Data          96  filter.o(.bss)
    __initial_sp                             0x20000c20   Data           0  startup_stm32f427xx.o(STACK)



==============================================================================

Memory Map of the image

  Image Entry point : 0x080001ad

  Load Region LR_IROM1 (Base: 0x08000000, Size: 0x000051a0, Max: 0x00200000, ABSOLUTE)

    Execution Region ER_IROM1 (Exec base: 0x08000000, Load base: 0x08000000, Size: 0x000050f8, Max: 0x00200000, ABSOLUTE)

    Exec Addr    Load Addr    Size         Type   Attr      Idx    E Section Name        Object

    0x08000000   0x08000000   0x000001ac   Data   RO            3    RESET               startup_stm32f427xx.o
    0x080001ac   0x080001ac   0x00000000   Code   RO         3661  * .ARM.Collect$$$$00000000  mc_w.l(entry.o)
    0x080001ac   0x080001ac   0x00000004   Code   RO         3708    .ARM.Collect$$$$00000001  mc_w.l(entry2.o)
    0x080001b0   0x080001b0   0x00000004   Code   RO         3711    .ARM.Collect$$$$00000004  mc_w.l(entry5.o)
    0x080001b4   0x080001b4   0x00000000   Code   RO         3713    .ARM.Collect$$$$00000008  mc_w.l(entry7b.o)
    0x080001b4   0x080001b4   0x00000000   Code   RO         3715    .ARM.Collect$$$$0000000A  mc_w.l(entry8b.o)
    0x080001b4   0x080001b4   0x00000008   Code   RO         3716    .ARM.Collect$$$$0000000B  mc_w.l(entry9a.o)
    0x080001bc   0x080001bc   0x00000000   Code   RO         3718    .ARM.Collect$$$$0000000D  mc_w.l(entry10a.o)
    0x080001bc   0x080001bc   0x00000000   Code   RO         3720    .ARM.Collect$$$$0000000F  mc_w.l(entry11a.o)
    0x080001bc   0x080001bc   0x00000004   Code   RO         3709    .ARM.Collect$$$$00002712  mc_w.l(entry2.o)
    0x080001c0   0x080001c0   0x00000024   Code   RO            4    .text               startup_stm32f427xx.o
    0x080001e4   0x080001e4   0x00000062   Code   RO         3664    .text               mc_w.l(uldiv.o)
    0x08000246   0x08000246   0x0000014e   Code   RO         3666    .text               mf_w.l(dadd.o)
    0x08000394   0x08000394   0x000000e4   Code   RO         3668    .text               mf_w.l(dmul.o)
    0x08000478   0x08000478   0x000000de   Code   RO         3670    .text               mf_w.l(ddiv.o)
    0x08000556   0x08000556   0x00000022   Code   RO         3672    .text               mf_w.l(dflti.o)
    0x08000578   0x08000578   0x0000003e   Code   RO         3674    .text               mf_w.l(dfixi.o)
    0x080005b6   0x080005b6   0x00000026   Code   RO         3676    .text               mf_w.l(f2d.o)
    0x080005dc   0x080005dc   0x00000030   Code   RO         3678    .text               mf_w.l(cdcmple.o)
    0x0800060c   0x0800060c   0x00000030   Code   RO         3680    .text               mf_w.l(cdrcmple.o)
    0x0800063c   0x0800063c   0x00000038   Code   RO         3682    .text               mf_w.l(d2f.o)
    0x08000674   0x08000674   0x0000001e   Code   RO         3722    .text               mc_w.l(llshl.o)
    0x08000692   0x08000692   0x00000020   Code   RO         3724    .text               mc_w.l(llushr.o)
    0x080006b2   0x080006b2   0x00000024   Code   RO         3726    .text               mc_w.l(llsshr.o)
    0x080006d6   0x080006d6   0x00000000   Code   RO         3728    .text               mc_w.l(iusefp.o)
    0x080006d6   0x080006d6   0x0000006e   Code   RO         3729    .text               mf_w.l(fepilogue.o)
    0x08000744   0x08000744   0x000000ba   Code   RO         3731    .text               mf_w.l(depilogue.o)
    0x080007fe   0x080007fe   0x00000002   PAD
    0x08000800   0x08000800   0x00000024   Code   RO         3735    .text               mc_w.l(init.o)
    0x08000824   0x08000824   0x0000019c   Code   RO         3268    i.ALLPID_Init       pid.o
    0x080009c0   0x080009c0   0x00000002   Code   RO          409    i.BusFault_Handler  stm32f4xx_it.o
    0x080009c2   0x080009c2   0x00000002   PAD
    0x080009c4   0x080009c4   0x0000003c   Code   RO         3156    i.CAN1_Init         can_my.o
    0x08000a00   0x08000a00   0x00000030   Code   RO          410    i.CAN1_RX0_IRQHandler  stm32f4xx_it.o
    0x08000a30   0x08000a30   0x0000000c   Code   RO          411    i.CAN1_TX_IRQHandler  stm32f4xx_it.o
    0x08000a3c   0x08000a3c   0x000000e8   Code   RO         3157    i.CAN_Getdata       can_my.o
    0x08000b24   0x08000b24   0x000000f8   Code   RO         3625    i.Chebyshev50HzLPF  filter.o
    0x08000c1c   0x08000c1c   0x00000070   Code   RO         3269    i.Cloud_Position    pid.o
    0x08000c8c   0x08000c8c   0x0000005c   Code   RO         3270    i.Cloud_Speed       pid.o
    0x08000ce8   0x08000ce8   0x00000038   Code   RO         3158    i.Cloud_motor_output  can_my.o
    0x08000d20   0x08000d20   0x00000014   Code   RO          412    i.DMA2_Stream2_IRQHandler  stm32f4xx_it.o
    0x08000d34   0x08000d34   0x00000028   Code   RO         2502    i.DMA_CalcBaseAndBitshift  stm32f4xx_hal_dma.o
    0x08000d5c   0x08000d5c   0x00000054   Code   RO         2503    i.DMA_CheckFifoParam  stm32f4xx_hal_dma.o
    0x08000db0   0x08000db0   0x00000028   Code   RO         2504    i.DMA_SetConfig     stm32f4xx_hal_dma.o
    0x08000dd8   0x08000dd8   0x00000002   Code   RO          413    i.DebugMon_Handler  stm32f4xx_it.o
    0x08000dda   0x08000dda   0x00000028   Code   RO          562    i.HAL_CAN_ActivateNotification  stm32f4xx_hal_can.o
    0x08000e02   0x08000e02   0x000000c8   Code   RO          563    i.HAL_CAN_AddTxMessage  stm32f4xx_hal_can.o
    0x08000eca   0x08000eca   0x00000002   PAD
    0x08000ecc   0x08000ecc   0x0000010c   Code   RO          564    i.HAL_CAN_ConfigFilter  stm32f4xx_hal_can.o
    0x08000fd8   0x08000fd8   0x00000002   Code   RO          567    i.HAL_CAN_ErrorCallback  stm32f4xx_hal_can.o
    0x08000fda   0x08000fda   0x000000fa   Code   RO          570    i.HAL_CAN_GetRxMessage  stm32f4xx_hal_can.o
    0x080010d4   0x080010d4   0x000001fc   Code   RO          574    i.HAL_CAN_IRQHandler  stm32f4xx_hal_can.o
    0x080012d0   0x080012d0   0x0000011a   Code   RO          575    i.HAL_CAN_Init      stm32f4xx_hal_can.o
    0x080013ea   0x080013ea   0x00000002   PAD
    0x080013ec   0x080013ec   0x00000068   Code   RO          218    i.HAL_CAN_MspInit   can.o
    0x08001454   0x08001454   0x00000002   Code   RO          582    i.HAL_CAN_RxFifo0FullCallback  stm32f4xx_hal_can.o
    0x08001456   0x08001456   0x00000002   Code   RO          583    i.HAL_CAN_RxFifo0MsgPendingCallback  stm32f4xx_hal_can.o
    0x08001458   0x08001458   0x00000002   Code   RO          584    i.HAL_CAN_RxFifo1FullCallback  stm32f4xx_hal_can.o
    0x0800145a   0x0800145a   0x00000002   Code   RO          585    i.HAL_CAN_RxFifo1MsgPendingCallback  stm32f4xx_hal_can.o
    0x0800145c   0x0800145c   0x00000002   Code   RO          586    i.HAL_CAN_SleepCallback  stm32f4xx_hal_can.o
    0x0800145e   0x0800145e   0x00000002   PAD
    0x08001460   0x08001460   0x00000058   Code   RO          587    i.HAL_CAN_Start     stm32f4xx_hal_can.o
    0x080014b8   0x080014b8   0x00000002   Code   RO          589    i.HAL_CAN_TxMailbox0AbortCallback  stm32f4xx_hal_can.o
    0x080014ba   0x080014ba   0x00000002   Code   RO          590    i.HAL_CAN_TxMailbox0CompleteCallback  stm32f4xx_hal_can.o
    0x080014bc   0x080014bc   0x00000002   Code   RO          591    i.HAL_CAN_TxMailbox1AbortCallback  stm32f4xx_hal_can.o
    0x080014be   0x080014be   0x00000002   Code   RO          592    i.HAL_CAN_TxMailbox1CompleteCallback  stm32f4xx_hal_can.o
    0x080014c0   0x080014c0   0x00000002   Code   RO          593    i.HAL_CAN_TxMailbox2AbortCallback  stm32f4xx_hal_can.o
    0x080014c2   0x080014c2   0x00000002   Code   RO          594    i.HAL_CAN_TxMailbox2CompleteCallback  stm32f4xx_hal_can.o
    0x080014c4   0x080014c4   0x00000002   Code   RO          596    i.HAL_CAN_WakeUpFromRxMsgCallback  stm32f4xx_hal_can.o
    0x080014c6   0x080014c6   0x00000024   Code   RO         2506    i.HAL_DMA_Abort_IT  stm32f4xx_hal_dma.o
    0x080014ea   0x080014ea   0x00000002   PAD
    0x080014ec   0x080014ec   0x000001a0   Code   RO         2510    i.HAL_DMA_IRQHandler  stm32f4xx_hal_dma.o
    0x0800168c   0x0800168c   0x000000d4   Code   RO         2511    i.HAL_DMA_Init      stm32f4xx_hal_dma.o
    0x08001760   0x08001760   0x00000078   Code   RO         2515    i.HAL_DMA_Start_IT  stm32f4xx_hal_dma.o
    0x080017d8   0x080017d8   0x00000024   Code   RO         2942    i.HAL_Delay         stm32f4xx_hal.o
    0x080017fc   0x080017fc   0x000001cc   Code   RO         2398    i.HAL_GPIO_Init     stm32f4xx_hal_gpio.o
    0x080019c8   0x080019c8   0x0000000a   Code   RO         2402    i.HAL_GPIO_WritePin  stm32f4xx_hal_gpio.o
    0x080019d2   0x080019d2   0x00000002   PAD
    0x080019d4   0x080019d4   0x0000000c   Code   RO         2950    i.HAL_GetTick       stm32f4xx_hal.o
    0x080019e0   0x080019e0   0x00000010   Code   RO         2954    i.HAL_IncTick       stm32f4xx_hal.o
    0x080019f0   0x080019f0   0x00000034   Code   RO         2955    i.HAL_Init          stm32f4xx_hal.o
    0x08001a24   0x08001a24   0x00000040   Code   RO         2956    i.HAL_InitTick      stm32f4xx_hal.o
    0x08001a64   0x08001a64   0x00000084   Code   RO          537    i.HAL_MspInit       stm32f4xx_hal_msp.o
    0x08001ae8   0x08001ae8   0x0000008e   Code   RO         1672    i.HAL_MultiProcessor_Init  stm32f4xx_hal_uart.o
    0x08001b76   0x08001b76   0x00000016   Code   RO         2805    i.HAL_NVIC_EnableIRQ  stm32f4xx_hal_cortex.o
    0x08001b8c   0x08001b8c   0x00000040   Code   RO         2811    i.HAL_NVIC_SetPriority  stm32f4xx_hal_cortex.o
    0x08001bcc   0x08001bcc   0x00000024   Code   RO         2812    i.HAL_NVIC_SetPriorityGrouping  stm32f4xx_hal_cortex.o
    0x08001bf0   0x08001bf0   0x00000070   Code   RO         2734    i.HAL_PWREx_EnableOverDrive  stm32f4xx_hal_pwr_ex.o
    0x08001c60   0x08001c60   0x00000130   Code   RO         1992    i.HAL_RCC_ClockConfig  stm32f4xx_hal_rcc.o
    0x08001d90   0x08001d90   0x0000000c   Code   RO         1997    i.HAL_RCC_GetHCLKFreq  stm32f4xx_hal_rcc.o
    0x08001d9c   0x08001d9c   0x00000020   Code   RO         1999    i.HAL_RCC_GetPCLK1Freq  stm32f4xx_hal_rcc.o
    0x08001dbc   0x08001dbc   0x00000020   Code   RO         2000    i.HAL_RCC_GetPCLK2Freq  stm32f4xx_hal_rcc.o
    0x08001ddc   0x08001ddc   0x00000064   Code   RO         2001    i.HAL_RCC_GetSysClockFreq  stm32f4xx_hal_rcc.o
    0x08001e40   0x08001e40   0x0000031c   Code   RO         2004    i.HAL_RCC_OscConfig  stm32f4xx_hal_rcc.o
    0x0800215c   0x0800215c   0x00000018   Code   RO         2814    i.HAL_SYSTICK_CLKSourceConfig  stm32f4xx_hal_cortex.o
    0x08002174   0x08002174   0x00000002   Code   RO         2815    i.HAL_SYSTICK_Callback  stm32f4xx_hal_cortex.o
    0x08002176   0x08002176   0x00000028   Code   RO         2816    i.HAL_SYSTICK_Config  stm32f4xx_hal_cortex.o
    0x0800219e   0x0800219e   0x00000008   Code   RO         2817    i.HAL_SYSTICK_IRQHandler  stm32f4xx_hal_cortex.o
    0x080021a6   0x080021a6   0x00000002   Code   RO         1426    i.HAL_TIMEx_BreakCallback  stm32f4xx_hal_tim_ex.o
    0x080021a8   0x080021a8   0x00000002   Code   RO         1427    i.HAL_TIMEx_CommutationCallback  stm32f4xx_hal_tim_ex.o
    0x080021aa   0x080021aa   0x0000005a   Code   RO         1428    i.HAL_TIMEx_ConfigBreakDeadTime  stm32f4xx_hal_tim_ex.o
    0x08002204   0x08002204   0x00000050   Code   RO         1443    i.HAL_TIMEx_MasterConfigSynchronization  stm32f4xx_hal_tim_ex.o
    0x08002254   0x08002254   0x00000036   Code   RO          797    i.HAL_TIM_Base_Init  stm32f4xx_hal_tim.o
    0x0800228a   0x0800228a   0x00000002   PAD
    0x0800228c   0x0800228c   0x00000078   Code   RO          284    i.HAL_TIM_Base_MspInit  tim.o
    0x08002304   0x08002304   0x00000018   Code   RO          802    i.HAL_TIM_Base_Start_IT  stm32f4xx_hal_tim.o
    0x0800231c   0x0800231c   0x000000f2   Code   RO          806    i.HAL_TIM_ConfigClockSource  stm32f4xx_hal_tim.o
    0x0800240e   0x0800240e   0x00000002   Code   RO          826    i.HAL_TIM_IC_CaptureCallback  stm32f4xx_hal_tim.o
    0x08002410   0x08002410   0x00000166   Code   RO          839    i.HAL_TIM_IRQHandler  stm32f4xx_hal_tim.o
    0x08002576   0x08002576   0x00000002   PAD
    0x08002578   0x08002578   0x0000008c   Code   RO          285    i.HAL_TIM_MspPostInit  tim.o
    0x08002604   0x08002604   0x00000002   Code   RO          842    i.HAL_TIM_OC_DelayElapsedCallback  stm32f4xx_hal_tim.o
    0x08002606   0x08002606   0x000000d0   Code   RO          863    i.HAL_TIM_PWM_ConfigChannel  stm32f4xx_hal_tim.o
    0x080026d6   0x080026d6   0x00000036   Code   RO          866    i.HAL_TIM_PWM_Init  stm32f4xx_hal_tim.o
    0x0800270c   0x0800270c   0x00000002   Code   RO          868    i.HAL_TIM_PWM_MspInit  stm32f4xx_hal_tim.o
    0x0800270e   0x0800270e   0x00000002   Code   RO          869    i.HAL_TIM_PWM_PulseFinishedCallback  stm32f4xx_hal_tim.o
    0x08002710   0x08002710   0x00000038   Code   RO          870    i.HAL_TIM_PWM_Start  stm32f4xx_hal_tim.o
    0x08002748   0x08002748   0x00000002   Code   RO          876    i.HAL_TIM_PeriodElapsedCallback  stm32f4xx_hal_tim.o
    0x0800274a   0x0800274a   0x00000002   Code   RO          880    i.HAL_TIM_TriggerCallback  stm32f4xx_hal_tim.o
    0x0800274c   0x0800274c   0x00000020   Code   RO         3369    i.HAL_UART_ErrorCallback  usart_my.o
    0x0800276c   0x0800276c   0x0000000a   Code   RO         1688    i.HAL_UART_GetState  stm32f4xx_hal_uart.o
    0x08002776   0x08002776   0x00000002   PAD
    0x08002778   0x08002778   0x00000110   Code   RO         1689    i.HAL_UART_IRQHandler  stm32f4xx_hal_uart.o
    0x08002888   0x08002888   0x00000062   Code   RO         1690    i.HAL_UART_Init     stm32f4xx_hal_uart.o
    0x080028ea   0x080028ea   0x00000002   PAD
    0x080028ec   0x080028ec   0x00000180   Code   RO          350    i.HAL_UART_MspInit  usart.o
    0x08002a6c   0x08002a6c   0x00000098   Code   RO         1694    i.HAL_UART_Receive_DMA  stm32f4xx_hal_uart.o
    0x08002b04   0x08002b04   0x00000048   Code   RO         1695    i.HAL_UART_Receive_IT  stm32f4xx_hal_uart.o
    0x08002b4c   0x08002b4c   0x00000340   Code   RO         3370    i.HAL_UART_RxCpltCallback  usart_my.o
    0x08002e8c   0x08002e8c   0x00000002   Code   RO         1697    i.HAL_UART_RxHalfCpltCallback  stm32f4xx_hal_uart.o
    0x08002e8e   0x08002e8e   0x000000ba   Code   RO         1698    i.HAL_UART_Transmit  stm32f4xx_hal_uart.o
    0x08002f48   0x08002f48   0x00000002   Code   RO         1701    i.HAL_UART_TxCpltCallback  stm32f4xx_hal_uart.o
    0x08002f4a   0x08002f4a   0x00000002   Code   RO          414    i.HardFault_Handler  stm32f4xx_it.o
    0x08002f4c   0x08002f4c   0x00000040   Code   RO         3414    i.IIC_Ack           myiic.o
    0x08002f8c   0x08002f8c   0x00000014   Code   RO         3415    i.IIC_Init          myiic.o
    0x08002fa0   0x08002fa0   0x00000040   Code   RO         3416    i.IIC_NAck          myiic.o
    0x08002fe0   0x08002fe0   0x00000068   Code   RO         3417    i.IIC_Read_Byte     myiic.o
    0x08003048   0x08003048   0x00000060   Code   RO         3418    i.IIC_Send_Byte     myiic.o
    0x080030a8   0x080030a8   0x00000040   Code   RO         3419    i.IIC_Start         myiic.o
    0x080030e8   0x080030e8   0x00000044   Code   RO         3420    i.IIC_Stop          myiic.o
    0x0800312c   0x0800312c   0x00000054   Code   RO         3421    i.IIC_Wait_Ack      myiic.o
    0x08003180   0x08003180   0x00000010   Code   RO         3213    i.Judge_Getdata     control.o
    0x08003190   0x08003190   0x0000007c   Code   RO         3483    i.MPU6050_GetData   mpu6050.o
    0x0800320c   0x0800320c   0x0000007a   Code   RO         3485    i.MPU6050_Init      mpu6050.o
    0x08003286   0x08003286   0x00000032   Code   RO         3486    i.MPU_Get_Accelerometer  mpu6050.o
    0x080032b8   0x080032b8   0x00000032   Code   RO         3487    i.MPU_Get_Gyroscope  mpu6050.o
    0x080032ea   0x080032ea   0x0000003a   Code   RO         3489    i.MPU_Read_Byte     mpu6050.o
    0x08003324   0x08003324   0x0000006c   Code   RO         3490    i.MPU_Read_Len      mpu6050.o
    0x08003390   0x08003390   0x0000000a   Code   RO         3491    i.MPU_Set_Accel_Fsr  mpu6050.o
    0x0800339a   0x0800339a   0x0000000a   Code   RO         3492    i.MPU_Set_Gyro_Fsr  mpu6050.o
    0x080033a4   0x080033a4   0x00000036   Code   RO         3493    i.MPU_Set_LPF       mpu6050.o
    0x080033da   0x080033da   0x0000002e   Code   RO         3494    i.MPU_Set_Rate      mpu6050.o
    0x08003408   0x08003408   0x0000003c   Code   RO         3495    i.MPU_Write_Byte    mpu6050.o
    0x08003444   0x08003444   0x00000058   Code   RO          219    i.MX_CAN1_Init      can.o
    0x0800349c   0x0800349c   0x0000001c   Code   RO          259    i.MX_DMA_Init       dma.o
    0x080034b8   0x080034b8   0x000000e0   Code   RO          193    i.MX_GPIO_Init      gpio.o
    0x08003598   0x08003598   0x000000a8   Code   RO          286    i.MX_TIM12_Init     tim.o
    0x08003640   0x08003640   0x00000118   Code   RO          287    i.MX_TIM1_Init      tim.o
    0x08003758   0x08003758   0x000000ac   Code   RO          288    i.MX_TIM4_Init      tim.o
    0x08003804   0x08003804   0x00000058   Code   RO          289    i.MX_TIM6_Init      tim.o
    0x0800385c   0x0800385c   0x0000004c   Code   RO          351    i.MX_UART4_Init     usart.o
    0x080038a8   0x080038a8   0x00000050   Code   RO          352    i.MX_USART1_UART_Init  usart.o
    0x080038f8   0x080038f8   0x00000050   Code   RO          353    i.MX_USART2_UART_Init  usart.o
    0x08003948   0x08003948   0x00000050   Code   RO          354    i.MX_USART6_UART_Init  usart.o
    0x08003998   0x08003998   0x00000002   Code   RO          415    i.MemManage_Handler  stm32f4xx_it.o
    0x0800399a   0x0800399a   0x00000002   Code   RO          416    i.NMI_Handler       stm32f4xx_it.o
    0x0800399c   0x0800399c   0x00000020   Code   RO         2818    i.NVIC_SetPriority  stm32f4xx_hal_cortex.o
    0x080039bc   0x080039bc   0x000000de   Code   RO         3271    i.PID_Calc          pid.o
    0x08003a9a   0x08003a9a   0x00000002   PAD
    0x08003a9c   0x08003a9c   0x00000024   Code   RO         3272    i.PID_Init          pid.o
    0x08003ac0   0x08003ac0   0x00000002   Code   RO          417    i.PendSV_Handler    stm32f4xx_it.o
    0x08003ac2   0x08003ac2   0x00000002   PAD
    0x08003ac4   0x08003ac4   0x00000044   Code   RO         3159    i.Rammer_motor_output  can_my.o
    0x08003b08   0x08003b08   0x000000c8   Code   RO         3273    i.Rammer_pid        pid.o
    0x08003bd0   0x08003bd0   0x00000002   Code   RO          418    i.SVC_Handler       stm32f4xx_it.o
    0x08003bd2   0x08003bd2   0x0000000e   Code   RO          419    i.SysTick_Handler   stm32f4xx_it.o
    0x08003be0   0x08003be0   0x000000a8   Code   RO           13    i.SystemClock_Config  main.o
    0x08003c88   0x08003c88   0x00000054   Code   RO         3119    i.SystemInit        system_stm32f4xx.o
    0x08003cdc   0x08003cdc   0x00000014   Code   RO          420    i.TIM6_DAC_IRQHandler  stm32f4xx_it.o
    0x08003cf0   0x08003cf0   0x000000c0   Code   RO          881    i.TIM_Base_SetConfig  stm32f4xx_hal_tim.o
    0x08003db0   0x08003db0   0x00000016   Code   RO          882    i.TIM_CCxChannelCmd  stm32f4xx_hal_tim.o
    0x08003dc6   0x08003dc6   0x00000014   Code   RO          888    i.TIM_ETR_SetConfig  stm32f4xx_hal_tim.o
    0x08003dda   0x08003dda   0x00000010   Code   RO          889    i.TIM_ITRx_SetConfig  stm32f4xx_hal_tim.o
    0x08003dea   0x08003dea   0x00000002   PAD
    0x08003dec   0x08003dec   0x00000058   Code   RO          890    i.TIM_OC1_SetConfig  stm32f4xx_hal_tim.o
    0x08003e44   0x08003e44   0x00000064   Code   RO          891    i.TIM_OC2_SetConfig  stm32f4xx_hal_tim.o
    0x08003ea8   0x08003ea8   0x00000060   Code   RO          892    i.TIM_OC3_SetConfig  stm32f4xx_hal_tim.o
    0x08003f08   0x08003f08   0x00000050   Code   RO          893    i.TIM_OC4_SetConfig  stm32f4xx_hal_tim.o
    0x08003f58   0x08003f58   0x00000022   Code   RO          895    i.TIM_TI1_ConfigInputStage  stm32f4xx_hal_tim.o
    0x08003f7a   0x08003f7a   0x00000024   Code   RO          897    i.TIM_TI2_ConfigInputStage  stm32f4xx_hal_tim.o
    0x08003f9e   0x08003f9e   0x00000002   PAD
    0x08003fa0   0x08003fa0   0x00000140   Code   RO         3342    i.Timer_interrupt   timer.o
    0x080040e0   0x080040e0   0x00000048   Code   RO          421    i.UART4_IRQHandler  stm32f4xx_it.o
    0x08004128   0x08004128   0x00000010   Code   RO         1703    i.UART_DMAAbortOnError  stm32f4xx_hal_uart.o
    0x08004138   0x08004138   0x0000004a   Code   RO         1704    i.UART_DMAError     stm32f4xx_hal_uart.o
    0x08004182   0x08004182   0x0000003c   Code   RO         1705    i.UART_DMAReceiveCplt  stm32f4xx_hal_uart.o
    0x080041be   0x080041be   0x0000000a   Code   RO         1707    i.UART_DMARxHalfCplt  stm32f4xx_hal_uart.o
    0x080041c8   0x080041c8   0x0000001c   Code   RO         1713    i.UART_EndRxTransfer  stm32f4xx_hal_uart.o
    0x080041e4   0x080041e4   0x00000012   Code   RO         1714    i.UART_EndTxTransfer  stm32f4xx_hal_uart.o
    0x080041f6   0x080041f6   0x0000008c   Code   RO         1715    i.UART_Receive_IT   stm32f4xx_hal_uart.o
    0x08004282   0x08004282   0x00000002   PAD
    0x08004284   0x08004284   0x000002ac   Code   RO         1716    i.UART_SetConfig    stm32f4xx_hal_uart.o
    0x08004530   0x08004530   0x00000062   Code   RO         1717    i.UART_Transmit_IT  stm32f4xx_hal_uart.o
    0x08004592   0x08004592   0x00000064   Code   RO         1718    i.UART_WaitOnFlagUntilTimeout  stm32f4xx_hal_uart.o
    0x080045f6   0x080045f6   0x00000002   PAD
    0x080045f8   0x080045f8   0x00000048   Code   RO          422    i.USART2_IRQHandler  stm32f4xx_it.o
    0x08004640   0x08004640   0x0000004c   Code   RO          423    i.USART6_IRQHandler  stm32f4xx_it.o
    0x0800468c   0x0800468c   0x00000048   Code   RO         3160    i.Underpan_motor_output  can_my.o
    0x080046d4   0x080046d4   0x0000016c   Code   RO         3274    i.Underpan_pid      pid.o
    0x08004840   0x08004840   0x00000002   Code   RO          424    i.UsageFault_Handler  stm32f4xx_it.o
    0x08004842   0x08004842   0x00000002   Code   RO           14    i._Error_Handler    main.o
    0x08004844   0x08004844   0x00000030   Code   RO         3704    i.__ARM_fpclassify  m_wm.l(fpclassify.o)
    0x08004874   0x08004874   0x00000004   PAD
    0x08004878   0x08004878   0x000002d8   Code   RO         3647    i.__hardfp_atan     m_wm.l(atan.o)
    0x08004b50   0x08004b50   0x000000f8   Code   RO         3706    i.__kernel_poly     m_wm.l(poly.o)
    0x08004c48   0x08004c48   0x00000014   Code   RO         3685    i.__mathlib_dbl_infnan  m_wm.l(dunder.o)
    0x08004c5c   0x08004c5c   0x00000004   PAD
    0x08004c60   0x08004c60   0x00000020   Code   RO         3690    i.__mathlib_dbl_underflow  m_wm.l(dunder.o)
    0x08004c80   0x08004c80   0x0000000e   Code   RO         3739    i.__scatterload_copy  mc_w.l(handlers.o)
    0x08004c8e   0x08004c8e   0x00000002   Code   RO         3740    i.__scatterload_null  mc_w.l(handlers.o)
    0x08004c90   0x08004c90   0x0000000e   Code   RO         3741    i.__scatterload_zeroinit  mc_w.l(handlers.o)
    0x08004c9e   0x08004c9e   0x00000002   PAD
    0x08004ca0   0x08004ca0   0x00000034   Code   RO         3592    i.delay_us          delay.o
    0x08004cd4   0x08004cd4   0x00000018   Code   RO         3700    i.fabs              m_wm.l(fabs.o)
    0x08004cec   0x08004cec   0x000001cc   Code   RO           15    i.main              main.o
    0x08004eb8   0x08004eb8   0x0000001c   Code   RO         3214    i.para_init         control.o
    0x08004ed4   0x08004ed4   0x00000048   Code   RO         3371    i.sendware          usart_my.o
    0x08004f1c   0x08004f1c   0x00000100   Code   RO         3215    i.telecontroller_data  control.o
    0x0800501c   0x0800501c   0x00000008   Data   RO         2517    .constdata          stm32f4xx_hal_dma.o
    0x08005024   0x08005024   0x00000010   Data   RO         3120    .constdata          system_stm32f4xx.o
    0x08005034   0x08005034   0x00000008   Data   RO         3121    .constdata          system_stm32f4xx.o
    0x0800503c   0x0800503c   0x00000004   PAD
    0x08005040   0x08005040   0x00000098   Data   RO         3650    .constdata          m_wm.l(atan.o)
    0x080050d8   0x080050d8   0x00000020   Data   RO         3737    Region$$Table       anon$$obj.o


    Execution Region RW_IRAM1 (Exec base: 0x20000000, Load base: 0x080050f8, Size: 0x00000c20, Max: 0x00030000, ABSOLUTE)

    Exec Addr    Load Addr    Size         Type   Attr      Idx    E Section Name        Object

    0x20000000   0x080050f8   0x0000000c   Data   RW          425    .data               stm32f4xx_it.o
    0x2000000c   0x08005104   0x0000000c   Data   RW         2962    .data               stm32f4xx_hal.o
    0x20000018   0x08005110   0x00000004   Data   RW         3122    .data               system_stm32f4xx.o
    0x2000001c   0x08005114   0x0000000c   Data   RW         3163    .data               can_my.o
    0x20000028   0x08005120   0x00000008   Data   RW         3225    .data               control.o
    0x20000030   0x08005128   0x00000002   Data   RW         3343    .data               timer.o
    0x20000032   0x0800512a   0x00000006   PAD
    0x20000038   0x08005130   0x00000018   Data   RW         3373    .data               usart_my.o
    0x20000050   0x08005148   0x00000001   Data   RW         3593    .data               delay.o
    0x20000051   0x08005149   0x00000007   PAD
    0x20000058   0x08005150   0x00000050   Data   RW         3630    .data               filter.o
    0x200000a8        -       0x00000028   Zero   RW          220    .bss                can.o
    0x200000d0        -       0x000000f0   Zero   RW          290    .bss                tim.o
    0x200001c0        -       0x00000160   Zero   RW          355    .bss                usart.o
    0x20000320        -       0x00000018   Zero   RW         3161    .bss                can_my.o
    0x20000338        -       0x0000001c   Zero   RW         3162    .bss                can_my.o
    0x20000354        -       0x00000028   Zero   RW         3216    .bss                control.o
    0x2000037c        -       0x0000000c   Zero   RW         3218    .bss                control.o
    0x20000388        -       0x0000000c   Zero   RW         3219    .bss                control.o
    0x20000394        -       0x0000000e   Zero   RW         3220    .bss                control.o
    0x200003a2        -       0x0000000e   Zero   RW         3221    .bss                control.o
    0x200003b0        -       0x0000000e   Zero   RW         3222    .bss                control.o
    0x200003be        -       0x0000000a   Zero   RW         3223    .bss                control.o
    0x200003c8        -       0x0000001c   Zero   RW         3224    .bss                control.o
    0x200003e4        -       0x000002e0   Zero   RW         3275    .bss                pid.o
    0x200006c4        -       0x0000001e   Zero   RW         3372    .bss                usart_my.o
    0x200006e2   0x080051a0   0x00000002   PAD
    0x200006e4        -       0x0000007c   Zero   RW         3497    .bss                mpu6050.o
    0x20000760        -       0x00000060   Zero   RW         3626    .bss                filter.o
    0x200007c0        -       0x00000060   Zero   RW         3627    .bss                filter.o
    0x20000820        -       0x00000400   Zero   RW            1    STACK               startup_stm32f427xx.o


==============================================================================

Image component sizes


      Code (inc. data)   RO Data    RW Data    ZI Data      Debug   Object Name

       192         36          0          0         40       1561   can.o
       488         80          0         12         52       3751   can_my.o
       300         50          0          8        144       3978   control.o
        52          4          0          1          0        807   delay.o
        28          6          0          0          0        702   dma.o
       248         22          0         80        192       1686   filter.o
       224         16          0          0          0       1007   gpio.o
       630         80          0          0          0     741887   main.o
       692         10          0          0        124       9701   mpu6050.o
       564         68          0          0          0       4314   myiic.o
      1438        152          0          0        736       7731   pid.o
        36          8        428          0       1024        820   startup_stm32f427xx.o
       180         28          0         12          0       4477   stm32f4xx_hal.o
      1662          6          0          0          0      14251   stm32f4xx_hal_can.o
       228         14          0          0          0      32005   stm32f4xx_hal_cortex.o
       948         16          8          0          0       6354   stm32f4xx_hal_dma.o
       470         52          0          0          0       2392   stm32f4xx_hal_gpio.o
       132          6          0          0          0        878   stm32f4xx_hal_msp.o
       112         14          0          0          0       1256   stm32f4xx_hal_pwr_ex.o
      1276         86          0          0          0       5520   stm32f4xx_hal_rcc.o
      1692         88          0          0          0      16488   stm32f4xx_hal_tim.o
       174          0          0          0          0       3158   stm32f4xx_hal_tim_ex.o
      2164         28          0          0          0      14221   stm32f4xx_hal_uart.o
       350         72          0         12          0       8144   stm32f4xx_it.o
        84         18         24          4          0       1111   system_stm32f4xx.o
       968        152          0          0        240       4377   tim.o
       320         60          0          2          0        748   timer.o
       700        162          0          0        352       3622   usart.o
       936        116          0         24         30       3616   usart_my.o

    ----------------------------------------------------------------------
     17320       1450        496        168       2936     900563   Object Totals
         0          0         32          0          0          0   (incl. Generated)
        32          0          4         13          2          0   (incl. Padding)

    ----------------------------------------------------------------------

      Code (inc. data)   RO Data    RW Data    ZI Data      Debug   Library Member Name

       728        106        152          0          0        228   atan.o
        52          8          0          0          0        248   dunder.o
        24          0          0          0          0        124   fabs.o
        48          0          0          0          0        124   fpclassify.o
       248          0          0          0          0        152   poly.o
         0          0          0          0          0          0   entry.o
         0          0          0          0          0          0   entry10a.o
         0          0          0          0          0          0   entry11a.o
         8          4          0          0          0          0   entry2.o
         4          0          0          0          0          0   entry5.o
         0          0          0          0          0          0   entry7b.o
         0          0          0          0          0          0   entry8b.o
         8          4          0          0          0          0   entry9a.o
        30          0          0          0          0          0   handlers.o
        36          8          0          0          0         68   init.o
         0          0          0          0          0          0   iusefp.o
        30          0          0          0          0         68   llshl.o
        36          0          0          0          0         68   llsshr.o
        32          0          0          0          0         68   llushr.o
        98          0          0          0          0         92   uldiv.o
        48          0          0          0          0         68   cdcmple.o
        48          0          0          0          0         68   cdrcmple.o
        56          0          0          0          0         88   d2f.o
       334          0          0          0          0        148   dadd.o
       222          0          0          0          0        100   ddiv.o
       186          0          0          0          0        176   depilogue.o
        62          0          0          0          0         80   dfixi.o
        34          0          0          0          0         76   dflti.o
       228          0          0          0          0         96   dmul.o
        38          0          0          0          0         68   f2d.o
       110          0          0          0          0        168   fepilogue.o

    ----------------------------------------------------------------------
      2760        130        152          0          0       2376   Library Totals
        12          0          0          0          0          0   (incl. Padding)

    ----------------------------------------------------------------------

      Code (inc. data)   RO Data    RW Data    ZI Data      Debug   Library Name

      1100        114        152          0          0        876   m_wm.l
       282         16          0          0          0        364   mc_w.l
      1366          0          0          0          0       1136   mf_w.l

    ----------------------------------------------------------------------
      2760        130        152          0          0       2376   Library Totals

    ----------------------------------------------------------------------

==============================================================================


      Code (inc. data)   RO Data    RW Data    ZI Data      Debug   

     20080       1580        648        168       2936     885967   Grand Totals
     20080       1580        648        168       2936     885967   ELF Image Totals
     20080       1580        648        168          0          0   ROM Totals

==============================================================================

    Total RO  Size (Code + RO Data)                20728 (  20.24kB)
    Total RW  Size (RW Data + ZI Data)              3104 (   3.03kB)
    Total ROM Size (Code + RO Data + RW Data)      20896 (  20.41kB)

==============================================================================

